<html>
<body>
<pre>
<h1>礦ision Build Log</h1>
<h2>Tool Versions:</h2>
IDE-Version: μVision V5.42.0.0
Copyright (C) 2025 ARM Ltd and ARM Germany GmbH. All rights reserved.
License Information: df d, s, LIC=YA39H-WSW9I-QDCKD-80XNC-19VM0-KDGNQ
 
Tool Versions:
Toolchain:       MDK-ARM Plus  Version: 5.42.0.0
Toolchain Path:  D:\software\mdk\ARM\ARMAC5\Bin
C Compiler:      Armcc.exe V5.06 update 7 (build 960)
Assembler:       Armasm.exe V5.06 update 7 (build 960)
Linker/Locator:  ArmLink.exe V5.06 update 7 (build 960)
Library Manager: ArmAr.exe V5.06 update 7 (build 960)
Hex Converter:   FromElf.exe V5.06 update 7 (build 960)
CPU DLL:         SARMCM3.DLL V5.42.0.0
Dialog DLL:      DCM.DLL V1.17.5.0
Target DLL:      CMSIS_AGDI.dll V1.33.22.0
Dialog DLL:      TCM.DLL V1.56.6.0
 
<h2>Project:</h2>
D:\admin\桌面\projiect\notch-filter\example\deck_L_gw\deck_L_gw\MDK-ARM\BJC_2.uvprojx
Project File Date:  06/03/2025

<h2>Output:</h2>
*** Using Compiler 'V5.06 update 7 (build 960)', folder: 'D:\software\mdk\ARM\ARMAC5\Bin'
Rebuild target 'BJC_2'
assembling startup_stm32h750xx.s...
compiling dma.c...
compiling spi.c...
compiling gpio.c...
compiling stm32h7xx_it.c...
compiling sdmmc.c...
compiling adc.c...
compiling mdma.c...
compiling usart.c...
compiling main.c...
compiling stm32h7xx_hal_msp.c...
compiling tim.c...
compiling bsp_driver_sd.c...
compiling sd_diskio.c...
compiling fatfs.c...
compiling fatfs_platform.c...
compiling stm32h7xx_hal_rcc.c...
compiling stm32h7xx_hal_gpio.c...
compiling stm32h7xx_hal_flash.c...
compiling stm32h7xx_hal_flash_ex.c...
compiling stm32h7xx_hal_rcc_ex.c...
compiling stm32h7xx_hal_adc_ex.c...
compiling stm32h7xx_hal_adc.c...
compiling stm32h7xx_hal_hsem.c...
compiling stm32h7xx_hal_dma_ex.c...
compiling stm32h7xx_hal_pwr.c...
compiling stm32h7xx_hal_mdma.c...
compiling stm32h7xx_hal_pwr_ex.c...
compiling stm32h7xx_hal_cortex.c...
compiling stm32h7xx_hal_i2c_ex.c...
compiling stm32h7xx_hal.c...
compiling stm32h7xx_hal_exti.c...
compiling stm32h7xx_hal_dma.c...
compiling stm32h7xx_hal_i2c.c...
compiling stm32h7xx_ll_delayblock.c...
compiling stm32h7xx_hal_spi_ex.c...
compiling stm32h7xx_hal_sd_ex.c...
compiling stm32h7xx_ll_sdmmc.c...
compiling stm32h7xx_hal_tim_ex.c...
compiling stm32h7xx_hal_uart_ex.c...
compiling stm32h7xx_hal_sd.c...
compiling stm32h7xx_hal_spi.c...
compiling stm32h7xx_hal_tim.c...
compiling stm32h7xx_hal_uart.c...
compiling system_stm32h7xx.c...
compiling diskio.c...
compiling syscall.c...
compiling ff_gen_drv.c...
compiling ccsbcs.c...
compiling APP_Work.c...
..\Drivers\USER\APP\APP_Work.c(86): warning:  #1035-D: single-precision operand implicitly converted to double-precision
  		return Battery_Voltage*2.72;  // 2.72= 9/3.3  ，转换成电池电压
..\Drivers\USER\APP\APP_Work.c: 1 warning, 0 errors
compiling SDTest.c...
compiling max3221.c...
compiling ad7767.c...
..\user\ad7767.c(108): warning:  #167-D: argument of type "int32_t *" is incompatible with parameter of type "float *"
  				process_buffer_and_sum(AD7767_Ping,BUFF_SIZE);
..\user\ad7767.c(115): warning:  #167-D: argument of type "int32_t *" is incompatible with parameter of type "float *"
  				process_buffer_and_sum(AD7767_Ping,BUFF_SIZE);
..\user\ad7767.c: 2 warnings, 0 errors
compiling ds1302.c...
compiling ff.c...
compiling bsp_lcd12864.c...
compiling UI.c...
..\user\UI.c(37): warning:  #1035-D: single-precision operand implicitly converted to double-precision
  	if(Battery_remain>21.6)
..\user\UI.c(39): warning:  #1035-D: single-precision operand implicitly converted to double-precision
  			Battery_remain=Battery_remain-21.6;
..\user\UI.c(40): warning:  #1035-D: single-precision operand implicitly converted to double-precision
  			Battery_remain=Battery_remain/3.1;
..\user\UI.c(41): warning:  #1035-D: single-precision operand implicitly converted to double-precision
  			Battery_remain=Battery_remain*92.5+7.5;
..\user\UI.c(49): warning:  #1035-D: single-precision operand implicitly converted to double-precision
  			Battery_remain=Battery_remain-18.4;
..\user\UI.c(50): warning:  #1035-D: single-precision operand implicitly converted to double-precision
  			Battery_remain=Battery_remain/3.2;
..\user\UI.c(51): warning:  #1035-D: single-precision operand implicitly converted to double-precision
  			Battery_remain=Battery_remain*7.5;
..\user\UI.c: 7 warnings, 0 errors
compiling Key.c...
..\user\Key.c(122): warning:  #111-D: statement is unreachable
  				case 0x01: KeyValue = 0x0c; goto over;break;				// 0000 0001   
..\user\Key.c(123): warning:  #111-D: statement is unreachable
  				case 0x02: KeyValue = 0x0d; goto over;break;				// 0000 0010
..\user\Key.c(124): warning:  #111-D: statement is unreachable
  				case 0x04: KeyValue = 0x0e; goto over;break;				// 0000 0100
..\user\Key.c(125): warning:  #111-D: statement is unreachable
  				case 0x08: KeyValue = 0x0f; goto over;break;				// 0000 1000
..\user\Key.c(126): warning:  #111-D: statement is unreachable
  				case 0x10: KeyValue = 0x10; goto over;break;				// 0001 0000
..\user\Key.c(136): warning:  #111-D: statement is unreachable
  				case 0x01: KeyValue = 0x08; goto over;break;				// 0000 0001 
..\user\Key.c(137): warning:  #111-D: statement is unreachable
  				case 0x02: KeyValue = 0x09; goto over;break;				// 0000 0010
..\user\Key.c(138): warning:  #111-D: statement is unreachable
  				case 0x04: KeyValue = 0x0a; goto over;break;				// 0000 0100
..\user\Key.c(139): warning:  #111-D: statement is unreachable
  				case 0x08: KeyValue = 0x0b; goto over;break;				// 0000 1000
..\user\Key.c(140): warning:  #111-D: statement is unreachable
  				case 0x10: KeyValue = 0x20; goto over;break;				// 0001 0000
..\user\Key.c(150): warning:  #111-D: statement is unreachable
  				case 0x01: KeyValue = 0x04; goto over;break;				// 0000 0001 
..\user\Key.c(151): warning:  #111-D: statement is unreachable
  				case 0x02: KeyValue = 0x05; goto over;break;				// 0000 0010
..\user\Key.c(152): warning:  #111-D: statement is unreachable
  				case 0x04: KeyValue = 0x06; goto over;break;				// 0000 0100
..\user\Key.c(153): warning:  #111-D: statement is unreachable
  				case 0x08: KeyValue = 0x07; goto over;break;				// 0000 1000
..\user\Key.c(154): warning:  #111-D: statement is unreachable
  				case 0x10: KeyValue = 0x40; goto over;break;				// 0001 0000
..\user\Key.c(164): warning:  #111-D: statement is unreachable
  				case 0x01: KeyValue = 0x00; goto over;break;				// 0000 0001 
..\user\Key.c(165): warning:  #111-D: statement is unreachable
  				case 0x02: KeyValue = 0x01; goto over;break;				// 0000 0010
..\user\Key.c(166): warning:  #111-D: statement is unreachable
  				case 0x04: KeyValue = 0x02; goto over;break;				
..\user\Key.c(167): warning:  #111-D: statement is unreachable
  				case 0x08: KeyValue = 0x03; goto over;break;			
..\user\Key.c: 19 warnings, 0 errors
compiling cmd.c...
..\user\cmd.c(596): warning:  #69-D: integer conversion resulted in truncation
  	time_mode = 2000;
..\user\cmd.c(623): warning:  #69-D: integer conversion resulted in truncation
  					time_mode = 1000;
..\user\cmd.c(898): warning:  #1035-D: single-precision operand implicitly converted to double-precision
  					posture_temp = recorded_time/0.05; // 转成角度
..\user\cmd.c(83): warning:  #177-D: variable "Single_Freq_Data2"  was declared but never referenced
  const static TIM_FREQUENCE Single_Freq_Data2[5] = {
..\user\cmd.c: 4 warnings, 0 errors
compiling process.c...
compiling chirp.c...
compiling demodu.c...
..\user\demodu.c(79): warning:  #1035-D: single-precision operand implicitly converted to double-precision
      filter->uc += LEARNING_RATE * e * xc;
..\user\demodu.c(80): warning:  #1035-D: single-precision operand implicitly converted to double-precision
      filter->us += LEARNING_RATE * e * xs;
..\user\demodu.c(90): warning:  #1035-D: single-precision operand implicitly converted to double-precision
              if (fv >= THRESHOLD) {
..\user\demodu.c(99): warning:  #1035-D: single-precision operand implicitly converted to double-precision
              if (fv < THRESHOLD) {
..\user\demodu.c: 4 warnings, 0 errors
linking...
Program Size: Code=61906 RO-data=6870 RW-data=788 ZI-data=20220  
FromELF: creating hex file...
"BJC_2\BJC_2.axf" - 0 Error(s), 37 Warning(s).

<h2>Software Packages used:</h2>

Package Vendor: ARM
                https://www.keil.com/pack/ARM.CMSIS.6.1.0.pack
                ARM::CMSIS@6.1.0
                CMSIS (Common Microcontroller Software Interface Standard)
   * Component: CORE Version: 6.1.0

Package Vendor: Keil
                https://www.keil.com/pack/Keil.STM32H7xx_DFP.4.0.0.pack
                Keil::STM32H7xx_DFP@4.0.0
                STMicroelectronics STM32H7 Series Device Support

<h2>Collection of Component include folders:</h2>
  ./RTE/_BJC_2
  D:/software/mdk/packs/ARM/CMSIS/6.1.0/CMSIS/Core/Include

<h2>Collection of Component Files used:</h2>

   * Component: ARM::CMSIS:CORE@6.1.0
      Include file:  CMSIS/Core/Include/tz_context.h
Build Time Elapsed:  00:00:04
</pre>
</body>
</html>
