Component: ARM Compiler 5.06 update 6 (build 750) Tool: armlink [4d35ed]

==============================================================================

Section Cross References

    startup_stm32h750xx.o(RESET) refers to startup_stm32h750xx.o(STACK) for __initial_sp
    startup_stm32h750xx.o(RESET) refers to startup_stm32h750xx.o(.text) for Reset_Handler
    startup_stm32h750xx.o(RESET) refers to stm32h7xx_it.o(i.NMI_Handler) for NMI_Handler
    startup_stm32h750xx.o(RESET) refers to stm32h7xx_it.o(i.HardFault_Handler) for HardFault_Handler
    startup_stm32h750xx.o(RESET) refers to stm32h7xx_it.o(i.MemManage_Handler) for MemManage_Handler
    startup_stm32h750xx.o(RESET) refers to stm32h7xx_it.o(i.BusFault_Handler) for BusFault_Handler
    startup_stm32h750xx.o(RESET) refers to stm32h7xx_it.o(i.UsageFault_Handler) for UsageFault_Handler
    startup_stm32h750xx.o(RESET) refers to stm32h7xx_it.o(i.SVC_Handler) for SVC_Handler
    startup_stm32h750xx.o(RESET) refers to stm32h7xx_it.o(i.DebugMon_Handler) for DebugMon_Handler
    startup_stm32h750xx.o(RESET) refers to stm32h7xx_it.o(i.PendSV_Handler) for PendSV_Handler
    startup_stm32h750xx.o(RESET) refers to stm32h7xx_it.o(i.SysTick_Handler) for SysTick_Handler
    startup_stm32h750xx.o(RESET) refers to stm32h7xx_it.o(i.DMA1_Stream0_IRQHandler) for DMA1_Stream0_IRQHandler
    startup_stm32h750xx.o(RESET) refers to stm32h7xx_it.o(i.EXTI9_5_IRQHandler) for EXTI9_5_IRQHandler
    startup_stm32h750xx.o(RESET) refers to stm32h7xx_it.o(i.SPI1_IRQHandler) for SPI1_IRQHandler
    startup_stm32h750xx.o(RESET) refers to stm32h7xx_it.o(i.TIM8_UP_TIM13_IRQHandler) for TIM8_UP_TIM13_IRQHandler
    startup_stm32h750xx.o(RESET) refers to stm32h7xx_it.o(i.SDMMC1_IRQHandler) for SDMMC1_IRQHandler
    startup_stm32h750xx.o(RESET) refers to stm32h7xx_it.o(i.TIM7_IRQHandler) for TIM7_IRQHandler
    startup_stm32h750xx.o(RESET) refers to stm32h7xx_it.o(i.TIM17_IRQHandler) for TIM17_IRQHandler
    startup_stm32h750xx.o(.text) refers to system_stm32h7xx.o(i.SystemInit) for SystemInit
    startup_stm32h750xx.o(.text) refers to entry.o(.ARM.Collect$$$$00000000) for __main
    main.o(i.MPU_Config) refers to stm32h7xx_hal_cortex.o(i.HAL_MPU_Disable) for HAL_MPU_Disable
    main.o(i.MPU_Config) refers to stm32h7xx_hal_cortex.o(i.HAL_MPU_ConfigRegion) for HAL_MPU_ConfigRegion
    main.o(i.MPU_Config) refers to stm32h7xx_hal_cortex.o(i.HAL_MPU_Enable) for HAL_MPU_Enable
    main.o(i.PeriphCommonClock_Config) refers to memseta.o(.text) for __aeabi_memclr4
    main.o(i.PeriphCommonClock_Config) refers to stm32h7xx_hal_rcc_ex.o(i.HAL_RCCEx_PeriphCLKConfig) for HAL_RCCEx_PeriphCLKConfig
    main.o(i.PeriphCommonClock_Config) refers to main.o(i.Error_Handler) for Error_Handler
    main.o(i.SystemClock_Config) refers to memseta.o(.text) for __aeabi_memclr4
    main.o(i.SystemClock_Config) refers to stm32h7xx_hal_pwr_ex.o(i.HAL_PWREx_ConfigSupply) for HAL_PWREx_ConfigSupply
    main.o(i.SystemClock_Config) refers to stm32h7xx_hal_rcc.o(i.HAL_RCC_OscConfig) for HAL_RCC_OscConfig
    main.o(i.SystemClock_Config) refers to main.o(i.Error_Handler) for Error_Handler
    main.o(i.SystemClock_Config) refers to stm32h7xx_hal_rcc.o(i.HAL_RCC_ClockConfig) for HAL_RCC_ClockConfig
    main.o(i.main) refers to main.o(i.MPU_Config) for MPU_Config
    main.o(i.main) refers to stm32h7xx_hal.o(i.HAL_Init) for HAL_Init
    main.o(i.main) refers to main.o(i.SystemClock_Config) for SystemClock_Config
    main.o(i.main) refers to main.o(i.PeriphCommonClock_Config) for PeriphCommonClock_Config
    main.o(i.main) refers to gpio.o(i.MX_GPIO_Init) for MX_GPIO_Init
    main.o(i.main) refers to stm32h7xx_hal_cortex.o(i.HAL_NVIC_DisableIRQ) for HAL_NVIC_DisableIRQ
    main.o(i.main) refers to usart.o(i.MX_USART1_UART_Init) for MX_USART1_UART_Init
    main.o(i.main) refers to stm32h7xx_hal_gpio.o(i.HAL_GPIO_WritePin) for HAL_GPIO_WritePin
    main.o(i.main) refers to stm32h7xx_hal.o(i.HAL_Delay) for HAL_Delay
    main.o(i.main) refers to dma.o(i.MX_DMA_Init) for MX_DMA_Init
    main.o(i.main) refers to mdma.o(i.MX_MDMA_Init) for MX_MDMA_Init
    main.o(i.main) refers to sdmmc.o(i.MX_SDMMC1_SD_Init) for MX_SDMMC1_SD_Init
    main.o(i.main) refers to tim.o(i.MX_TIM6_Init) for MX_TIM6_Init
    main.o(i.main) refers to adc.o(i.MX_ADC3_Init) for MX_ADC3_Init
    main.o(i.main) refers to spi.o(i.MX_SPI1_Init) for MX_SPI1_Init
    main.o(i.main) refers to fatfs.o(i.MX_FATFS_Init) for MX_FATFS_Init
    main.o(i.main) refers to tim.o(i.MX_TIM12_Init) for MX_TIM12_Init
    main.o(i.main) refers to tim.o(i.MX_TIM7_Init) for MX_TIM7_Init
    main.o(i.main) refers to tim.o(i.MX_TIM3_Init) for MX_TIM3_Init
    main.o(i.main) refers to tim.o(i.MX_TIM13_Init) for MX_TIM13_Init
    main.o(i.main) refers to printfa.o(i.__0printf) for __2printf
    main.o(i.main) refers to app_work.o(i.APP_Init) for APP_Init
    main.o(i.main) refers to app_work.o(i.APP_Process) for APP_Process
[...]
    RTC_Alarm_IRQHandler                     0x080002c7   Thumb Code     0  startup_stm32h750xx.o(.text)
    RTC_WKUP_IRQHandler                      0x080002c7   Thumb Code     0  startup_stm32h750xx.o(.text)
    SAI1_IRQHandler                          0x080002c7   Thumb Code     0  startup_stm32h750xx.o(.text)
    SAI2_IRQHandler                          0x080002c7   Thumb Code     0  startup_stm32h750xx.o(.text)
    SAI3_IRQHandler                          0x080002c7   Thumb Code     0  startup_stm32h750xx.o(.text)
    SAI4_IRQHandler                          0x080002c7   Thumb Code     0  startup_stm32h750xx.o(.text)
    SDMMC2_IRQHandler                        0x080002c7   Thumb Code     0  startup_stm32h750xx.o(.text)
    SPDIF_RX_IRQHandler                      0x080002c7   Thumb Code     0  startup_stm32h750xx.o(.text)
    SPI2_IRQHandler                          0x080002c7   Thumb Code     0  startup_stm32h750xx.o(.text)
    SPI3_IRQHandler                          0x080002c7   Thumb Code     0  startup_stm32h750xx.o(.text)
    SPI4_IRQHandler                          0x080002c7   Thumb Code     0  startup_stm32h750xx.o(.text)
    SPI5_IRQHandler                          0x080002c7   Thumb Code     0  startup_stm32h750xx.o(.text)
    SPI6_IRQHandler                          0x080002c7   Thumb Code     0  startup_stm32h750xx.o(.text)
    SWPMI1_IRQHandler                        0x080002c7   Thumb Code     0  startup_stm32h750xx.o(.text)
    TAMP_STAMP_IRQHandler                    0x080002c7   Thumb Code     0  startup_stm32h750xx.o(.text)
    TIM15_IRQHandler                         0x080002c7   Thumb Code     0  startup_stm32h750xx.o(.text)
    TIM16_IRQHandler                         0x080002c7   Thumb Code     0  startup_stm32h750xx.o(.text)
    TIM1_BRK_IRQHandler                      0x080002c7   Thumb Code     0  startup_stm32h750xx.o(.text)
    TIM1_CC_IRQHandler                       0x080002c7   Thumb Code     0  startup_stm32h750xx.o(.text)
    TIM1_TRG_COM_IRQHandler                  0x080002c7   Thumb Code     0  startup_stm32h750xx.o(.text)
    TIM1_UP_IRQHandler                       0x080002c7   Thumb Code     0  startup_stm32h750xx.o(.text)
    TIM2_IRQHandler                          0x080002c7   Thumb Code     0  startup_stm32h750xx.o(.text)
    TIM3_IRQHandler                          0x080002c7   Thumb Code     0  startup_stm32h750xx.o(.text)
    TIM4_IRQHandler                          0x080002c7   Thumb Code     0  startup_stm32h750xx.o(.text)
    TIM5_IRQHandler                          0x080002c7   Thumb Code     0  startup_stm32h750xx.o(.text)
    TIM6_DAC_IRQHandler                      0x080002c7   Thumb Code     0  startup_stm32h750xx.o(.text)
    TIM8_BRK_TIM12_IRQHandler                0x080002c7   Thumb Code     0  startup_stm32h750xx.o(.text)
    TIM8_CC_IRQHandler                       0x080002c7   Thumb Code     0  startup_stm32h750xx.o(.text)
    TIM8_TRG_COM_TIM14_IRQHandler            0x080002c7   Thumb Code     0  startup_stm32h750xx.o(.text)
    UART4_IRQHandler                         0x080002c7   Thumb Code     0  startup_stm32h750xx.o(.text)
    UART5_IRQHandler                         0x080002c7   Thumb Code     0  startup_stm32h750xx.o(.text)
    UART7_IRQHandler                         0x080002c7   Thumb Code     0  startup_stm32h750xx.o(.text)
    UART8_IRQHandler                         0x080002c7   Thumb Code     0  startup_stm32h750xx.o(.text)
    USART1_IRQHandler                        0x080002c7   Thumb Code     0  startup_stm32h750xx.o(.text)
    USART2_IRQHandler                        0x080002c7   Thumb Code     0  startup_stm32h750xx.o(.text)
    USART3_IRQHandler                        0x080002c7   Thumb Code     0  startup_stm32h750xx.o(.text)
    USART6_IRQHandler                        0x080002c7   Thumb Code     0  startup_stm32h750xx.o(.text)
    WAKEUP_PIN_IRQHandler                    0x080002c7   Thumb Code     0  startup_stm32h750xx.o(.text)
    WWDG_IRQHandler                          0x080002c7   Thumb Code     0  startup_stm32h750xx.o(.text)
    __aeabi_uldivmod                         0x080002d1   Thumb Code    98  uldiv.o(.text)
    __aeabi_llsl                             0x08000333   Thumb Code    30  llshl.o(.text)
    _ll_shift_l                              0x08000333   Thumb Code     0  llshl.o(.text)
    __aeabi_lasr                             0x08000351   Thumb Code    36  llsshr.o(.text)
    _ll_sshift_r                             0x08000351   Thumb Code     0  llsshr.o(.text)
    __aeabi_memcpy                           0x08000375   Thumb Code    36  memcpya.o(.text)
    __aeabi_memcpy4                          0x08000375   Thumb Code     0  memcpya.o(.text)
    __aeabi_memcpy8                          0x08000375   Thumb Code     0  memcpya.o(.text)
    __aeabi_memset                           0x08000399   Thumb Code    14  memseta.o(.text)
    __aeabi_memset4                          0x08000399   Thumb Code     0  memseta.o(.text)
    __aeabi_memset8                          0x08000399   Thumb Code     0  memseta.o(.text)
    __aeabi_memclr                           0x080003a7   Thumb Code     4  memseta.o(.text)
    __aeabi_memclr4                          0x080003a7   Thumb Code     0  memseta.o(.text)
    __aeabi_memclr8                          0x080003a7   Thumb Code     0  memseta.o(.text)
    _memset$wrapper                          0x080003ab   Thumb Code    18  memseta.o(.text)
    strcat                                   0x080003bd   Thumb Code    24  strcat.o(.text)
    strlen                                   0x080003d5   Thumb Code    14  strlen.o(.text)
    strcpy                                   0x080003e3   Thumb Code    18  strcpy.o(.text)
    __aeabi_dadd                             0x080003f5   Thumb Code   322  dadd.o(.text)
    __aeabi_dsub                             0x08000537   Thumb Code     6  dadd.o(.text)
    __aeabi_drsub                            0x0800053d   Thumb Code     6  dadd.o(.text)
    __aeabi_dmul                             0x08000543   Thumb Code   228  dmul.o(.text)
    __aeabi_ddiv                             0x08000627   Thumb Code   222  ddiv.o(.text)
    __aeabi_i2d                              0x08000705   Thumb Code    34  dflti.o(.text)
    __aeabi_ui2d                             0x08000727   Thumb Code    26  dfltui.o(.text)
    __aeabi_d2uiz                            0x08000741   Thumb Code    50  dfixui.o(.text)
    __aeabi_f2d                              0x08000773   Thumb Code    38  f2d.o(.text)
    __aeabi_cdrcmple                         0x08000799   Thumb Code    48  cdrcmple.o(.text)
    __aeabi_d2f                              0x080007c9   Thumb Code    56  d2f.o(.text)
    __aeabi_uidiv                            0x08000801   Thumb Code     0  uidiv.o(.text)
    __aeabi_uidivmod                         0x08000801   Thumb Code    44  uidiv.o(.text)
    __aeabi_llsr                             0x0800082d   Thumb Code    32  llushr.o(.text)
    _ll_ushift_r                             0x0800082d   Thumb Code     0  llushr.o(.text)
    __I$use$fp                               0x0800084d   Thumb Code     0  iusefp.o(.text)
    _float_round                             0x0800084d   Thumb Code    18  fepilogue.o(.text)
    _float_epilogue                          0x0800085f   Thumb Code    92  fepilogue.o(.text)
    _double_round                            0x080008bb   Thumb Code    30  depilogue.o(.text)
    _double_epilogue                         0x080008d9   Thumb Code   156  depilogue.o(.text)
    __aeabi_d2ulz                            0x08000975   Thumb Code    48  dfixul.o(.text)
    __scatterload                            0x080009a5   Thumb Code    28  init.o(.text)
    __scatterload_rt2                        0x080009a5   Thumb Code     0  init.o(.text)
    __decompress                             0x080009c9   Thumb Code     0  __dczerorl2.o(.text)
    __decompress1                            0x080009c9   Thumb Code    86  __dczerorl2.o(.text)
    ADC_ConfigureBoostMode                   0x08000a21   Thumb Code   320  stm32h7xx_hal_adc.o(i.ADC_ConfigureBoostMode)
    ADC_ConversionStop                       0x08000b81   Thumb Code   276  stm32h7xx_hal_adc.o(i.ADC_ConversionStop)
    ADC_Disable                              0x08000c9d   Thumb Code   142  stm32h7xx_hal_adc.o(i.ADC_Disable)
    ADC_Enable                               0x08000d31   Thumb Code   182  stm32h7xx_hal_adc.o(i.ADC_Enable)
    APP_Init                                 0x08000dfd   Thumb Code   162  app_work.o(i.APP_Init)
    APP_Process                              0x08000ecd   Thumb Code     6  app_work.o(i.APP_Process)
    BSP_PlatformIsDetected                   0x08000ed9   Thumb Code    20  fatfs_platform.o(i.BSP_PlatformIsDetected)
    BSP_SD_GetCardInfo                       0x08000ef1   Thumb Code    14  bsp_driver_sd.o(i.BSP_SD_GetCardInfo)
    BSP_SD_GetCardState                      0x08000f05   Thumb Code    20  bsp_driver_sd.o(i.BSP_SD_GetCardState)
    BSP_SD_Init                              0x08000f1d   Thumb Code    44  bsp_driver_sd.o(i.BSP_SD_Init)
    BSP_SD_IsDetected                        0x08000f4d   Thumb Code    22  bsp_driver_sd.o(i.BSP_SD_IsDetected)
    BSP_SD_ReadBlocks_DMA                    0x08000f65   Thumb Code    34  bsp_driver_sd.o(i.BSP_SD_ReadBlocks_DMA)
    BSP_SD_ReadCpltCallback                  0x08000f8d   Thumb Code     8  sd_diskio.o(i.BSP_SD_ReadCpltCallback)
    BSP_SD_WriteBlocks_DMA                   0x08000f99   Thumb Code    34  bsp_driver_sd.o(i.BSP_SD_WriteBlocks_DMA)
    BSP_SD_WriteCpltCallback                 0x08000fc1   Thumb Code     8  sd_diskio.o(i.BSP_SD_WriteCpltCallback)
    BusFault_Handler                         0x08000fcd   Thumb Code     4  stm32h7xx_it.o(i.BusFault_Handler)
    Check_SD_Fatfs                           0x08001135   Thumb Code   138  sdtest.o(i.Check_SD_Fatfs)
    DMA1_Stream0_IRQHandler                  0x08001299   Thumb Code    10  stm32h7xx_it.o(i.DMA1_Stream0_IRQHandler)
    DS1302_Read                              0x080015a1   Thumb Code    94  ds1302.o(i.DS1302_Read)
    DebugMon_Handler                         0x0800160d   Thumb Code     2  stm32h7xx_it.o(i.DebugMon_Handler)
    Delay_us                                 0x08001611   Thumb Code    84  tim.o(i.Delay_us)
    DisplayGRAM_Power                        0x08001669   Thumb Code   344  ui.o(i.DisplayGRAM_Power)
    EXTI9_5_IRQHandler                       0x080017c5   Thumb Code    10  stm32h7xx_it.o(i.EXTI9_5_IRQHandler)
    Error_Handler                            0x080017cf   Thumb Code     6  main.o(i.Error_Handler)
    FATFS_LinkDriver                         0x080017d5   Thumb Code    18  ff_gen_drv.o(i.FATFS_LinkDriver)
    FATFS_LinkDriverEx                       0x080017e9   Thumb Code    78  ff_gen_drv.o(i.FATFS_LinkDriverEx)
    Fatfs_SD_Init                            0x0800183d   Thumb Code    56  sdtest.o(i.Fatfs_SD_Init)
    GetPower_State                           0x08001ac1   Thumb Code   116  ui.o(i.GetPower_State)
    Get_SD_information                       0x08001b39   Thumb Code   136  sdtest.o(i.Get_SD_information)
    HAL_ADCEx_Calibration_Start              0x08001c91   Thumb Code   174  stm32h7xx_hal_adc_ex.o(i.HAL_ADCEx_Calibration_Start)
    HAL_ADC_ConfigChannel                    0x08001d49   Thumb Code  1306  stm32h7xx_hal_adc.o(i.HAL_ADC_ConfigChannel)
    HAL_ADC_GetValue                         0x0800228d   Thumb Code     8  stm32h7xx_hal_adc.o(i.HAL_ADC_GetValue)
    HAL_ADC_Init                             0x08002295   Thumb Code   608  stm32h7xx_hal_adc.o(i.HAL_ADC_Init)
    HAL_ADC_MspInit                          0x08002521   Thumb Code    78  adc.o(i.HAL_ADC_MspInit)
    HAL_ADC_PollForConversion                0x08002579   Thumb Code   338  stm32h7xx_hal_adc.o(i.HAL_ADC_PollForConversion)
    HAL_ADC_Start                            0x080026dd   Thumb Code   292  stm32h7xx_hal_adc.o(i.HAL_ADC_Start)
    HAL_ADC_Stop                             0x08002811   Thumb Code    74  stm32h7xx_hal_adc.o(i.HAL_ADC_Stop)
    HAL_DMA_Abort_IT                         0x0800285d   Thumb Code   906  stm32h7xx_hal_dma.o(i.HAL_DMA_Abort_IT)
    HAL_DMA_IRQHandler                       0x08002bf5   Thumb Code  2798  stm32h7xx_hal_dma.o(i.HAL_DMA_IRQHandler)
    HAL_DMA_Init                             0x080036ed   Thumb Code  1304  stm32h7xx_hal_dma.o(i.HAL_DMA_Init)
    HAL_Delay                                0x08003c0d   Thumb Code    36  stm32h7xx_hal.o(i.HAL_Delay)
    HAL_GPIO_DeInit                          0x08003c35   Thumb Code   328  stm32h7xx_hal_gpio.o(i.HAL_GPIO_DeInit)
    HAL_GPIO_EXTI_Callback                   0x08003dad   Thumb Code   178  ad7767.o(i.HAL_GPIO_EXTI_Callback)
    HAL_GPIO_EXTI_IRQHandler                 0x08003e81   Thumb Code    24  stm32h7xx_hal_gpio.o(i.HAL_GPIO_EXTI_IRQHandler)
    HAL_GPIO_Init                            0x08003e9d   Thumb Code   456  stm32h7xx_hal_gpio.o(i.HAL_GPIO_Init)
    HAL_GPIO_ReadPin                         0x08004099   Thumb Code    16  stm32h7xx_hal_gpio.o(i.HAL_GPIO_ReadPin)
    HAL_GPIO_WritePin                        0x080040a9   Thumb Code    12  stm32h7xx_hal_gpio.o(i.HAL_GPIO_WritePin)
    HAL_GetREVID                             0x080040b5   Thumb Code     8  stm32h7xx_hal.o(i.HAL_GetREVID)
    HAL_GetTick                              0x080040c1   Thumb Code     6  stm32h7xx_hal.o(i.HAL_GetTick)
    HAL_IncTick                              0x080040cd   Thumb Code    16  stm32h7xx_hal.o(i.HAL_IncTick)
    HAL_Init                                 0x080040e5   Thumb Code    80  stm32h7xx_hal.o(i.HAL_Init)
    HAL_InitTick                             0x08004145   Thumb Code    74  stm32h7xx_hal.o(i.HAL_InitTick)
    HAL_MDMA_ConfigPostRequestMask           0x0800419d   Thumb Code   110  stm32h7xx_hal_mdma.o(i.HAL_MDMA_ConfigPostRequestMask)
    HAL_MDMA_Init                            0x0800420b   Thumb Code   108  stm32h7xx_hal_mdma.o(i.HAL_MDMA_Init)
    HAL_MPU_ConfigRegion                     0x08004279   Thumb Code    88  stm32h7xx_hal_cortex.o(i.HAL_MPU_ConfigRegion)
    HAL_MPU_Disable                          0x080042d5   Thumb Code    38  stm32h7xx_hal_cortex.o(i.HAL_MPU_Disable)
    HAL_MPU_Enable                           0x08004301   Thumb Code    58  stm32h7xx_hal_cortex.o(i.HAL_MPU_Enable)
    HAL_MspInit                              0x08004341   Thumb Code    32  stm32h7xx_hal_msp.o(i.HAL_MspInit)
    HAL_NVIC_DisableIRQ                      0x08004365   Thumb Code    62  stm32h7xx_hal_cortex.o(i.HAL_NVIC_DisableIRQ)
    HAL_NVIC_EnableIRQ                       0x080043a9   Thumb Code    40  stm32h7xx_hal_cortex.o(i.HAL_NVIC_EnableIRQ)
    HAL_NVIC_SetPriority                     0x080043d1   Thumb Code   122  stm32h7xx_hal_cortex.o(i.HAL_NVIC_SetPriority)
    HAL_NVIC_SetPriorityGrouping             0x0800444d   Thumb Code    32  stm32h7xx_hal_cortex.o(i.HAL_NVIC_SetPriorityGrouping)
    HAL_PWREx_ConfigSupply                   0x08004475   Thumb Code    90  stm32h7xx_hal_pwr_ex.o(i.HAL_PWREx_ConfigSupply)
    HAL_RCCEx_GetD3PCLK1Freq                 0x080044d5   Thumb Code    26  stm32h7xx_hal_rcc_ex.o(i.HAL_RCCEx_GetD3PCLK1Freq)
    HAL_RCCEx_GetPLL1ClockFreq               0x080044f9   Thumb Code   536  stm32h7xx_hal_rcc_ex.o(i.HAL_RCCEx_GetPLL1ClockFreq)
    HAL_RCCEx_GetPLL2ClockFreq               0x08004729   Thumb Code   536  stm32h7xx_hal_rcc_ex.o(i.HAL_RCCEx_GetPLL2ClockFreq)
    HAL_RCCEx_GetPLL3ClockFreq               0x08004959   Thumb Code   536  stm32h7xx_hal_rcc_ex.o(i.HAL_RCCEx_GetPLL3ClockFreq)
    HAL_RCCEx_GetPeriphCLKFreq               0x08004b89   Thumb Code  1856  stm32h7xx_hal_rcc_ex.o(i.HAL_RCCEx_GetPeriphCLKFreq)
    HAL_RCCEx_PeriphCLKConfig                0x080052dd   Thumb Code  2910  stm32h7xx_hal_rcc_ex.o(i.HAL_RCCEx_PeriphCLKConfig)
    HAL_RCC_ClockConfig                      0x08005e41   Thumb Code   774  stm32h7xx_hal_rcc.o(i.HAL_RCC_ClockConfig)
    HAL_RCC_GetHCLKFreq                      0x08006161   Thumb Code    60  stm32h7xx_hal_rcc.o(i.HAL_RCC_GetHCLKFreq)
    HAL_RCC_GetPCLK1Freq                     0x080061ad   Thumb Code    26  stm32h7xx_hal_rcc.o(i.HAL_RCC_GetPCLK1Freq)
    HAL_RCC_GetPCLK2Freq                     0x080061d1   Thumb Code    26  stm32h7xx_hal_rcc.o(i.HAL_RCC_GetPCLK2Freq)
    HAL_RCC_GetSysClockFreq                  0x080061f5   Thumb Code   524  stm32h7xx_hal_rcc.o(i.HAL_RCC_GetSysClockFreq)
    HAL_RCC_OscConfig                        0x08006421   Thumb Code  2048  stm32h7xx_hal_rcc.o(i.HAL_RCC_OscConfig)
    HAL_SDEx_Read_DMADoubleBuf0CpltCallback  0x08006c21   Thumb Code     2  stm32h7xx_hal_sd.o(i.HAL_SDEx_Read_DMADoubleBuf0CpltCallback)
    HAL_SDEx_Read_DMADoubleBuf1CpltCallback  0x08006c23   Thumb Code     2  stm32h7xx_hal_sd.o(i.HAL_SDEx_Read_DMADoubleBuf1CpltCallback)
    HAL_SDEx_Write_DMADoubleBuf0CpltCallback 0x08006c25   Thumb Code     2  stm32h7xx_hal_sd.o(i.HAL_SDEx_Write_DMADoubleBuf0CpltCallback)
    HAL_SDEx_Write_DMADoubleBuf1CpltCallback 0x08006c27   Thumb Code     2  stm32h7xx_hal_sd.o(i.HAL_SDEx_Write_DMADoubleBuf1CpltCallback)
    HAL_SD_ConfigWideBusOperation            0x08006c29   Thumb Code   370  stm32h7xx_hal_sd.o(i.HAL_SD_ConfigWideBusOperation)
    HAL_SD_DeInit                            0x08006da9   Thumb Code    40  stm32h7xx_hal_sd.o(i.HAL_SD_DeInit)
    HAL_SD_ErrorCallback                     0x08006dd1   Thumb Code     2  stm32h7xx_hal_sd.o(i.HAL_SD_ErrorCallback)
    HAL_SD_GetCardCSD                        0x08006dd5   Thumb Code   450  stm32h7xx_hal_sd.o(i.HAL_SD_GetCardCSD)
    HAL_SD_GetCardInfo                       0x08006f9d   Thumb Code    38  stm32h7xx_hal_sd.o(i.HAL_SD_GetCardInfo)
    HAL_SD_GetCardState                      0x08006fc3   Thumb Code    36  stm32h7xx_hal_sd.o(i.HAL_SD_GetCardState)
    HAL_SD_GetCardStatus                     0x08006fe9   Thumb Code   228  stm32h7xx_hal_sd.o(i.HAL_SD_GetCardStatus)
    HAL_SD_IRQHandler                        0x080070d1   Thumb Code   622  stm32h7xx_hal_sd.o(i.HAL_SD_IRQHandler)
    HAL_SD_Init                              0x08007345   Thumb Code   178  stm32h7xx_hal_sd.o(i.HAL_SD_Init)
    HAL_SD_InitCard                          0x080073f9   Thumb Code   190  stm32h7xx_hal_sd.o(i.HAL_SD_InitCard)
    HAL_SD_MspDeInit                         0x080074c5   Thumb Code    50  sdmmc.o(i.HAL_SD_MspDeInit)
    HAL_SD_MspInit                           0x08007509   Thumb Code   186  sdmmc.o(i.HAL_SD_MspInit)
    HAL_SD_ReadBlocks_DMA                    0x080075d5   Thumb Code   232  stm32h7xx_hal_sd.o(i.HAL_SD_ReadBlocks_DMA)
    HAL_SD_RxCpltCallback                    0x080076c1   Thumb Code    10  bsp_driver_sd.o(i.HAL_SD_RxCpltCallback)
    HAL_SD_TxCpltCallback                    0x080076cb   Thumb Code    10  bsp_driver_sd.o(i.HAL_SD_TxCpltCallback)
    HAL_SD_WriteBlocks_DMA                   0x080076d5   Thumb Code   230  stm32h7xx_hal_sd.o(i.HAL_SD_WriteBlocks_DMA)
    HAL_SPI_ErrorCallback                    0x080077c1   Thumb Code     2  stm32h7xx_hal_spi.o(i.HAL_SPI_ErrorCallback)
    HAL_SPI_IRQHandler                       0x080077c5   Thumb Code   678  stm32h7xx_hal_spi.o(i.HAL_SPI_IRQHandler)
    HAL_SPI_Init                             0x08007a71   Thumb Code   372  stm32h7xx_hal_spi.o(i.HAL_SPI_Init)
    HAL_SPI_MspInit                          0x08007bf1   Thumb Code   212  spi.o(i.HAL_SPI_MspInit)
    HAL_SPI_Receive                          0x08007cd9   Thumb Code   706  stm32h7xx_hal_spi.o(i.HAL_SPI_Receive)
    HAL_SPI_RxCpltCallback                   0x08007f9b   Thumb Code     2  stm32h7xx_hal_spi.o(i.HAL_SPI_RxCpltCallback)
    HAL_SPI_TransmitReceive                  0x08007f9d   Thumb Code  1030  stm32h7xx_hal_spi.o(i.HAL_SPI_TransmitReceive)
    HAL_SPI_TxCpltCallback                   0x080083a3   Thumb Code     2  stm32h7xx_hal_spi.o(i.HAL_SPI_TxCpltCallback)
    HAL_SPI_TxRxCpltCallback                 0x080083a5   Thumb Code     2  stm32h7xx_hal_spi.o(i.HAL_SPI_TxRxCpltCallback)
    HAL_SYSCFG_AnalogSwitchConfig            0x080083a9   Thumb Code    14  stm32h7xx_hal.o(i.HAL_SYSCFG_AnalogSwitchConfig)
    HAL_SYSTICK_Config                       0x080083bd   Thumb Code    52  stm32h7xx_hal_cortex.o(i.HAL_SYSTICK_Config)
    HAL_TIMEx_Break2Callback                 0x080083f1   Thumb Code     2  stm32h7xx_hal_tim_ex.o(i.HAL_TIMEx_Break2Callback)
    HAL_TIMEx_BreakCallback                  0x080083f3   Thumb Code     2  stm32h7xx_hal_tim_ex.o(i.HAL_TIMEx_BreakCallback)
    HAL_TIMEx_CommutCallback                 0x080083f5   Thumb Code     2  stm32h7xx_hal_tim_ex.o(i.HAL_TIMEx_CommutCallback)
    HAL_TIMEx_MasterConfigSynchronization    0x080083f9   Thumb Code   174  stm32h7xx_hal_tim_ex.o(i.HAL_TIMEx_MasterConfigSynchronization)
    HAL_TIM_Base_Init                        0x080084c5   Thumb Code   110  stm32h7xx_hal_tim.o(i.HAL_TIM_Base_Init)
    HAL_TIM_Base_MspInit                     0x08008535   Thumb Code   206  tim.o(i.HAL_TIM_Base_MspInit)
    HAL_TIM_Base_Start_IT                    0x08008619   Thumb Code   146  stm32h7xx_hal_tim.o(i.HAL_TIM_Base_Start_IT)
    HAL_TIM_Base_Stop                        0x080086cd   Thumb Code    50  stm32h7xx_hal_tim.o(i.HAL_TIM_Base_Stop)
    HAL_TIM_IC_CaptureCallback               0x080086ff   Thumb Code     2  stm32h7xx_hal_tim.o(i.HAL_TIM_IC_CaptureCallback)
    HAL_TIM_IRQHandler                       0x08008701   Thumb Code   440  stm32h7xx_hal_tim.o(i.HAL_TIM_IRQHandler)
    HAL_TIM_MspPostInit                      0x080088b9   Thumb Code   210  tim.o(i.HAL_TIM_MspPostInit)
    HAL_TIM_OC_DelayElapsedCallback          0x080089a9   Thumb Code     2  stm32h7xx_hal_tim.o(i.HAL_TIM_OC_DelayElapsedCallback)
    HAL_TIM_PWM_ConfigChannel                0x080089ab   Thumb Code   368  stm32h7xx_hal_tim.o(i.HAL_TIM_PWM_ConfigChannel)
    HAL_TIM_PWM_Init                         0x08008b1b   Thumb Code   110  stm32h7xx_hal_tim.o(i.HAL_TIM_PWM_Init)
    HAL_TIM_PWM_MspInit                      0x08008b89   Thumb Code    76  tim.o(i.HAL_TIM_PWM_MspInit)
    HAL_TIM_PWM_PulseFinishedCallback        0x08008be1   Thumb Code     2  stm32h7xx_hal_tim.o(i.HAL_TIM_PWM_PulseFinishedCallback)
    HAL_TIM_PWM_Start                        0x08008be5   Thumb Code   314  stm32h7xx_hal_tim.o(i.HAL_TIM_PWM_Start)
    HAL_TIM_PeriodElapsedCallback            0x08008d49   Thumb Code   370  app_work.o(i.HAL_TIM_PeriodElapsedCallback)
    HAL_TIM_TriggerCallback                  0x08008f09   Thumb Code     2  stm32h7xx_hal_tim.o(i.HAL_TIM_TriggerCallback)
    HAL_UARTEx_DisableFifoMode               0x08008f0b   Thumb Code    78  stm32h7xx_hal_uart_ex.o(i.HAL_UARTEx_DisableFifoMode)
    HAL_UARTEx_SetRxFifoThreshold            0x08008f59   Thumb Code    94  stm32h7xx_hal_uart_ex.o(i.HAL_UARTEx_SetRxFifoThreshold)
    HAL_UARTEx_SetTxFifoThreshold            0x08008fb7   Thumb Code    94  stm32h7xx_hal_uart_ex.o(i.HAL_UARTEx_SetTxFifoThreshold)
    HAL_UART_Init                            0x08009015   Thumb Code   120  stm32h7xx_hal_uart.o(i.HAL_UART_Init)
    HAL_UART_MspInit                         0x0800908d   Thumb Code   264  usart.o(i.HAL_UART_MspInit)
    HAL_UART_Transmit                        0x080091a9   Thumb Code   214  stm32h7xx_hal_uart.o(i.HAL_UART_Transmit)
    HardFault_Handler                        0x08009281   Thumb Code    10  stm32h7xx_it.o(i.HardFault_Handler)
    IOInitOut                                0x080092a1   Thumb Code    32  bsp_lcd12864.o(i.IOInitOut)
    InitDis                                  0x080092c5   Thumb Code    74  bsp_lcd12864.o(i.InitDis)
    Lcd_Write_Cmd                            0x080093bd   Thumb Code    50  bsp_lcd12864.o(i.Lcd_Write_Cmd)
    Lcd_Write_Data                           0x080093f5   Thumb Code    50  bsp_lcd12864.o(i.Lcd_Write_Data)
    MX_ADC3_Init                             0x0800954d   Thumb Code   120  adc.o(i.MX_ADC3_Init)
    MX_DMA_Init                              0x080095d1   Thumb Code    48  dma.o(i.MX_DMA_Init)
    MX_FATFS_Init                            0x08009605   Thumb Code    16  fatfs.o(i.MX_FATFS_Init)
    MX_GPIO_Init                             0x08009621   Thumb Code   482  gpio.o(i.MX_GPIO_Init)
    MX_MDMA_Init                             0x0800981d   Thumb Code   112  mdma.o(i.MX_MDMA_Init)
    MX_SDMMC1_SD_Init                        0x08009899   Thumb Code    32  sdmmc.o(i.MX_SDMMC1_SD_Init)
    MX_SPI1_Init                             0x080098c1   Thumb Code    86  spi.o(i.MX_SPI1_Init)
    MX_TIM12_Init                            0x08009921   Thumb Code    88  tim.o(i.MX_TIM12_Init)
    MX_TIM13_Init                            0x08009981   Thumb Code    42  tim.o(i.MX_TIM13_Init)
    MX_TIM3_Init                             0x080099b5   Thumb Code   118  tim.o(i.MX_TIM3_Init)
    MX_TIM6_Init                             0x08009a35   Thumb Code    68  tim.o(i.MX_TIM6_Init)
    MX_TIM7_Init                             0x08009a81   Thumb Code    66  tim.o(i.MX_TIM7_Init)
    MX_USART1_UART_Init                      0x08009acd   Thumb Code    98  usart.o(i.MX_USART1_UART_Init)
    MemManage_Handler                        0x08009b39   Thumb Code    10  stm32h7xx_it.o(i.MemManage_Handler)
    NMI_Handler                              0x08009b59   Thumb Code     4  stm32h7xx_it.o(i.NMI_Handler)
    PendSV_Handler                           0x08009b5d   Thumb Code     2  stm32h7xx_it.o(i.PendSV_Handler)
    PeriphCommonClock_Config                 0x08009b5f   Thumb Code    72  main.o(i.PeriphCommonClock_Config)
    RTC_Init                                 0x08009e71   Thumb Code    48  ds1302.o(i.RTC_Init)
    RTC_Read                                 0x08009ebd   Thumb Code   180  ds1302.o(i.RTC_Read)
    Read_battery                             0x08009f7d   Thumb Code   134  app_work.o(i.Read_battery)
    S24toS32                                 0x0800a02d   Thumb Code    16  ad7767.o(i.S24toS32)
    SDMMC1_IRQHandler                        0x0800a03d   Thumb Code    10  stm32h7xx_it.o(i.SDMMC1_IRQHandler)
    SDMMC_CmdAppCommand                      0x0800a04d   Thumb Code    58  stm32h7xx_ll_sdmmc.o(i.SDMMC_CmdAppCommand)
    SDMMC_CmdAppOperCommand                  0x0800a087   Thumb Code    52  stm32h7xx_ll_sdmmc.o(i.SDMMC_CmdAppOperCommand)
    SDMMC_CmdBlockLength                     0x0800a0bb   Thumb Code    56  stm32h7xx_ll_sdmmc.o(i.SDMMC_CmdBlockLength)
    SDMMC_CmdBusWidth                        0x0800a0f3   Thumb Code    58  stm32h7xx_ll_sdmmc.o(i.SDMMC_CmdBusWidth)
    SDMMC_CmdGoIdleState                     0x0800a12d   Thumb Code    44  stm32h7xx_ll_sdmmc.o(i.SDMMC_CmdGoIdleState)
    SDMMC_CmdOperCond                        0x0800a159   Thumb Code    52  stm32h7xx_ll_sdmmc.o(i.SDMMC_CmdOperCond)
    SDMMC_CmdReadMultiBlock                  0x0800a18d   Thumb Code    58  stm32h7xx_ll_sdmmc.o(i.SDMMC_CmdReadMultiBlock)
    SDMMC_CmdReadSingleBlock                 0x0800a1c7   Thumb Code    58  stm32h7xx_ll_sdmmc.o(i.SDMMC_CmdReadSingleBlock)
    SDMMC_CmdSelDesel                        0x0800a201   Thumb Code    58  stm32h7xx_ll_sdmmc.o(i.SDMMC_CmdSelDesel)
    SDMMC_CmdSendCID                         0x0800a23b   Thumb Code    52  stm32h7xx_ll_sdmmc.o(i.SDMMC_CmdSendCID)
    SDMMC_CmdSendCSD                         0x0800a26f   Thumb Code    52  stm32h7xx_ll_sdmmc.o(i.SDMMC_CmdSendCSD)
    SDMMC_CmdSendSCR                         0x0800a2a3   Thumb Code    58  stm32h7xx_ll_sdmmc.o(i.SDMMC_CmdSendSCR)
    SDMMC_CmdSendStatus                      0x0800a2dd   Thumb Code    58  stm32h7xx_ll_sdmmc.o(i.SDMMC_CmdSendStatus)
    SDMMC_CmdSetRelAdd                       0x0800a317   Thumb Code    58  stm32h7xx_ll_sdmmc.o(i.SDMMC_CmdSetRelAdd)
    SDMMC_CmdStatusRegister                  0x0800a351   Thumb Code    58  stm32h7xx_ll_sdmmc.o(i.SDMMC_CmdStatusRegister)
    SDMMC_CmdStopTransfer                    0x0800a38d   Thumb Code    88  stm32h7xx_ll_sdmmc.o(i.SDMMC_CmdStopTransfer)
    SDMMC_CmdWriteMultiBlock                 0x0800a3e9   Thumb Code    58  stm32h7xx_ll_sdmmc.o(i.SDMMC_CmdWriteMultiBlock)
    SDMMC_CmdWriteSingleBlock                0x0800a423   Thumb Code    58  stm32h7xx_ll_sdmmc.o(i.SDMMC_CmdWriteSingleBlock)
    SDMMC_ConfigData                         0x0800a45d   Thumb Code    44  stm32h7xx_ll_sdmmc.o(i.SDMMC_ConfigData)
    SDMMC_GetCmdResp1                        0x0800a4cd   Thumb Code   420  stm32h7xx_ll_sdmmc.o(i.SDMMC_GetCmdResp1)
    SDMMC_GetCmdResp2                        0x0800a67d   Thumb Code    96  stm32h7xx_ll_sdmmc.o(i.SDMMC_GetCmdResp2)
    SDMMC_GetCmdResp3                        0x0800a6e5   Thumb Code    82  stm32h7xx_ll_sdmmc.o(i.SDMMC_GetCmdResp3)
    SDMMC_GetCmdResp6                        0x0800a741   Thumb Code   180  stm32h7xx_ll_sdmmc.o(i.SDMMC_GetCmdResp6)
    SDMMC_GetCmdResp7                        0x0800a7fd   Thumb Code   104  stm32h7xx_ll_sdmmc.o(i.SDMMC_GetCmdResp7)
    SDMMC_GetCommandResponse                 0x0800a869   Thumb Code     8  stm32h7xx_ll_sdmmc.o(i.SDMMC_GetCommandResponse)
    SDMMC_GetPowerState                      0x0800a871   Thumb Code    10  stm32h7xx_ll_sdmmc.o(i.SDMMC_GetPowerState)
    SDMMC_GetResponse                        0x0800a87b   Thumb Code    12  stm32h7xx_ll_sdmmc.o(i.SDMMC_GetResponse)
    SDMMC_Init                               0x0800a889   Thumb Code    46  stm32h7xx_ll_sdmmc.o(i.SDMMC_Init)
    SDMMC_PowerState_OFF                     0x0800a8bd   Thumb Code    14  stm32h7xx_ll_sdmmc.o(i.SDMMC_PowerState_OFF)
    SDMMC_PowerState_ON                      0x0800a8cb   Thumb Code    14  stm32h7xx_ll_sdmmc.o(i.SDMMC_PowerState_ON)
    SDMMC_ReadFIFO                           0x0800a8d9   Thumb Code     8  stm32h7xx_ll_sdmmc.o(i.SDMMC_ReadFIFO)
    SDMMC_SendCommand                        0x0800a8e1   Thumb Code    40  stm32h7xx_ll_sdmmc.o(i.SDMMC_SendCommand)
    SDMMC_WriteFIFO                          0x0800a90d   Thumb Code    12  stm32h7xx_ll_sdmmc.o(i.SDMMC_WriteFIFO)
    SD_initialize                            0x0800af59   Thumb Code    26  sd_diskio.o(i.SD_initialize)
    SD_ioctl                                 0x0800af79   Thumb Code   102  sd_diskio.o(i.SD_ioctl)
    SD_read                                  0x0800afe5   Thumb Code   446  sd_diskio.o(i.SD_read)
    SD_status                                0x0800b1b1   Thumb Code    12  sd_diskio.o(i.SD_status)
    SD_write                                 0x0800b1bd   Thumb Code   440  sd_diskio.o(i.SD_write)
    SPI1_IRQHandler                          0x0800b381   Thumb Code    10  stm32h7xx_it.o(i.SPI1_IRQHandler)
    SVC_Handler                              0x0800b4dd   Thumb Code     2  stm32h7xx_it.o(i.SVC_Handler)
    SendByte                                 0x0800b4e1   Thumb Code    86  bsp_lcd12864.o(i.SendByte)
    Set_SDIO_IN                              0x0800b53d   Thumb Code    34  ds1302.o(i.Set_SDIO_IN)
    Set_SDIO_OUT                             0x0800b565   Thumb Code    34  ds1302.o(i.Set_SDIO_OUT)
    SysTick_Handler                          0x0800b58d   Thumb Code     8  stm32h7xx_it.o(i.SysTick_Handler)
    SystemClock_Config                       0x0800b595   Thumb Code   214  main.o(i.SystemClock_Config)
    SystemInit                               0x0800b679   Thumb Code   212  system_stm32h7xx.o(i.SystemInit)
    TIM17_IRQHandler                         0x0800b775   Thumb Code    10  stm32h7xx_it.o(i.TIM17_IRQHandler)
    TIM7_IRQHandler                          0x0800b785   Thumb Code    10  stm32h7xx_it.o(i.TIM7_IRQHandler)
    TIM8_UP_TIM13_IRQHandler                 0x0800b795   Thumb Code    10  stm32h7xx_it.o(i.TIM8_UP_TIM13_IRQHandler)
    TIM_Base_SetConfig                       0x0800b7a5   Thumb Code   170  stm32h7xx_hal_tim.o(i.TIM_Base_SetConfig)
    TIM_CCxChannelCmd                        0x0800b871   Thumb Code    34  stm32h7xx_hal_tim.o(i.TIM_CCxChannelCmd)
    TIM_OC2_SetConfig                        0x0800b941   Thumb Code   156  stm32h7xx_hal_tim.o(i.TIM_OC2_SetConfig)
    UART_AdvFeatureConfig                    0x0800bc55   Thumb Code   248  stm32h7xx_hal_uart.o(i.UART_AdvFeatureConfig)
    UART_CheckIdleState                      0x0800bd4d   Thumb Code   118  stm32h7xx_hal_uart.o(i.UART_CheckIdleState)
    UART_SetConfig                           0x0800bdc5   Thumb Code  1402  stm32h7xx_hal_uart.o(i.UART_SetConfig)
    UART_WaitOnFlagUntilTimeout              0x0800c351   Thumb Code   254  stm32h7xx_hal_uart.o(i.UART_WaitOnFlagUntilTimeout)
    UsageFault_Handler                       0x0800c44f   Thumb Code     4  stm32h7xx_it.o(i.UsageFault_Handler)
    __0printf                                0x0800c455   Thumb Code    22  printfa.o(i.__0printf)
    __1printf                                0x0800c455   Thumb Code     0  printfa.o(i.__0printf)
    __2printf                                0x0800c455   Thumb Code     0  printfa.o(i.__0printf)
    __c89printf                              0x0800c455   Thumb Code     0  printfa.o(i.__0printf)
    printf                                   0x0800c455   Thumb Code     0  printfa.o(i.__0printf)
    __scatterload_copy                       0x0800c4ad   Thumb Code    14  handlers.o(i.__scatterload_copy)
    __scatterload_null                       0x0800c4bb   Thumb Code     2  handlers.o(i.__scatterload_null)
    __scatterload_zeroinit                   0x0800c4bd   Thumb Code    14  handlers.o(i.__scatterload_zeroinit)
    adc7767_init                             0x0800cd81   Thumb Code    70  ad7767.o(i.adc7767_init)
    change_buff                              0x0800cde1   Thumb Code    72  ad7767.o(i.change_buff)
    disk_initialize                          0x0800cee9   Thumb Code    40  diskio.o(i.disk_initialize)
    disk_ioctl                               0x0800cf15   Thumb Code    36  diskio.o(i.disk_ioctl)
    disk_read                                0x0800cf3d   Thumb Code    42  diskio.o(i.disk_read)
    disk_status                              0x0800cf6d   Thumb Code    24  diskio.o(i.disk_status)
    disk_write                               0x0800cf89   Thumb Code    42  diskio.o(i.disk_write)
    draw_battery_level                       0x0800cfb9   Thumb Code    78  ui.o(i.draw_battery_level)
    draw_main_page                           0x0800d011   Thumb Code    58  ui.o(i.draw_main_page)
    ds1302_read                              0x0800d079   Thumb Code   114  ds1302.o(i.ds1302_read)
    ds1302_write                             0x0800d0f9   Thumb Code    98  ds1302.o(i.ds1302_write)
    f_mkfs                                   0x0800d165   Thumb Code  1654  ff.o(i.f_mkfs)
    f_mount                                  0x0800d7e9   Thumb Code    92  ff.o(i.f_mount)
    fputc                                    0x0800db49   Thumb Code    20  usart.o(i.fputc)
    get_fattime                              0x0800db61   Thumb Code     4  fatfs.o(i.get_fattime)
    itoa                                     0x0800dbad   Thumb Code   150  app_work.o(i.itoa)
    lcd_DisStr                               0x0800dc6d   Thumb Code    80  bsp_lcd12864.o(i.lcd_DisStr)
    lcd_clear                                0x0800dcbd   Thumb Code    10  bsp_lcd12864.o(i.lcd_clear)
    lcd_locate                               0x0800dcc7   Thumb Code    82  bsp_lcd12864.o(i.lcd_locate)
    main                                     0x0800dd3d   Thumb Code   404  main.o(i.main)
    SD_Driver                                0x0800dfe0   Data          20  sd_diskio.o(.constdata)
    UARTPrescTable                           0x0800dffc   Data          24  stm32h7xx_hal_uart.o(.constdata)
    D1CorePrescTable                         0x0800e024   Data          16  system_stm32h7xx.o(.constdata)
    s1_data                                  0x0800e112   Data        2500  chirp.o(.constdata)
    s2_data                                  0x0800ead6   Data        2500  chirp.o(.constdata)
    Region$$Table$$Base                      0x0800f750   Number         0  anon$$obj.o(Region$$Table)
    Region$$Table$$Limit                     0x0800f770   Number         0  anon$$obj.o(Region$$Table)
    retSD                                    0x2400000c   Data           1  fatfs.o(.data)
    SDPath                                   0x2400000d   Data           4  fatfs.o(.data)
    uwTick                                   0x24000014   Data           4  stm32h7xx_hal.o(.data)
    uwTickPrio                               0x24000018   Data           4  stm32h7xx_hal.o(.data)
    uwTickFreq                               0x2400001c   Data           1  stm32h7xx_hal.o(.data)
    SystemCoreClock                          0x24000020   Data           4  system_stm32h7xx.o(.data)
    SystemD2Clock                            0x24000024   Data           4  system_stm32h7xx.o(.data)
    Project_name                             0x24000030   Data          30  app_work.o(.data)
    exit_key                                 0x2400004e   Data           1  app_work.o(.data)
    menu                                     0x24000050   Data           8  app_work.o(.data)
    ID                                       0x24000058   Data           6  app_work.o(.data)
    CMD                                      0x2400005e   Data           6  app_work.o(.data)
    TIM13_10ms_Flag                          0x24000064   Data           1  app_work.o(.data)
    recorded_time                            0x24000068   Data           4  app_work.o(.data)
    TIM17_40ms_FLAG                          0x2400006c   Data           1  app_work.o(.data)
    p_ad_begin                               0x24000080   Data           4  ad7767.o(.data)
    p_sd                                     0x24000084   Data           4  ad7767.o(.data)
    ad7767_data                              0x24000088   Data           8  ad7767.o(.data)
    addata_int_temp                          0x24000090   Data           4  ad7767.o(.data)
    Ping_full_flag                           0x24000094   Data           1  ad7767.o(.data)
    Pang_full_flag                           0x24000095   Data           1  ad7767.o(.data)
    SPI_Rx_buff                              0x24000096   Data           3  ad7767.o(.data)
    SPI_Tx_buff                              0x24000099   Data           3  ad7767.o(.data)
    addata_cnt                               0x2400009c   Data           2  ad7767.o(.data)
    fnum                                     0x240000a4   Data           4  sdtest.o(.data)
    SD_cnt                                   0x240000a8   Data           4  sdtest.o(.data)
    WriteBuffer                              0x240000fc   Data          31  sdtest.o(.data)
    power                                    0x24000128   Data          32  ui.o(.data)
    power_new_100                            0x24000148   Data          32  ui.o(.data)
    power_new_90                             0x24000168   Data          32  ui.o(.data)
    power_new_80                             0x24000188   Data          32  ui.o(.data)
    power_new_70                             0x240001a8   Data          32  ui.o(.data)
    power_new_60                             0x240001c8   Data          32  ui.o(.data)
    power_new_50                             0x240001e8   Data          32  ui.o(.data)
    power_new_40                             0x24000208   Data          32  ui.o(.data)
    power_new_30                             0x24000228   Data          32  ui.o(.data)
    power_new_20                             0x24000248   Data          32  ui.o(.data)
    power_new_10                             0x24000268   Data          32  ui.o(.data)
    power_new_0                              0x24000288   Data          32  ui.o(.data)
    power_state                              0x240002a8   Data           1  ui.o(.data)
    TIM_20S_FLAG                             0x240002b0   Data           1  cmd.o(.data)
    TIM_10S_FLAG                             0x240002b1   Data           1  cmd.o(.data)
    order_respond                            0x240002b2   Data           1  cmd.o(.data)
    fun_respond                              0x240002b3   Data           1  cmd.o(.data)
    stop_cnt_flag                            0x240002b4   Data           1  cmd.o(.data)
    time_mode                                0x240002b5   Data           1  cmd.o(.data)
    Key_Value                                0x240002b6   Data           1  key.o(.data)
    Key_Home_State                           0x240002b7   Data           1  key.o(.data)
    Key_Scan_flag                            0x240002b8   Data           1  key.o(.data)
    __stdout                                 0x240002bc   Data           4  stdout.o(.data)
    hadc3                                    0x240002c0   Data         100  adc.o(.bss)
    hmdma_mdma_channel0_sdmmc1_dma_endbuffer_0 0x24000324   Data         108  mdma.o(.bss)
    hsd1                                     0x24000390   Data         124  sdmmc.o(.bss)
    hspi1                                    0x2400040c   Data         136  spi.o(.bss)
    hdma_spi1_rx                             0x24000494   Data         120  spi.o(.bss)
    htim3                                    0x2400050c   Data          76  tim.o(.bss)
    htim4                                    0x24000558   Data          76  tim.o(.bss)
    htim6                                    0x240005a4   Data          76  tim.o(.bss)
    htim7                                    0x240005f0   Data          76  tim.o(.bss)
    htim12                                   0x2400063c   Data          76  tim.o(.bss)
    htim13                                   0x24000688   Data          76  tim.o(.bss)
    htim17                                   0x240006d4   Data          76  tim.o(.bss)
    huart1                                   0x24000720   Data         144  usart.o(.bss)
    huart3                                   0x240007b0   Data         144  usart.o(.bss)
    disk                                     0x24000a60   Data          12  ff_gen_drv.o(.bss)
    AD7767_Ping                              0x24000a70   Data        4096  ad7767.o(.bss)
    AD7767_Pang                              0x24001a70   Data        4096  ad7767.o(.bss)
    ReadBuffer                               0x24002fec   Data        1024  sdtest.o(.bss)
    word                                     0x240033ec   Data         512  sdtest.o(.bss)
    RTC_Time                                 0x240035ec   Data          24  ds1302.o(.bss)
    __initial_sp                             0x24005608   Data           0  startup_stm32h750xx.o(STACK)



==============================================================================

Memory Map of the image

  Image Entry point : 0x08000299

  Load Region LR_IROM1 (Base: 0x08000000, Size: 0x0000fa30, Max: 0x00020000, ABSOLUTE, COMPRESSED[0x0000f860])

    Execution Region ER_IROM1 (Exec base: 0x08000000, Load base: 0x08000000, Size: 0x0000f770, Max: 0x00020000, ABSOLUTE)

    Exec Addr    Load Addr    Size         Type   Attr      Idx    E Section Name        Object

    0x08000000   0x08000000   0x00000298   Data   RO            3    RESET               startup_stm32h750xx.o
    0x08000298   0x08000298   0x00000000   Code   RO        11413  * .ARM.Collect$$$$00000000  mc_w.l(entry.o)
    0x08000298   0x08000298   0x00000004   Code   RO        11721    .ARM.Collect$$$$00000001  mc_w.l(entry2.o)
    0x0800029c   0x0800029c   0x00000004   Code   RO        11724    .ARM.Collect$$$$00000004  mc_w.l(entry5.o)
    0x080002a0   0x080002a0   0x00000000   Code   RO        11726    .ARM.Collect$$$$00000008  mc_w.l(entry7b.o)
    0x080002a0   0x080002a0   0x00000000   Code   RO        11728    .ARM.Collect$$$$0000000A  mc_w.l(entry8b.o)
    0x080002a0   0x080002a0   0x00000008   Code   RO        11729    .ARM.Collect$$$$0000000B  mc_w.l(entry9a.o)
    0x080002a8   0x080002a8   0x00000000   Code   RO        11731    .ARM.Collect$$$$0000000D  mc_w.l(entry10a.o)
    0x080002a8   0x080002a8   0x00000000   Code   RO        11733    .ARM.Collect$$$$0000000F  mc_w.l(entry11a.o)
    0x080002a8   0x080002a8   0x00000004   Code   RO        11722    .ARM.Collect$$$$00002712  mc_w.l(entry2.o)
    0x080002ac   0x080002ac   0x00000024   Code   RO            4    .text               startup_stm32h750xx.o
    0x080002d0   0x080002d0   0x00000062   Code   RO        11416    .text               mc_w.l(uldiv.o)
    0x08000332   0x08000332   0x0000001e   Code   RO        11420    .text               mc_w.l(llshl.o)
    0x08000350   0x08000350   0x00000024   Code   RO        11422    .text               mc_w.l(llsshr.o)
    0x08000374   0x08000374   0x00000024   Code   RO        11424    .text               mc_w.l(memcpya.o)
    0x08000398   0x08000398   0x00000024   Code   RO        11426    .text               mc_w.l(memseta.o)
    0x080003bc   0x080003bc   0x00000018   Code   RO        11428    .text               mc_w.l(strcat.o)
    0x080003d4   0x080003d4   0x0000000e   Code   RO        11430    .text               mc_w.l(strlen.o)
    0x080003e2   0x080003e2   0x00000012   Code   RO        11432    .text               mc_w.l(strcpy.o)
    0x080003f4   0x080003f4   0x0000014e   Code   RO        11697    .text               mf_w.l(dadd.o)
    0x08000542   0x08000542   0x000000e4   Code   RO        11699    .text               mf_w.l(dmul.o)
    0x08000626   0x08000626   0x000000de   Code   RO        11701    .text               mf_w.l(ddiv.o)
    0x08000704   0x08000704   0x00000022   Code   RO        11705    .text               mf_w.l(dflti.o)
    0x08000726   0x08000726   0x0000001a   Code   RO        11707    .text               mf_w.l(dfltui.o)
    0x08000740   0x08000740   0x00000032   Code   RO        11711    .text               mf_w.l(dfixui.o)
    0x08000772   0x08000772   0x00000026   Code   RO        11713    .text               mf_w.l(f2d.o)
    0x08000798   0x08000798   0x00000030   Code   RO        11717    .text               mf_w.l(cdrcmple.o)
    0x080007c8   0x080007c8   0x00000038   Code   RO        11719    .text               mf_w.l(d2f.o)
    0x08000800   0x08000800   0x0000002c   Code   RO        11736    .text               mc_w.l(uidiv.o)
    0x0800082c   0x0800082c   0x00000020   Code   RO        11738    .text               mc_w.l(llushr.o)
    0x0800084c   0x0800084c   0x00000000   Code   RO        11740    .text               mc_w.l(iusefp.o)
    0x0800084c   0x0800084c   0x0000006e   Code   RO        11741    .text               mf_w.l(fepilogue.o)
    0x080008ba   0x080008ba   0x000000ba   Code   RO        11743    .text               mf_w.l(depilogue.o)
    0x08000974   0x08000974   0x00000030   Code   RO        11745    .text               mf_w.l(dfixul.o)
    0x080009a4   0x080009a4   0x00000024   Code   RO        11747    .text               mc_w.l(init.o)
    0x080009c8   0x080009c8   0x00000056   Code   RO        11757    .text               mc_w.l(__dczerorl2.o)
    0x08000a1e   0x08000a1e   0x00000002   PAD
    0x08000a20   0x08000a20   0x00000160   Code   RO         1417    i.ADC_ConfigureBoostMode  stm32h7xx_hal_adc.o
    0x08000b80   0x08000b80   0x0000011c   Code   RO         1418    i.ADC_ConversionStop  stm32h7xx_hal_adc.o
    0x08000c9c   0x08000c9c   0x00000094   Code   RO         1422    i.ADC_Disable       stm32h7xx_hal_adc.o
    0x08000d30   0x08000d30   0x000000cc   Code   RO         1423    i.ADC_Enable        stm32h7xx_hal_adc.o
    0x08000dfc   0x08000dfc   0x000000d0   Code   RO         7524    i.APP_Init          app_work.o
    0x08000ecc   0x08000ecc   0x0000000c   Code   RO         7525    i.APP_Process       app_work.o
    0x08000ed8   0x08000ed8   0x00000018   Code   RO         1352    i.BSP_PlatformIsDetected  fatfs_platform.o
    0x08000ef0   0x08000ef0   0x00000014   Code   RO         1136    i.BSP_SD_GetCardInfo  bsp_driver_sd.o
    0x08000f04   0x08000f04   0x00000018   Code   RO         1137    i.BSP_SD_GetCardState  bsp_driver_sd.o
    0x08000f1c   0x08000f1c   0x00000030   Code   RO         1139    i.BSP_SD_Init       bsp_driver_sd.o
    0x08000f4c   0x08000f4c   0x00000016   Code   RO         1140    i.BSP_SD_IsDetected  bsp_driver_sd.o
    0x08000f62   0x08000f62   0x00000002   PAD
    0x08000f64   0x08000f64   0x00000028   Code   RO         1142    i.BSP_SD_ReadBlocks_DMA  bsp_driver_sd.o
    0x08000f8c   0x08000f8c   0x0000000c   Code   RO         1255    i.BSP_SD_ReadCpltCallback  sd_diskio.o
    0x08000f98   0x08000f98   0x00000028   Code   RO         1145    i.BSP_SD_WriteBlocks_DMA  bsp_driver_sd.o
    0x08000fc0   0x08000fc0   0x0000000c   Code   RO         1256    i.BSP_SD_WriteCpltCallback  sd_diskio.o
    0x08000fcc   0x08000fcc   0x00000004   Code   RO          857    i.BusFault_Handler  stm32h7xx_it.o
    0x08000fd0   0x08000fd0   0x00000164   Code   RO         8006    i.CGRAM_Fill_Power  ui.o
    0x08001134   0x08001134   0x00000164   Code   RO         7668    i.Check_SD_Fatfs    sdtest.o
    0x08001298   0x08001298   0x00000010   Code   RO          858    i.DMA1_Stream0_IRQHandler  stm32h7xx_it.o
    0x080012a8   0x080012a8   0x000000ec   Code   RO         2643    i.DMA_CalcBaseAndBitshift  stm32h7xx_hal_dma.o
    0x08001394   0x08001394   0x000000c4   Code   RO         2644    i.DMA_CalcDMAMUXChannelBaseAndMask  stm32h7xx_hal_dma.o
    0x08001458   0x08001458   0x00000098   Code   RO         2645    i.DMA_CalcDMAMUXRequestGenBaseAndMask  stm32h7xx_hal_dma.o
    0x080014f0   0x080014f0   0x000000ae   Code   RO         2646    i.DMA_CheckFifoParam  stm32h7xx_hal_dma.o
    0x0800159e   0x0800159e   0x00000002   PAD
    0x080015a0   0x080015a0   0x0000006c   Code   RO         7790    i.DS1302_Read       ds1302.o
    0x0800160c   0x0800160c   0x00000002   Code   RO          859    i.DebugMon_Handler  stm32h7xx_it.o
    0x0800160e   0x0800160e   0x00000002   PAD
    0x08001610   0x08001610   0x00000058   Code   RO          665    i.Delay_us          tim.o
    0x08001668   0x08001668   0x0000015c   Code   RO         8009    i.DisplayGRAM_Power  ui.o
    0x080017c4   0x080017c4   0x0000000a   Code   RO          860    i.EXTI9_5_IRQHandler  stm32h7xx_it.o
    0x080017ce   0x080017ce   0x00000006   Code   RO           13    i.Error_Handler     main.o
    0x080017d4   0x080017d4   0x00000012   Code   RO         7412    i.FATFS_LinkDriver  ff_gen_drv.o
    0x080017e6   0x080017e6   0x00000002   PAD
    0x080017e8   0x080017e8   0x00000054   Code   RO         7413    i.FATFS_LinkDriverEx  ff_gen_drv.o
    0x0800183c   0x0800183c   0x00000080   Code   RO         7670    i.Fatfs_SD_Init     sdtest.o
    0x080018bc   0x080018bc   0x00000204   Code   RO         8010    i.GetPowerValue     ui.o
    0x08001ac0   0x08001ac0   0x00000078   Code   RO         8011    i.GetPower_State    ui.o
    0x08001b38   0x08001b38   0x00000158   Code   RO         7671    i.Get_SD_information  sdtest.o
    0x08001c90   0x08001c90   0x000000b8   Code   RO         1679    i.HAL_ADCEx_Calibration_Start  stm32h7xx_hal_adc_ex.o
    0x08001d48   0x08001d48   0x00000544   Code   RO         1425    i.HAL_ADC_ConfigChannel  stm32h7xx_hal_adc.o
    0x0800228c   0x0800228c   0x00000008   Code   RO         1432    i.HAL_ADC_GetValue  stm32h7xx_hal_adc.o
    0x08002294   0x08002294   0x0000028c   Code   RO         1434    i.HAL_ADC_Init      stm32h7xx_hal_adc.o
    0x08002520   0x08002520   0x00000058   Code   RO          465    i.HAL_ADC_MspInit   adc.o
    0x08002578   0x08002578   0x00000164   Code   RO         1438    i.HAL_ADC_PollForConversion  stm32h7xx_hal_adc.o
    0x080026dc   0x080026dc   0x00000134   Code   RO         1440    i.HAL_ADC_Start     stm32h7xx_hal_adc.o
    0x08002810   0x08002810   0x0000004a   Code   RO         1443    i.HAL_ADC_Stop      stm32h7xx_hal_adc.o
    0x0800285a   0x0800285a   0x00000002   PAD
    0x0800285c   0x0800285c   0x00000398   Code   RO         2649    i.HAL_DMA_Abort_IT  stm32h7xx_hal_dma.o
    0x08002bf4   0x08002bf4   0x00000af8   Code   RO         2653    i.HAL_DMA_IRQHandler  stm32h7xx_hal_dma.o
    0x080036ec   0x080036ec   0x00000520   Code   RO         2654    i.HAL_DMA_Init      stm32h7xx_hal_dma.o
    0x08003c0c   0x08003c0c   0x00000028   Code   RO         3503    i.HAL_Delay         stm32h7xx_hal.o
    0x08003c34   0x08003c34   0x00000178   Code   RO         2493    i.HAL_GPIO_DeInit   stm32h7xx_hal_gpio.o
    0x08003dac   0x08003dac   0x000000d4   Code   RO         7611    i.HAL_GPIO_EXTI_Callback  ad7767.o
    0x08003e80   0x08003e80   0x0000001c   Code   RO         2495    i.HAL_GPIO_EXTI_IRQHandler  stm32h7xx_hal_gpio.o
    0x08003e9c   0x08003e9c   0x000001fc   Code   RO         2496    i.HAL_GPIO_Init     stm32h7xx_hal_gpio.o
    0x08004098   0x08004098   0x00000010   Code   RO         2498    i.HAL_GPIO_ReadPin  stm32h7xx_hal_gpio.o
    0x080040a8   0x080040a8   0x0000000c   Code   RO         2500    i.HAL_GPIO_WritePin  stm32h7xx_hal_gpio.o
    0x080040b4   0x080040b4   0x0000000c   Code   RO         3514    i.HAL_GetREVID      stm32h7xx_hal.o
    0x080040c0   0x080040c0   0x0000000c   Code   RO         3515    i.HAL_GetTick       stm32h7xx_hal.o
    0x080040cc   0x080040cc   0x00000018   Code   RO         3521    i.HAL_IncTick       stm32h7xx_hal.o
    0x080040e4   0x080040e4   0x00000060   Code   RO         3522    i.HAL_Init          stm32h7xx_hal.o
    0x08004144   0x08004144   0x00000058   Code   RO         3523    i.HAL_InitTick      stm32h7xx_hal.o
    0x0800419c   0x0800419c   0x0000006e   Code   RO         2832    i.HAL_MDMA_ConfigPostRequestMask  stm32h7xx_hal_mdma.o
    0x0800420a   0x0800420a   0x0000006c   Code   RO         2838    i.HAL_MDMA_Init     stm32h7xx_hal_mdma.o
    0x08004276   0x08004276   0x00000002   PAD
    0x08004278   0x08004278   0x0000005c   Code   RO         3351    i.HAL_MPU_ConfigRegion  stm32h7xx_hal_cortex.o
    0x080042d4   0x080042d4   0x0000002c   Code   RO         3352    i.HAL_MPU_Disable   stm32h7xx_hal_cortex.o
    0x08004300   0x08004300   0x00000040   Code   RO         3353    i.HAL_MPU_Enable    stm32h7xx_hal_cortex.o
    0x08004340   0x08004340   0x00000024   Code   RO         1110    i.HAL_MspInit       stm32h7xx_hal_msp.o
    0x08004364   0x08004364   0x00000044   Code   RO         3355    i.HAL_NVIC_DisableIRQ  stm32h7xx_hal_cortex.o
    0x080043a8   0x080043a8   0x00000028   Code   RO         3356    i.HAL_NVIC_EnableIRQ  stm32h7xx_hal_cortex.o
    0x080043d0   0x080043d0   0x0000007a   Code   RO         3362    i.HAL_NVIC_SetPriority  stm32h7xx_hal_cortex.o
    0x0800444a   0x0800444a   0x00000002   PAD
    0x0800444c   0x0800444c   0x00000028   Code   RO         3363    i.HAL_NVIC_SetPriorityGrouping  stm32h7xx_hal_cortex.o
    0x08004474   0x08004474   0x00000060   Code   RO         3097    i.HAL_PWREx_ConfigSupply  stm32h7xx_hal_pwr_ex.o
    0x080044d4   0x080044d4   0x00000024   Code   RO         2059    i.HAL_RCCEx_GetD3PCLK1Freq  stm32h7xx_hal_rcc_ex.o
    0x080044f8   0x080044f8   0x00000230   Code   RO         2060    i.HAL_RCCEx_GetPLL1ClockFreq  stm32h7xx_hal_rcc_ex.o
    0x08004728   0x08004728   0x00000230   Code   RO         2061    i.HAL_RCCEx_GetPLL2ClockFreq  stm32h7xx_hal_rcc_ex.o
    0x08004958   0x08004958   0x00000230   Code   RO         2062    i.HAL_RCCEx_GetPLL3ClockFreq  stm32h7xx_hal_rcc_ex.o
    0x08004b88   0x08004b88   0x00000754   Code   RO         2064    i.HAL_RCCEx_GetPeriphCLKFreq  stm32h7xx_hal_rcc_ex.o
    0x080052dc   0x080052dc   0x00000b64   Code   RO         2068    i.HAL_RCCEx_PeriphCLKConfig  stm32h7xx_hal_rcc_ex.o
    0x08005e40   0x08005e40   0x00000320   Code   RO         1944    i.HAL_RCC_ClockConfig  stm32h7xx_hal_rcc.o
    0x08006160   0x08006160   0x0000004c   Code   RO         1949    i.HAL_RCC_GetHCLKFreq  stm32h7xx_hal_rcc.o
    0x080061ac   0x080061ac   0x00000024   Code   RO         1951    i.HAL_RCC_GetPCLK1Freq  stm32h7xx_hal_rcc.o
    0x080061d0   0x080061d0   0x00000024   Code   RO         1952    i.HAL_RCC_GetPCLK2Freq  stm32h7xx_hal_rcc.o
    0x080061f4   0x080061f4   0x0000022c   Code   RO         1953    i.HAL_RCC_GetSysClockFreq  stm32h7xx_hal_rcc.o
    0x08006420   0x08006420   0x00000800   Code   RO         1956    i.HAL_RCC_OscConfig  stm32h7xx_hal_rcc.o
    0x08006c20   0x08006c20   0x00000002   Code   RO         5761    i.HAL_SDEx_Read_DMADoubleBuf0CpltCallback  stm32h7xx_hal_sd.o
    0x08006c22   0x08006c22   0x00000002   Code   RO         5762    i.HAL_SDEx_Read_DMADoubleBuf1CpltCallback  stm32h7xx_hal_sd.o
    0x08006c24   0x08006c24   0x00000002   Code   RO         5763    i.HAL_SDEx_Write_DMADoubleBuf0CpltCallback  stm32h7xx_hal_sd.o
    0x08006c26   0x08006c26   0x00000002   Code   RO         5764    i.HAL_SDEx_Write_DMADoubleBuf1CpltCallback  stm32h7xx_hal_sd.o
    0x08006c28   0x08006c28   0x00000180   Code   RO         5769    i.HAL_SD_ConfigWideBusOperation  stm32h7xx_hal_sd.o
    0x08006da8   0x08006da8   0x00000028   Code   RO         5770    i.HAL_SD_DeInit     stm32h7xx_hal_sd.o
    0x08006dd0   0x08006dd0   0x00000002   Code   RO         5772    i.HAL_SD_ErrorCallback  stm32h7xx_hal_sd.o
    0x08006dd2   0x08006dd2   0x00000002   PAD
    0x08006dd4   0x08006dd4   0x000001c8   Code   RO         5774    i.HAL_SD_GetCardCSD  stm32h7xx_hal_sd.o
    0x08006f9c   0x08006f9c   0x00000026   Code   RO         5775    i.HAL_SD_GetCardInfo  stm32h7xx_hal_sd.o
    0x08006fc2   0x08006fc2   0x00000024   Code   RO         5776    i.HAL_SD_GetCardState  stm32h7xx_hal_sd.o
    0x08006fe6   0x08006fe6   0x00000002   PAD
    0x08006fe8   0x08006fe8   0x000000e8   Code   RO         5777    i.HAL_SD_GetCardStatus  stm32h7xx_hal_sd.o
    0x080070d0   0x080070d0   0x00000274   Code   RO         5780    i.HAL_SD_IRQHandler  stm32h7xx_hal_sd.o
    0x08007344   0x08007344   0x000000b2   Code   RO         5781    i.HAL_SD_Init       stm32h7xx_hal_sd.o
    0x080073f6   0x080073f6   0x00000002   PAD
    0x080073f8   0x080073f8   0x000000cc   Code   RO         5782    i.HAL_SD_InitCard   stm32h7xx_hal_sd.o
    0x080074c4   0x080074c4   0x00000044   Code   RO          564    i.HAL_SD_MspDeInit  sdmmc.o
    0x08007508   0x08007508   0x000000cc   Code   RO          565    i.HAL_SD_MspInit    sdmmc.o
    0x080075d4   0x080075d4   0x000000ec   Code   RO         5786    i.HAL_SD_ReadBlocks_DMA  stm32h7xx_hal_sd.o
    0x080076c0   0x080076c0   0x0000000a   Code   RO         1148    i.HAL_SD_RxCpltCallback  bsp_driver_sd.o
    0x080076ca   0x080076ca   0x0000000a   Code   RO         1149    i.HAL_SD_TxCpltCallback  bsp_driver_sd.o
    0x080076d4   0x080076d4   0x000000ec   Code   RO         5791    i.HAL_SD_WriteBlocks_DMA  stm32h7xx_hal_sd.o
    0x080077c0   0x080077c0   0x00000002   Code   RO         6075    i.HAL_SPI_ErrorCallback  stm32h7xx_hal_spi.o
    0x080077c2   0x080077c2   0x00000002   PAD
    0x080077c4   0x080077c4   0x000002ac   Code   RO         6078    i.HAL_SPI_IRQHandler  stm32h7xx_hal_spi.o
    0x08007a70   0x08007a70   0x00000180   Code   RO         6079    i.HAL_SPI_Init      stm32h7xx_hal_spi.o
    0x08007bf0   0x08007bf0   0x000000e8   Code   RO          624    i.HAL_SPI_MspInit   spi.o
    0x08007cd8   0x08007cd8   0x000002c2   Code   RO         6082    i.HAL_SPI_Receive   stm32h7xx_hal_spi.o
    0x08007f9a   0x08007f9a   0x00000002   Code   RO         6085    i.HAL_SPI_RxCpltCallback  stm32h7xx_hal_spi.o
    0x08007f9c   0x08007f9c   0x00000406   Code   RO         6088    i.HAL_SPI_TransmitReceive  stm32h7xx_hal_spi.o
    0x080083a2   0x080083a2   0x00000002   Code   RO         6093    i.HAL_SPI_TxCpltCallback  stm32h7xx_hal_spi.o
    0x080083a4   0x080083a4   0x00000002   Code   RO         6095    i.HAL_SPI_TxRxCpltCallback  stm32h7xx_hal_spi.o
    0x080083a6   0x080083a6   0x00000002   PAD
    0x080083a8   0x080083a8   0x00000014   Code   RO         3527    i.HAL_SYSCFG_AnalogSwitchConfig  stm32h7xx_hal.o
    0x080083bc   0x080083bc   0x00000034   Code   RO         3367    i.HAL_SYSTICK_Config  stm32h7xx_hal_cortex.o
    0x080083f0   0x080083f0   0x00000002   Code   RO         5123    i.HAL_TIMEx_Break2Callback  stm32h7xx_hal_tim_ex.o
    0x080083f2   0x080083f2   0x00000002   Code   RO         5124    i.HAL_TIMEx_BreakCallback  stm32h7xx_hal_tim_ex.o
    0x080083f4   0x080083f4   0x00000002   Code   RO         5125    i.HAL_TIMEx_CommutCallback  stm32h7xx_hal_tim_ex.o
    0x080083f6   0x080083f6   0x00000002   PAD
    0x080083f8   0x080083f8   0x000000cc   Code   RO         5145    i.HAL_TIMEx_MasterConfigSynchronization  stm32h7xx_hal_tim_ex.o
    0x080084c4   0x080084c4   0x0000006e   Code   RO         4398    i.HAL_TIM_Base_Init  stm32h7xx_hal_tim.o
    0x08008532   0x08008532   0x00000002   PAD
    0x08008534   0x08008534   0x000000e4   Code   RO          667    i.HAL_TIM_Base_MspInit  tim.o
    0x08008618   0x08008618   0x000000b4   Code   RO         4403    i.HAL_TIM_Base_Start_IT  stm32h7xx_hal_tim.o
    0x080086cc   0x080086cc   0x00000032   Code   RO         4404    i.HAL_TIM_Base_Stop  stm32h7xx_hal_tim.o
    0x080086fe   0x080086fe   0x00000002   Code   RO         4432    i.HAL_TIM_IC_CaptureCallback  stm32h7xx_hal_tim.o
    0x08008700   0x08008700   0x000001b8   Code   RO         4446    i.HAL_TIM_IRQHandler  stm32h7xx_hal_tim.o
    0x080088b8   0x080088b8   0x000000f0   Code   RO          668    i.HAL_TIM_MspPostInit  tim.o
    0x080089a8   0x080089a8   0x00000002   Code   RO         4449    i.HAL_TIM_OC_DelayElapsedCallback  stm32h7xx_hal_tim.o
    0x080089aa   0x080089aa   0x00000170   Code   RO         4470    i.HAL_TIM_PWM_ConfigChannel  stm32h7xx_hal_tim.o
    0x08008b1a   0x08008b1a   0x0000006e   Code   RO         4473    i.HAL_TIM_PWM_Init  stm32h7xx_hal_tim.o
    0x08008b88   0x08008b88   0x00000058   Code   RO          672    i.HAL_TIM_PWM_MspInit  tim.o
    0x08008be0   0x08008be0   0x00000002   Code   RO         4476    i.HAL_TIM_PWM_PulseFinishedCallback  stm32h7xx_hal_tim.o
    0x08008be2   0x08008be2   0x00000002   PAD
    0x08008be4   0x08008be4   0x00000164   Code   RO         4478    i.HAL_TIM_PWM_Start  stm32h7xx_hal_tim.o
    0x08008d48   0x08008d48   0x000001c0   Code   RO         7526    i.HAL_TIM_PeriodElapsedCallback  app_work.o
    0x08008f08   0x08008f08   0x00000002   Code   RO         4489    i.HAL_TIM_TriggerCallback  stm32h7xx_hal_tim.o
    0x08008f0a   0x08008f0a   0x0000004e   Code   RO         6821    i.HAL_UARTEx_DisableFifoMode  stm32h7xx_hal_uart_ex.o
    0x08008f58   0x08008f58   0x0000005e   Code   RO         6829    i.HAL_UARTEx_SetRxFifoThreshold  stm32h7xx_hal_uart_ex.o
    0x08008fb6   0x08008fb6   0x0000005e   Code   RO         6830    i.HAL_UARTEx_SetTxFifoThreshold  stm32h7xx_hal_uart_ex.o
    0x08009014   0x08009014   0x00000078   Code   RO         6425    i.HAL_UART_Init     stm32h7xx_hal_uart.o
    0x0800908c   0x0800908c   0x0000011c   Code   RO          800    i.HAL_UART_MspInit  usart.o
    0x080091a8   0x080091a8   0x000000d6   Code   RO         6434    i.HAL_UART_Transmit  stm32h7xx_hal_uart.o
    0x0800927e   0x0800927e   0x00000002   PAD
    0x08009280   0x08009280   0x00000020   Code   RO          861    i.HardFault_Handler  stm32h7xx_it.o
    0x080092a0   0x080092a0   0x00000024   Code   RO         7881    i.IOInitOut         bsp_lcd12864.o
    0x080092c4   0x080092c4   0x0000004a   Code   RO         7882    i.InitDis           bsp_lcd12864.o
    0x0800930e   0x0800930e   0x00000002   PAD
    0x08009310   0x08009310   0x00000010   Code   RO         1446    i.LL_ADC_Enable     stm32h7xx_hal_adc.o
    0x08009320   0x08009320   0x0000000a   Code   RO         1447    i.LL_ADC_GetMultiDMATransfer  stm32h7xx_hal_adc.o
    0x0800932a   0x0800932a   0x0000000a   Code   RO         1448    i.LL_ADC_GetMultimode  stm32h7xx_hal_adc.o
    0x08009334   0x08009334   0x0000000a   Code   RO         1449    i.LL_ADC_INJ_IsConversionOngoing  stm32h7xx_hal_adc.o
    0x0800933e   0x0800933e   0x0000000a   Code   RO         1450    i.LL_ADC_IsDisableOngoing  stm32h7xx_hal_adc.o
    0x08009348   0x08009348   0x0000000a   Code   RO         1451    i.LL_ADC_IsEnabled  stm32h7xx_hal_adc.o
    0x08009352   0x08009352   0x0000000a   Code   RO         1452    i.LL_ADC_IsInternalRegulatorEnabled  stm32h7xx_hal_adc.o
    0x0800935c   0x0800935c   0x0000000a   Code   RO         1453    i.LL_ADC_REG_IsConversionOngoing  stm32h7xx_hal_adc.o
    0x08009366   0x08009366   0x00000012   Code   RO         1454    i.LL_ADC_REG_IsTriggerSourceSWStart  stm32h7xx_hal_adc.o
    0x08009378   0x08009378   0x00000010   Code   RO         1455    i.LL_ADC_REG_StartConversion  stm32h7xx_hal_adc.o
    0x08009388   0x08009388   0x00000028   Code   RO         1457    i.LL_ADC_SetChannelSamplingTime  stm32h7xx_hal_adc.o
    0x080093b0   0x080093b0   0x0000000c   Code   RO         1458    i.LL_ADC_SetCommonPathInternalCh  stm32h7xx_hal_adc.o
    0x080093bc   0x080093bc   0x00000038   Code   RO         7883    i.Lcd_Write_Cmd     bsp_lcd12864.o
    0x080093f4   0x080093f4   0x00000038   Code   RO         7884    i.Lcd_Write_Data    bsp_lcd12864.o
    0x0800942c   0x0800942c   0x000000c4   Code   RO         2849    i.MDMA_Init         stm32h7xx_hal_mdma.o
    0x080094f0   0x080094f0   0x0000005c   Code   RO           14    i.MPU_Config        main.o
    0x0800954c   0x0800954c   0x00000084   Code   RO          466    i.MX_ADC3_Init      adc.o
    0x080095d0   0x080095d0   0x00000034   Code   RO          506    i.MX_DMA_Init       dma.o
    0x08009604   0x08009604   0x0000001c   Code   RO         1376    i.MX_FATFS_Init     fatfs.o
    0x08009620   0x08009620   0x000001fc   Code   RO          306    i.MX_GPIO_Init      gpio.o
    0x0800981c   0x0800981c   0x0000007c   Code   RO          533    i.MX_MDMA_Init      mdma.o
    0x08009898   0x08009898   0x00000028   Code   RO          566    i.MX_SDMMC1_SD_Init  sdmmc.o
    0x080098c0   0x080098c0   0x00000060   Code   RO          625    i.MX_SPI1_Init      spi.o
    0x08009920   0x08009920   0x00000060   Code   RO          673    i.MX_TIM12_Init     tim.o
    0x08009980   0x08009980   0x00000034   Code   RO          674    i.MX_TIM13_Init     tim.o
    0x080099b4   0x080099b4   0x00000080   Code   RO          676    i.MX_TIM3_Init      tim.o
    0x08009a34   0x08009a34   0x0000004c   Code   RO          678    i.MX_TIM6_Init      tim.o
    0x08009a80   0x08009a80   0x0000004c   Code   RO          679    i.MX_TIM7_Init      tim.o
    0x08009acc   0x08009acc   0x0000006c   Code   RO          801    i.MX_USART1_UART_Init  usart.o
    0x08009b38   0x08009b38   0x00000020   Code   RO          862    i.MemManage_Handler  stm32h7xx_it.o
    0x08009b58   0x08009b58   0x00000004   Code   RO          863    i.NMI_Handler       stm32h7xx_it.o
    0x08009b5c   0x08009b5c   0x00000002   Code   RO          864    i.PendSV_Handler    stm32h7xx_it.o
    0x08009b5e   0x08009b5e   0x00000048   Code   RO           15    i.PeriphCommonClock_Config  main.o
    0x08009ba6   0x08009ba6   0x00000002   PAD
    0x08009ba8   0x08009ba8   0x00000164   Code   RO         2071    i.RCCEx_PLL2_Config  stm32h7xx_hal_rcc_ex.o
    0x08009d0c   0x08009d0c   0x00000164   Code   RO         2072    i.RCCEx_PLL3_Config  stm32h7xx_hal_rcc_ex.o
    0x08009e70   0x08009e70   0x0000004c   Code   RO         7792    i.RTC_Init          ds1302.o
    0x08009ebc   0x08009ebc   0x000000c0   Code   RO         7793    i.RTC_Read          ds1302.o
    0x08009f7c   0x08009f7c   0x000000b0   Code   RO         7527    i.Read_battery      app_work.o
    0x0800a02c   0x0800a02c   0x00000010   Code   RO         7612    i.S24toS32          ad7767.o
    0x0800a03c   0x0800a03c   0x00000010   Code   RO          865    i.SDMMC1_IRQHandler  stm32h7xx_it.o
    0x0800a04c   0x0800a04c   0x0000003a   Code   RO         5414    i.SDMMC_CmdAppCommand  stm32h7xx_ll_sdmmc.o
    0x0800a086   0x0800a086   0x00000034   Code   RO         5415    i.SDMMC_CmdAppOperCommand  stm32h7xx_ll_sdmmc.o
    0x0800a0ba   0x0800a0ba   0x00000038   Code   RO         5416    i.SDMMC_CmdBlockLength  stm32h7xx_ll_sdmmc.o
    0x0800a0f2   0x0800a0f2   0x0000003a   Code   RO         5417    i.SDMMC_CmdBusWidth  stm32h7xx_ll_sdmmc.o
    0x0800a12c   0x0800a12c   0x0000002c   Code   RO         5421    i.SDMMC_CmdGoIdleState  stm32h7xx_ll_sdmmc.o
    0x0800a158   0x0800a158   0x00000034   Code   RO         5423    i.SDMMC_CmdOperCond  stm32h7xx_ll_sdmmc.o
    0x0800a18c   0x0800a18c   0x0000003a   Code   RO         5424    i.SDMMC_CmdReadMultiBlock  stm32h7xx_ll_sdmmc.o
    0x0800a1c6   0x0800a1c6   0x0000003a   Code   RO         5425    i.SDMMC_CmdReadSingleBlock  stm32h7xx_ll_sdmmc.o
    0x0800a200   0x0800a200   0x0000003a   Code   RO         5428    i.SDMMC_CmdSelDesel  stm32h7xx_ll_sdmmc.o
    0x0800a23a   0x0800a23a   0x00000034   Code   RO         5429    i.SDMMC_CmdSendCID  stm32h7xx_ll_sdmmc.o
    0x0800a26e   0x0800a26e   0x00000034   Code   RO         5430    i.SDMMC_CmdSendCSD  stm32h7xx_ll_sdmmc.o
    0x0800a2a2   0x0800a2a2   0x0000003a   Code   RO         5432    i.SDMMC_CmdSendSCR  stm32h7xx_ll_sdmmc.o
    0x0800a2dc   0x0800a2dc   0x0000003a   Code   RO         5433    i.SDMMC_CmdSendStatus  stm32h7xx_ll_sdmmc.o
    0x0800a316   0x0800a316   0x0000003a   Code   RO         5434    i.SDMMC_CmdSetRelAdd  stm32h7xx_ll_sdmmc.o
    0x0800a350   0x0800a350   0x0000003a   Code   RO         5437    i.SDMMC_CmdStatusRegister  stm32h7xx_ll_sdmmc.o
    0x0800a38a   0x0800a38a   0x00000002   PAD
    0x0800a38c   0x0800a38c   0x0000005c   Code   RO         5438    i.SDMMC_CmdStopTransfer  stm32h7xx_ll_sdmmc.o
    0x0800a3e8   0x0800a3e8   0x0000003a   Code   RO         5441    i.SDMMC_CmdWriteMultiBlock  stm32h7xx_ll_sdmmc.o
    0x0800a422   0x0800a422   0x0000003a   Code   RO         5442    i.SDMMC_CmdWriteSingleBlock  stm32h7xx_ll_sdmmc.o
    0x0800a45c   0x0800a45c   0x0000002c   Code   RO         5443    i.SDMMC_ConfigData  stm32h7xx_ll_sdmmc.o
    0x0800a488   0x0800a488   0x00000044   Code   RO         5444    i.SDMMC_GetCmdError  stm32h7xx_ll_sdmmc.o
    0x0800a4cc   0x0800a4cc   0x000001b0   Code   RO         5445    i.SDMMC_GetCmdResp1  stm32h7xx_ll_sdmmc.o
    0x0800a67c   0x0800a67c   0x00000068   Code   RO         5446    i.SDMMC_GetCmdResp2  stm32h7xx_ll_sdmmc.o
    0x0800a6e4   0x0800a6e4   0x0000005c   Code   RO         5447    i.SDMMC_GetCmdResp3  stm32h7xx_ll_sdmmc.o
    0x0800a740   0x0800a740   0x000000bc   Code   RO         5448    i.SDMMC_GetCmdResp6  stm32h7xx_ll_sdmmc.o
    0x0800a7fc   0x0800a7fc   0x0000006c   Code   RO         5449    i.SDMMC_GetCmdResp7  stm32h7xx_ll_sdmmc.o
    0x0800a868   0x0800a868   0x00000008   Code   RO         5450    i.SDMMC_GetCommandResponse  stm32h7xx_ll_sdmmc.o
    0x0800a870   0x0800a870   0x0000000a   Code   RO         5453    i.SDMMC_GetPowerState  stm32h7xx_ll_sdmmc.o
    0x0800a87a   0x0800a87a   0x0000000c   Code   RO         5454    i.SDMMC_GetResponse  stm32h7xx_ll_sdmmc.o
    0x0800a886   0x0800a886   0x00000002   PAD
    0x0800a888   0x0800a888   0x00000034   Code   RO         5455    i.SDMMC_Init        stm32h7xx_ll_sdmmc.o
    0x0800a8bc   0x0800a8bc   0x0000000e   Code   RO         5457    i.SDMMC_PowerState_OFF  stm32h7xx_ll_sdmmc.o
    0x0800a8ca   0x0800a8ca   0x0000000e   Code   RO         5458    i.SDMMC_PowerState_ON  stm32h7xx_ll_sdmmc.o
    0x0800a8d8   0x0800a8d8   0x00000008   Code   RO         5459    i.SDMMC_ReadFIFO    stm32h7xx_ll_sdmmc.o
    0x0800a8e0   0x0800a8e0   0x0000002c   Code   RO         5460    i.SDMMC_SendCommand  stm32h7xx_ll_sdmmc.o
    0x0800a90c   0x0800a90c   0x0000000c   Code   RO         5462    i.SDMMC_WriteFIFO   stm32h7xx_ll_sdmmc.o
    0x0800a918   0x0800a918   0x00000028   Code   RO         1257    i.SD_CheckStatus    sd_diskio.o
    0x0800a940   0x0800a940   0x00000026   Code   RO         1258    i.SD_CheckStatusWithTimeout  sd_diskio.o
    0x0800a966   0x0800a966   0x00000002   PAD
    0x0800a968   0x0800a968   0x00000140   Code   RO         5793    i.SD_FindSCR        stm32h7xx_hal_sd.o
    0x0800aaa8   0x0800aaa8   0x0000010a   Code   RO         5795    i.SD_InitCard       stm32h7xx_hal_sd.o
    0x0800abb2   0x0800abb2   0x0000000c   Code   RO         5796    i.SD_PowerOFF       stm32h7xx_hal_sd.o
    0x0800abbe   0x0800abbe   0x00000002   PAD
    0x0800abc0   0x0800abc0   0x000000cc   Code   RO         5797    i.SD_PowerON        stm32h7xx_hal_sd.o
    0x0800ac8c   0x0800ac8c   0x00000042   Code   RO         5798    i.SD_Read_IT        stm32h7xx_hal_sd.o
    0x0800acce   0x0800acce   0x00000002   PAD
    0x0800acd0   0x0800acd0   0x00000134   Code   RO         5799    i.SD_SendSDStatus   stm32h7xx_hal_sd.o
    0x0800ae04   0x0800ae04   0x00000030   Code   RO         5800    i.SD_SendStatus     stm32h7xx_hal_sd.o
    0x0800ae34   0x0800ae34   0x00000068   Code   RO         5801    i.SD_WideBus_Disable  stm32h7xx_hal_sd.o
    0x0800ae9c   0x0800ae9c   0x00000068   Code   RO         5802    i.SD_WideBus_Enable  stm32h7xx_hal_sd.o
    0x0800af04   0x0800af04   0x00000052   Code   RO         5803    i.SD_Write_IT       stm32h7xx_hal_sd.o
    0x0800af56   0x0800af56   0x00000002   PAD
    0x0800af58   0x0800af58   0x00000020   Code   RO         1259    i.SD_initialize     sd_diskio.o
    0x0800af78   0x0800af78   0x0000006c   Code   RO         1260    i.SD_ioctl          sd_diskio.o
    0x0800afe4   0x0800afe4   0x000001cc   Code   RO         1261    i.SD_read           sd_diskio.o
    0x0800b1b0   0x0800b1b0   0x0000000c   Code   RO         1262    i.SD_status         sd_diskio.o
    0x0800b1bc   0x0800b1bc   0x000001c4   Code   RO         1263    i.SD_write          sd_diskio.o
    0x0800b380   0x0800b380   0x00000010   Code   RO          866    i.SPI1_IRQHandler   stm32h7xx_it.o
    0x0800b390   0x0800b390   0x000000d6   Code   RO         6098    i.SPI_CloseTransfer  stm32h7xx_hal_spi.o
    0x0800b466   0x0800b466   0x0000001c   Code   RO         6099    i.SPI_DMAAbortOnError  stm32h7xx_hal_spi.o
    0x0800b482   0x0800b482   0x0000001a   Code   RO         6109    i.SPI_GetPacketSize  stm32h7xx_hal_spi.o
    0x0800b49c   0x0800b49c   0x00000040   Code   RO         6116    i.SPI_WaitOnFlagUntilTimeout  stm32h7xx_hal_spi.o
    0x0800b4dc   0x0800b4dc   0x00000002   Code   RO          867    i.SVC_Handler       stm32h7xx_it.o
    0x0800b4de   0x0800b4de   0x00000002   PAD
    0x0800b4e0   0x0800b4e0   0x0000005c   Code   RO         7885    i.SendByte          bsp_lcd12864.o
    0x0800b53c   0x0800b53c   0x00000028   Code   RO         7795    i.Set_SDIO_IN       ds1302.o
    0x0800b564   0x0800b564   0x00000028   Code   RO         7796    i.Set_SDIO_OUT      ds1302.o
    0x0800b58c   0x0800b58c   0x00000008   Code   RO          868    i.SysTick_Handler   stm32h7xx_it.o
    0x0800b594   0x0800b594   0x000000e4   Code   RO           16    i.SystemClock_Config  main.o
    0x0800b678   0x0800b678   0x000000fc   Code   RO         6939    i.SystemInit        system_stm32h7xx.o
    0x0800b774   0x0800b774   0x00000010   Code   RO          869    i.TIM17_IRQHandler  stm32h7xx_it.o
    0x0800b784   0x0800b784   0x00000010   Code   RO          870    i.TIM7_IRQHandler   stm32h7xx_it.o
    0x0800b794   0x0800b794   0x00000010   Code   RO          871    i.TIM8_UP_TIM13_IRQHandler  stm32h7xx_it.o
    0x0800b7a4   0x0800b7a4   0x000000cc   Code   RO         4491    i.TIM_Base_SetConfig  stm32h7xx_hal_tim.o
    0x0800b870   0x0800b870   0x00000022   Code   RO         4492    i.TIM_CCxChannelCmd  stm32h7xx_hal_tim.o
    0x0800b892   0x0800b892   0x00000002   PAD
    0x0800b894   0x0800b894   0x000000ac   Code   RO         4504    i.TIM_OC1_SetConfig  stm32h7xx_hal_tim.o
    0x0800b940   0x0800b940   0x000000b4   Code   RO         4505    i.TIM_OC2_SetConfig  stm32h7xx_hal_tim.o
    0x0800b9f4   0x0800b9f4   0x000000b4   Code   RO         4506    i.TIM_OC3_SetConfig  stm32h7xx_hal_tim.o
    0x0800baa8   0x0800baa8   0x00000074   Code   RO         4507    i.TIM_OC4_SetConfig  stm32h7xx_hal_tim.o
    0x0800bb1c   0x0800bb1c   0x00000070   Code   RO         4508    i.TIM_OC5_SetConfig  stm32h7xx_hal_tim.o
    0x0800bb8c   0x0800bb8c   0x00000070   Code   RO         4509    i.TIM_OC6_SetConfig  stm32h7xx_hal_tim.o
    0x0800bbfc   0x0800bbfc   0x00000058   Code   RO         6834    i.UARTEx_SetNbDataToProcess  stm32h7xx_hal_uart_ex.o
    0x0800bc54   0x0800bc54   0x000000f8   Code   RO         6439    i.UART_AdvFeatureConfig  stm32h7xx_hal_uart.o
    0x0800bd4c   0x0800bd4c   0x00000076   Code   RO         6440    i.UART_CheckIdleState  stm32h7xx_hal_uart.o
    0x0800bdc2   0x0800bdc2   0x00000002   PAD
    0x0800bdc4   0x0800bdc4   0x0000058c   Code   RO         6458    i.UART_SetConfig    stm32h7xx_hal_uart.o
    0x0800c350   0x0800c350   0x000000fe   Code   RO         6465    i.UART_WaitOnFlagUntilTimeout  stm32h7xx_hal_uart.o
    0x0800c44e   0x0800c44e   0x00000004   Code   RO          872    i.UsageFault_Handler  stm32h7xx_it.o
    0x0800c452   0x0800c452   0x00000002   PAD
    0x0800c454   0x0800c454   0x00000020   Code   RO        11669    i.__0printf         mc_w.l(printfa.o)
    0x0800c474   0x0800c474   0x00000010   Code   RO         3369    i.__NVIC_GetPriorityGrouping  stm32h7xx_hal_cortex.o
    0x0800c484   0x0800c484   0x00000028   Code   RO         3370    i.__NVIC_SetPriority  stm32h7xx_hal_cortex.o
    0x0800c4ac   0x0800c4ac   0x0000000e   Code   RO        11751    i.__scatterload_copy  mc_w.l(handlers.o)
    0x0800c4ba   0x0800c4ba   0x00000002   Code   RO        11752    i.__scatterload_null  mc_w.l(handlers.o)
    0x0800c4bc   0x0800c4bc   0x0000000e   Code   RO        11753    i.__scatterload_zeroinit  mc_w.l(handlers.o)
    0x0800c4ca   0x0800c4ca   0x00000002   PAD
    0x0800c4cc   0x0800c4cc   0x00000184   Code   RO        11676    i._fp_digits        mc_w.l(printfa.o)
    0x0800c650   0x0800c650   0x000006dc   Code   RO        11677    i._printf_core      mc_w.l(printfa.o)
    0x0800cd2c   0x0800cd2c   0x00000024   Code   RO        11678    i._printf_post_padding  mc_w.l(printfa.o)
    0x0800cd50   0x0800cd50   0x0000002e   Code   RO        11679    i._printf_pre_padding  mc_w.l(printfa.o)
    0x0800cd7e   0x0800cd7e   0x00000002   PAD
    0x0800cd80   0x0800cd80   0x0000005c   Code   RO         7613    i.adc7767_init      ad7767.o
    0x0800cddc   0x0800cddc   0x00000002   Code   RO         7528    i.arm_cfft_f32_app  app_work.o
    0x0800cdde   0x0800cdde   0x00000002   PAD
    0x0800cde0   0x0800cde0   0x00000064   Code   RO         7614    i.change_buff       ad7767.o
    0x0800ce44   0x0800ce44   0x0000007c   Code   RO         7030    i.check_fs          ff.o
    0x0800cec0   0x0800cec0   0x00000028   Code   RO         7033    i.clear_lock        ff.o
    0x0800cee8   0x0800cee8   0x0000002c   Code   RO         6975    i.disk_initialize   diskio.o
    0x0800cf14   0x0800cf14   0x00000028   Code   RO         6976    i.disk_ioctl        diskio.o
    0x0800cf3c   0x0800cf3c   0x00000030   Code   RO         6977    i.disk_read         diskio.o
    0x0800cf6c   0x0800cf6c   0x0000001c   Code   RO         6978    i.disk_status       diskio.o
    0x0800cf88   0x0800cf88   0x00000030   Code   RO         6979    i.disk_write        diskio.o
    0x0800cfb8   0x0800cfb8   0x00000058   Code   RO         8012    i.draw_battery_level  ui.o
    0x0800d010   0x0800d010   0x00000068   Code   RO         8016    i.draw_main_page    ui.o
    0x0800d078   0x0800d078   0x00000080   Code   RO         7797    i.ds1302_read       ds1302.o
    0x0800d0f8   0x0800d0f8   0x0000006c   Code   RO         7798    i.ds1302_write      ds1302.o
    0x0800d164   0x0800d164   0x00000684   Code   RO         7054    i.f_mkfs            ff.o
    0x0800d7e8   0x0800d7e8   0x00000060   Code   RO         7055    i.f_mount           ff.o
    0x0800d848   0x0800d848   0x00000300   Code   RO         7069    i.find_volume       ff.o
    0x0800db48   0x0800db48   0x00000018   Code   RO          803    i.fputc             usart.o
    0x0800db60   0x0800db60   0x00000004   Code   RO         1377    i.get_fattime       fatfs.o
    0x0800db64   0x0800db64   0x00000048   Code   RO         7074    i.get_ldnumber      ff.o
    0x0800dbac   0x0800dbac   0x000000c0   Code   RO         7529    i.itoa              app_work.o
    0x0800dc6c   0x0800dc6c   0x00000050   Code   RO         7890    i.lcd_DisStr        bsp_lcd12864.o
    0x0800dcbc   0x0800dcbc   0x0000000a   Code   RO         7891    i.lcd_clear         bsp_lcd12864.o
    0x0800dcc6   0x0800dcc6   0x00000052   Code   RO         7893    i.lcd_locate        bsp_lcd12864.o
    0x0800dd18   0x0800dd18   0x00000018   Code   RO         7077    i.ld_dword          ff.o
    0x0800dd30   0x0800dd30   0x0000000c   Code   RO         7078    i.ld_word           ff.o
    0x0800dd3c   0x0800dd3c   0x000001cc   Code   RO           17    i.main              main.o
    0x0800df08   0x0800df08   0x0000001a   Code   RO         7080    i.mem_cpy           ff.o
    0x0800df22   0x0800df22   0x00000012   Code   RO         7081    i.mem_set           ff.o
    0x0800df34   0x0800df34   0x00000034   Code   RO         7082    i.move_window       ff.o
    0x0800df68   0x0800df68   0x00000018   Code   RO         7091    i.st_dword          ff.o
    0x0800df80   0x0800df80   0x0000000c   Code   RO         7092    i.st_word           ff.o
    0x0800df8c   0x0800df8c   0x00000052   Code   RO         7095    i.sync_window       ff.o
    0x0800dfde   0x0800dfde   0x00000002   PAD
    0x0800dfe0   0x0800dfe0   0x00000014   Data   RO         1265    .constdata          sd_diskio.o
    0x0800dff4   0x0800dff4   0x00000008   Data   RO         2660    .constdata          stm32h7xx_hal_dma.o
    0x0800dffc   0x0800dffc   0x00000018   Data   RO         6466    .constdata          stm32h7xx_hal_uart.o
    0x0800e014   0x0800e014   0x00000010   Data   RO         6836    .constdata          stm32h7xx_hal_uart_ex.o
    0x0800e024   0x0800e024   0x00000010   Data   RO         6940    .constdata          system_stm32h7xx.o
    0x0800e034   0x0800e034   0x000000aa   Data   RO         7098    .constdata          ff.o
    0x0800e0de   0x0800e0de   0x00000002   PAD
    0x0800e0e0   0x0800e0e0   0x00000032   Data   RO         7800    .constdata          ds1302.o
    0x0800e112   0x0800e112   0x00001388   Data   RO         8472    .constdata          chirp.o
    0x0800f49a   0x0800f49a   0x00000002   PAD
    0x0800f49c   0x0800f49c   0x000002b4   Data   RO         7677    .conststring        sdtest.o
    0x0800f750   0x0800f750   0x00000020   Data   RO        11749    Region$$Table       anon$$obj.o


    Execution Region RW_IRAM1 (Exec base: 0x20000000, Load base: 0x0800f770, Size: 0x00000000, Max: 0x00020000, ABSOLUTE)

    **** No section assigned to this execution region ****


    Execution Region RW_IRAM2 (Exec base: 0x24000000, Load base: 0x0800f770, Size: 0x00005608, Max: 0x00080000, ABSOLUTE, COMPRESSED[0x000000f0])

    Exec Addr    Load Addr    Size         Type   Attr      Idx    E Section Name        Object

    0x24000000   COMPRESSED   0x0000000c   Data   RW         1266    .data               sd_diskio.o
    0x2400000c   COMPRESSED   0x00000005   Data   RW         1379    .data               fatfs.o
    0x24000011   COMPRESSED   0x00000003   PAD
    0x24000014   COMPRESSED   0x00000009   Data   RW         3544    .data               stm32h7xx_hal.o
    0x2400001d   COMPRESSED   0x00000003   PAD
    0x24000020   COMPRESSED   0x00000008   Data   RW         6941    .data               system_stm32h7xx.o
    0x24000028   COMPRESSED   0x00000006   Data   RW         7099    .data               ff.o
    0x2400002e   COMPRESSED   0x00000002   PAD
    0x24000030   COMPRESSED   0x0000004e   Data   RW         7530    .data               app_work.o
    0x2400007e   COMPRESSED   0x00000002   PAD
    0x24000080   COMPRESSED   0x0000001e   Data   RW         7616    .data               ad7767.o
    0x2400009e   COMPRESSED   0x00000002   PAD
    0x240000a0   COMPRESSED   0x00000082   Data   RW         7678    .data               sdtest.o
    0x24000122   COMPRESSED   0x00000004   Data   RW         7801    .data               ds1302.o
    0x24000126   COMPRESSED   0x00000002   PAD
    0x24000128   COMPRESSED   0x00000188   Data   RW         8019    .data               ui.o
    0x240002b0   COMPRESSED   0x00000006   Data   RW         8130    .data               cmd.o
    0x240002b6   COMPRESSED   0x00000003   Data   RW         8235    .data               key.o
    0x240002b9   COMPRESSED   0x00000003   PAD
    0x240002bc   COMPRESSED   0x00000004   Data   RW        11735    .data               mc_w.l(stdout.o)
    0x240002c0        -       0x00000064   Zero   RW          467    .bss                adc.o
    0x24000324        -       0x0000006c   Zero   RW          534    .bss                mdma.o
    0x24000390        -       0x0000007c   Zero   RW          569    .bss                sdmmc.o
    0x2400040c        -       0x00000100   Zero   RW          626    .bss                spi.o
    0x2400050c        -       0x00000214   Zero   RW          680    .bss                tim.o
    0x24000720        -       0x00000120   Zero   RW          804    .bss                usart.o
    0x24000840        -       0x00000200   Zero   RW         1264    .bss                sd_diskio.o
    0x24000a40        -       0x00000020   Zero   RW         7097    .bss                ff.o
    0x24000a60        -       0x0000000c   Zero   RW         7416    .bss                ff_gen_drv.o
    0x24000a6c   COMPRESSED   0x00000004   PAD
    0x24000a70        -       0x00002000   Zero   RW         7615    .bss                ad7767.o
    0x24002a70        -       0x00000b7c   Zero   RW         7676    .bss                sdtest.o
    0x240035ec        -       0x00000018   Zero   RW         7799    .bss                ds1302.o
    0x24003604   COMPRESSED   0x00000004   PAD
    0x24003608        -       0x00002000   Zero   RW            1    STACK               startup_stm32h750xx.o


==============================================================================

Image component sizes


      Code (inc. data)   RO Data    RW Data    ZI Data      Debug   Object Name

       420         84          0         30       8192       3284   ad7767.o
       220         22          0          0        100       1853   adc.o
      1038        214          0         78          0       7548   app_work.o
       214         26          0          0          0       5457   bsp_driver_sd.o
       486         22          0          0          0       4644   bsp_lcd12864.o
         0          0       5000          0          0        646   chirp.o
         0          0          0          6          0       3439   cmd.o
       208         24          0          0          0       4093   diskio.o
        52          4          0          0          0        906   dma.o
       692         90         50          4         24       4953   ds1302.o
        32         12          0          5          0       1680   fatfs.o
        24          4          0          0          0        577   fatfs_platform.o
      3018        116        170          6         32      17939   ff.o
       102          6          0          0         12       1707   ff_gen_drv.o
       508         26          0          0          0    1372572   gpio.o
         0          0          0          3          0        305   key.o
       858         70          0          0          0    1322617   main.o
       124         12          0          0        108       1252   mdma.o
      1166         52         20         12        512      48756   sd_diskio.o
       312         44          0          0        124       2443   sdmmc.o
       828        498        692        130       2940       3390   sdtest.o
       328         30          0          0        256       1990   spi.o
        36          8        664          0       8192        844   startup_stm32h750xx.o
       292         58          0          9          0      24164   stm32h7xx_hal.o
      3906        242          0          0          0      79502   stm32h7xx_hal_adc.o
       184         10          0          0          0      61758   stm32h7xx_hal_adc_ex.o
       578         44          0          0          0      43195   stm32h7xx_hal_cortex.o
      5798        122          8          0          0       9711   stm32h7xx_hal_dma.o
       940        104          0          0          0       4500   stm32h7xx_hal_gpio.o
       414          0          0          0          0       2869   stm32h7xx_hal_mdma.o
        36          4          0          0          0        954   stm32h7xx_hal_msp.o
        96          6          0          0          0        785   stm32h7xx_hal_pwr_ex.o
      3552        108          0          0          0       7072   stm32h7xx_hal_rcc.o
      7220        180          0          0          0      10783   stm32h7xx_hal_rcc_ex.o
      4192         66          0          0          0      22384   stm32h7xx_hal_sd.o
      3144         18          0          0          0      11377   stm32h7xx_hal_spi.o
      2732        260          0          0          0      14626   stm32h7xx_hal_tim.o
       210         30          0          0          0       3280   stm32h7xx_hal_tim_ex.o
      2374        122         24          0          0      25862   stm32h7xx_hal_uart.o
       354         10         16          0          0       3833   stm32h7xx_hal_uart_ex.o
       196         80          0          0          0       7887   stm32h7xx_it.o
      2248         66          0          0          0      26461   stm32h7xx_ll_sdmmc.o
       252         40         16          8          0       1450   system_stm32h7xx.o
      1072        114          0          0        532       8911   tim.o
      1532        214          0        392          0       5262   ui.o
       416         34          0          0        288       3925   usart.o

    ----------------------------------------------------------------------
     52464       3296       6696        700      21320    3193446   Object Totals
         0          0         32          0          0          0   (incl. Generated)
        60          0          4         17          8          0   (incl. Padding)

    ----------------------------------------------------------------------

      Code (inc. data)   RO Data    RW Data    ZI Data      Debug   Library Member Name

        86          0          0          0          0          0   __dczerorl2.o
         0          0          0          0          0          0   entry.o
         0          0          0          0          0          0   entry10a.o
         0          0          0          0          0          0   entry11a.o
         8          4          0          0          0          0   entry2.o
         4          0          0          0          0          0   entry5.o
         0          0          0          0          0          0   entry7b.o
         0          0          0          0          0          0   entry8b.o
         8          4          0          0          0          0   entry9a.o
        30          0          0          0          0          0   handlers.o
        36          8          0          0          0         68   init.o
         0          0          0          0          0          0   iusefp.o
        30          0          0          0          0         68   llshl.o
        36          0          0          0          0         68   llsshr.o
        32          0          0          0          0         68   llushr.o
        36          0          0          0          0         68   memcpya.o
        36          0          0          0          0        108   memseta.o
      2258         90          0          0          0        452   printfa.o
         0          0          0          4          0          0   stdout.o
        24          0          0          0          0         68   strcat.o
        18          0          0          0          0         68   strcpy.o
        14          0          0          0          0         68   strlen.o
        44          0          0          0          0         80   uidiv.o
        98          0          0          0          0         92   uldiv.o
        48          0          0          0          0         68   cdrcmple.o
        56          0          0          0          0         88   d2f.o
       334          0          0          0          0        148   dadd.o
       222          0          0          0          0        100   ddiv.o
       186          0          0          0          0        176   depilogue.o
        50          0          0          0          0         76   dfixui.o
        48          0          0          0          0         68   dfixul.o
        34          0          0          0          0         76   dflti.o
        26          0          0          0          0         76   dfltui.o
       228          0          0          0          0         96   dmul.o
        38          0          0          0          0         68   f2d.o
       110          0          0          0          0        168   fepilogue.o

    ----------------------------------------------------------------------
      4184        106          0          4          0       2484   Library Totals
         6          0          0          0          0          0   (incl. Padding)

    ----------------------------------------------------------------------

      Code (inc. data)   RO Data    RW Data    ZI Data      Debug   Library Name

      2798        106          0          4          0       1276   mc_w.l
      1380          0          0          0          0       1208   mf_w.l

    ----------------------------------------------------------------------
      4184        106          0          4          0       2484   Library Totals

    ----------------------------------------------------------------------

==============================================================================


      Code (inc. data)   RO Data    RW Data    ZI Data      Debug   

     56648       3402       6696        704      21320    3166214   Grand Totals
     56648       3402       6696        240      21320    3166214   ELF Image Totals (compressed)
     56648       3402       6696        240          0          0   ROM Totals

==============================================================================

    Total RO  Size (Code + RO Data)                63344 (  61.86kB)
    Total RW  Size (RW Data + ZI Data)             22024 (  21.51kB)
    Total ROM Size (Code + RO Data + RW Data)      63584 (  62.09kB)

==============================================================================

