-1409790217
1024200852
17318175
-629433723
1296620382
-1039466916
782150985
254926963
-943197949
1229695019
-920517677
467574428
499357308
-1126025980
1461915865
-930533065
157829514
816849182
-1145411376
1239512379
-403879333
-170088075
980816388
-1273241989
904153055
-291092144
-509126515
1228526391
-1140858423
845981788
256077643
-902153529
1292013203
-922069498
587280925
385424910
-826664653
1221995810
-784866754
80156344
752262306
-1325773851
1231472649
-514197070
-232387054
1015766119
-1075489385
1128154243
-256466944
-590548566
