<html>
<body>
<pre>
<h1>µVision Build Log</h1>
<h2>Tool Versions:</h2>
IDE-Version: ¦ÌVision V5.26.2.0
Copyright (C) 2018 ARM Ltd and ARM Germany GmbH. All rights reserved.
License Information: domin z, z, LIC=Y2B1Q-NLT28-BXWUY-IWWPG-NN00J-21A6C
 
Tool Versions:
Toolchain:       MDK-ARM Professional  Version: 5.26.2.0
Toolchain Path:  E:\mdk\ARM\ARMCC\Bin
C Compiler:      Armcc.exe V5.06 update 6 (build 750)
Assembler:       Armasm.exe V5.06 update 6 (build 750)
Linker/Locator:  ArmLink.exe V5.06 update 6 (build 750)
Library Manager: ArmAr.exe V5.06 update 6 (build 750)
Hex Converter:   FromElf.exe V5.06 update 6 (build 750)
CPU DLL:         SARMCM3.DLL V5.26.2.0
Dialog DLL:      DCM.DLL V1.17.2.0
Target DLL:      CMSIS_AGDI.dll V1.30.6.0
Dialog DLL:      TCM.DLL V1.36.1.0
 
<h2>Project:</h2>
D:\Users\admin\Desktop\715project\STM32_DSSS\USER\Demo_DSSS.uvprojx
Project File Date:  04/02/2025

<h2>Output:</h2>
*** Using Compiler 'V5.06 update 6 (build 750)', folder: 'E:\mdk\ARM\ARMCC\Bin'
Build target 'Demo_DSSS'
assembling startup_stm32h743xx.s...
compiling stm32h7xx_hal_dma_ex.c...
compiling stm32h7xx_hal_mdma.c...
compiling stm32h7xx_hal_pwr.c...
compiling stm32h7xx_hal_cortex.c...
compiling stm32h7xx_hal_gpio.c...
compiling stm32h7xx_hal_dma.c...
compiling stm32h7xx_hal.c...
compiling stm32h7xx_hal_pwr_ex.c...
compiling stm32h7xx_hal_rcc.c...
compiling stm32h7xx_hal_uart_ex.c...
compiling stm32h7xx_hal_rcc_ex.c...
compiling stm32h7xx_hal_tim_ex.c...
compiling stm32h7xx_hal_uart.c...
compiling stm32h7xx_hal_usart.c...
compiling stm32h7xx_hal_tim.c...
compiling stm32h7xx_ll_fmc.c...
compiling stm32h7xx_hal_sdram.c...
compiling stm32h7xx_hal_qspi.c...
compiling stm32h7xx_hal_rtc_ex.c...
compiling stm32h7xx_hal_rtc.c...
compiling stm32h7xx_hal_nand.c...
compiling stm32h7xx_hal_spi.c...
compiling stm32h7xx_hal_spi_ex.c...
compiling stm32h7xx_hal_sram.c...
compiling ffunicode.c...
compiling diskio.c...
compiling fattester.c...
compiling ff.c...
compiling exfuns.c...
compiling ffsystem.c...
compiling sys.c...
compiling delay.c...
compiling led.c...
compiling key.c...
compiling rtc.c...
compiling ftl.c...
compiling qspi.c...
compiling exti.c...
compiling timer.c...
compiling nand.c...
compiling usart.c...
compiling malloc.c...
compiling sdram.c...
compiling sdmmc.c...
compiling iic.c...
compiling sys_init.c...
compiling logic_ctrl.c...
compiling function.c...
compiling parameter.c...
compiling modulate.c...
compiling demodulate.c...
compiling main.c...
compiling store.c...
compiling stm32h7xx_it.c...
compiling system_stm32h7xx.c...
compiling stm32h7xx_hal_msp.c...
linking...
Program Size: Code=78840 RO-data=296320 RW-data=1488 ZI-data=32478224  
FromELF: creating hex file...
"..\OBJ\DSSS.axf" - 0 Error(s), 0 Warning(s).

<h2>Software Packages used:</h2>

Package Vendor: Keil
                https://www.keil.com/pack/Keil.STM32H7xx_DFP.3.1.1.pack
                Keil.STM32H7xx_DFP.3.1.1
                STMicroelectronics STM32H7 Series Device Support and Examples

<h2>Collection of Component include folders:</h2>
  .\RTE\_Demo_DSSS
  E:\mdk\ARM\PACK\Keil\STM32H7xx_DFP\3.1.1\Drivers\CMSIS\Device\ST\STM32H7xx\Include

<h2>Collection of Component Files used:</h2>
Build Time Elapsed:  00:00:14
</pre>
</body>
</html>
