*** Using Compiler 'V5.06 update 7 (build 960)', folder: 'D:\Apps\MDK536\Keil_v5\ARM\ARMCC\Bin'
Rebuild target 'DemoLatest'
compiling Parameter.c...
compiling bsp_sdio_sd.c...
compiling bsp.c...
compiling bsp_fmc_io.c...
compiling bsp_fmc_sdram.c...
compiling ConvDeCoder_BCJR.c...
compiling bsp_beep.c...
compiling bsp_gpio.c...
compiling bsp_dwt.c...
compiling bsp_key.c...
compiling bsp_led.c...
compiling bsp_qspi_w25q256.c...
compiling LogicCtrl.c...
compiling malloc.c...
compiling ConvEnCoder.c...
compiling Function.c...
compiling bsp_spi_bus.c...
compiling bsp_timer.c...
compiling bsp_tim_pwm.c...
compiling bsp_uart_fifo.c...
compiling stm32h7xx_it.c...
compiling bsp_qspi.c...
compiling BayesFunctions.c...
compiling bsp_fatfs.c...
compiling ControllerFunctions.c...
compiling BasicMathFunctions.c...
compiling DistanceFunctions.c...
compiling bsp_rtc.c...
compiling system_stm32h7xx.c...
compiling ComplexMathFunctions.c...
compiling FastMathFunctions.c...
compiling InterpolationFunctions.c...
compiling CommonTables.c...
compiling syscall.c...
compiling ff_gen_drv.c...
compiling QuaternionMathFunctions.c...
compiling diskio.c...
compiling cc936.c...
compiling StatisticsFunctions.c...
compiling SVMFunctions.c...
compiling MatrixFunctions.c...
compiling ff.c...
compiling SupportFunctions.c...
compiling WindowFunctions.c...
compiling sd_diskio_dma.c...
compiling stm32h7xx_hal.c...
compiling stm32h7xx_hal_cortex.c...
compiling TransformFunctions.c...
compiling stm32h7xx_hal_gpio.c...
compiling stm32h7xx_hal_rcc.c...
compiling stm32h7xx_hal_rcc_ex.c...
compiling stm32h7xx_hal_dma_ex.c...
compiling stm32h7xx_hal_dma.c...
compiling FilteringFunctions.c...
compiling stm32h7xx_ll_fmc.c...
compiling stm32h7xx_hal_tim_ex.c...
compiling stm32h7xx_hal_uart_ex.c...
compiling stm32h7xx_hal_sram.c...
compiling stm32h7xx_hal_uart.c...
compiling stm32h7xx_hal_tim.c...
compiling stm32h7xx_hal_mdma.c...
compiling stm32h7xx_ll_sdmmc.c...
compiling stm32h7xx_hal_sd.c...
compiling stm32h7xx_ll_delayblock.c...
assembling startup_stm32h743xx.s...
compiling stm32h7xx_hal_sdram.c...
compiling stm32h7xx_hal_sd_ex.c...
compiling stm32h7xx_hal_rtc_ex.c...
compiling stm32h7xx_hal_rtc.c...
compiling stm32h7xx_hal_spi_ex.c...
compiling stm32h7xx_hal_qspi.c...
compiling stm32h7xx_hal_usart_ex.c...
compiling stm32h7xx_hal_spi.c...
compiling stm32h7xx_hal_pwr.c...
compiling stm32h7xx_hal_iwdg.c...
compiling stm32h7xx_hal_usart.c...
compiling main.c...
linking...
Program Size: Code=91572 RO-data=209544 RW-data=1544 ZI-data=32116344  
FromELF: creating hex file...
After Build - User command #1: CopyHex_Flash.bat

e:\SWMT_SC_QPSK_1kbps\海洋一所\QPSK_512Byte_ChangBan_V1\QPSK_1kbps_V4\Project\MDK-ARM>copy Objects\output.hex ..\output(ac5).hex 
已复制         1 个文件。
".\Objects\output.axf" - 0 Error(s), 0 Warning(s).
Build Time Elapsed:  00:00:15
