<html>
<body>
<pre>
<h1>礦ision Build Log</h1>
<h2>Tool Versions:</h2>
IDE-Version: μVision V5.25.2.0
Copyright (C) 2018 ARM Ltd and ARM Germany GmbH. All rights reserved.
License Information: a 285212136@qq.com, a, LIC=585FJ-UBKLC-8TS3P-MPCSP-80HQ8-E3NF3
 
Tool Versions:
Toolchain:       MDK-ARM Plus  Version: 5.25.2.0
Toolchain Path:  C:\Keil_v5\ARM\ARMCC\Bin
C Compiler:      Armcc.exe V5.06 update 6 (build 750)
Assembler:       Armasm.exe V5.06 update 6 (build 750)
Linker/Locator:  ArmLink.exe V5.06 update 6 (build 750)
Library Manager: ArmAr.exe V5.06 update 6 (build 750)
Hex Converter:   FromElf.exe V5.06 update 6 (build 750)
CPU DLL:         SARMCM3.DLL V5.25.2.0
Dialog DLL:      DCM.DLL V1.17.1.0
Target DLL:      CMSIS_AGDI.dll V1.29.10.0
Dialog DLL:      TCM.DLL V1.35.1.0
 
<h2>Project:</h2>
D:\Item\青岛哈工程苗老师OEM通信机\MASS_15Byte_ChangBan\Project\MDK-ARM\project.uvprojx
Project File Date:  12/04/2024

<h2>Output:</h2>
*** Using Compiler 'V5.06 update 6 (build 750)', folder: 'C:\Keil_v5\ARM\ARMCC\Bin'
Build target 'DemoLatest'
compiling LogicCtrl.c...
linking...
Program Size: Code=88664 RO-data=203236 RW-data=4920 ZI-data=32112968  
FromELF: creating hex file...
After Build - User command #1: CopyHex_Flash.bat
D:\Item\青岛哈工程苗老师OEM通信机\MASS_15Byte_ChangBan\Project\MDK-ARM>copy Objects\output.hex ..\output(ac5).hex 
已复制         1 个文件。
".\Objects\output.axf" - 0 Error(s), 0 Warning(s).

<h2>Software Packages used:</h2>

Package Vendor: Keil
                https://www.keil.com/pack/Keil.STM32H7xx_DFP.2.3.1.pack
                Keil.STM32H7xx_DFP.2.3.1
                STMicroelectronics STM32H7 Series Device Support and Examples

<h2>Collection of Component include folders:</h2>
  .\RTE\_DemoLatest
  C:\Keil_v5\ARM\PACK\Keil\STM32H7xx_DFP\2.3.1\Drivers\CMSIS\Device\ST\STM32H7xx\Include

<h2>Collection of Component Files used:</h2>
Build Time Elapsed:  00:00:02
</pre>
</body>
</html>
