Component: ARM Compiler 5.06 update 6 (build 750) Tool: armlink [4d35ed]

==============================================================================

Section Cross References

    startup_stm32h750xx.o(RESET) refers to startup_stm32h750xx.o(STACK) for __initial_sp
    startup_stm32h750xx.o(RESET) refers to startup_stm32h750xx.o(.text) for Reset_Handler
    startup_stm32h750xx.o(RESET) refers to stm32h7xx_it.o(i.NMI_Handler) for NMI_Handler
    startup_stm32h750xx.o(RESET) refers to stm32h7xx_it.o(i.HardFault_Handler) for HardFault_Handler
    startup_stm32h750xx.o(RESET) refers to stm32h7xx_it.o(i.MemManage_Handler) for MemManage_Handler
    startup_stm32h750xx.o(RESET) refers to stm32h7xx_it.o(i.BusFault_Handler) for BusFault_Handler
    startup_stm32h750xx.o(RESET) refers to stm32h7xx_it.o(i.UsageFault_Handler) for UsageFault_Handler
    startup_stm32h750xx.o(RESET) refers to stm32h7xx_it.o(i.SVC_Handler) for SVC_Handler
    startup_stm32h750xx.o(RESET) refers to stm32h7xx_it.o(i.DebugMon_Handler) for DebugMon_Handler
    startup_stm32h750xx.o(RESET) refers to stm32h7xx_it.o(i.PendSV_Handler) for PendSV_Handler
    startup_stm32h750xx.o(RESET) refers to stm32h7xx_it.o(i.SysTick_Handler) for SysTick_Handler
    startup_stm32h750xx.o(RESET) refers to stm32h7xx_it.o(i.DMA1_Stream0_IRQHandler) for DMA1_Stream0_IRQHandler
    startup_stm32h750xx.o(RESET) refers to stm32h7xx_it.o(i.EXTI9_5_IRQHandler) for EXTI9_5_IRQHandler
    startup_stm32h750xx.o(RESET) refers to stm32h7xx_it.o(i.SPI1_IRQHandler) for SPI1_IRQHandler
    startup_stm32h750xx.o(RESET) refers to stm32h7xx_it.o(i.USART1_IRQHandler) for USART1_IRQHandler
    startup_stm32h750xx.o(RESET) refers to stm32h7xx_it.o(i.TIM8_UP_TIM13_IRQHandler) for TIM8_UP_TIM13_IRQHandler
    startup_stm32h750xx.o(RESET) refers to stm32h7xx_it.o(i.SDMMC1_IRQHandler) for SDMMC1_IRQHandler
    startup_stm32h750xx.o(RESET) refers to stm32h7xx_it.o(i.TIM7_IRQHandler) for TIM7_IRQHandler
    startup_stm32h750xx.o(RESET) refers to stm32h7xx_it.o(i.TIM17_IRQHandler) for TIM17_IRQHandler
    startup_stm32h750xx.o(.text) refers to system_stm32h7xx.o(i.SystemInit) for SystemInit
    startup_stm32h750xx.o(.text) refers to entry.o(.ARM.Collect$$$$00000000) for __main
    main.o(i.MPU_Config) refers to stm32h7xx_hal_cortex.o(i.HAL_MPU_Disable) for HAL_MPU_Disable
    main.o(i.MPU_Config) refers to stm32h7xx_hal_cortex.o(i.HAL_MPU_ConfigRegion) for HAL_MPU_ConfigRegion
    main.o(i.MPU_Config) refers to stm32h7xx_hal_cortex.o(i.HAL_MPU_Enable) for HAL_MPU_Enable
    main.o(i.PeriphCommonClock_Config) refers to memseta.o(.text) for __aeabi_memclr4
    main.o(i.PeriphCommonClock_Config) refers to stm32h7xx_hal_rcc_ex.o(i.HAL_RCCEx_PeriphCLKConfig) for HAL_RCCEx_PeriphCLKConfig
    main.o(i.PeriphCommonClock_Config) refers to main.o(i.Error_Handler) for Error_Handler
    main.o(i.SystemClock_Config) refers to memseta.o(.text) for __aeabi_memclr4
    main.o(i.SystemClock_Config) refers to stm32h7xx_hal_pwr_ex.o(i.HAL_PWREx_ConfigSupply) for HAL_PWREx_ConfigSupply
    main.o(i.SystemClock_Config) refers to stm32h7xx_hal_rcc.o(i.HAL_RCC_OscConfig) for HAL_RCC_OscConfig
    main.o(i.SystemClock_Config) refers to main.o(i.Error_Handler) for Error_Handler
    main.o(i.SystemClock_Config) refers to stm32h7xx_hal_rcc.o(i.HAL_RCC_ClockConfig) for HAL_RCC_ClockConfig
    main.o(i.main) refers to main.o(i.MPU_Config) for MPU_Config
    main.o(i.main) refers to stm32h7xx_hal.o(i.HAL_Init) for HAL_Init
    main.o(i.main) refers to main.o(i.SystemClock_Config) for SystemClock_Config
    main.o(i.main) refers to main.o(i.PeriphCommonClock_Config) for PeriphCommonClock_Config
    main.o(i.main) refers to gpio.o(i.MX_GPIO_Init) for MX_GPIO_Init
    main.o(i.main) refers to stm32h7xx_hal_cortex.o(i.HAL_NVIC_DisableIRQ) for HAL_NVIC_DisableIRQ
    main.o(i.main) refers to usart.o(i.MX_USART1_UART_Init) for MX_USART1_UART_Init
    main.o(i.main) refers to stm32h7xx_hal_gpio.o(i.HAL_GPIO_WritePin) for HAL_GPIO_WritePin
    main.o(i.main) refers to stm32h7xx_hal.o(i.HAL_Delay) for HAL_Delay
    main.o(i.main) refers to tim.o(i.MX_TIM6_Init) for MX_TIM6_Init
    main.o(i.main) refers to adc.o(i.MX_ADC3_Init) for MX_ADC3_Init
    main.o(i.main) refers to tim.o(i.MX_TIM7_Init) for MX_TIM7_Init
    main.o(i.main) refers to tim.o(i.MX_TIM3_Init) for MX_TIM3_Init
    main.o(i.main) refers to tim.o(i.MX_TIM13_Init) for MX_TIM13_Init
    main.o(i.main) refers to printfa.o(i.__0printf) for __2printf
    main.o(i.main) refers to app_work.o(i.APP_Init) for APP_Init
    main.o(i.main) refers to app_work.o(i.APP_Process) for APP_Process
    gpio.o(i.MX_GPIO_Init) refers to memseta.o(.text) for __aeabi_memclr4
    gpio.o(i.MX_GPIO_Init) refers to stm32h7xx_hal_gpio.o(i.HAL_GPIO_WritePin) for HAL_GPIO_WritePin
    gpio.o(i.MX_GPIO_Init) refers to stm32h7xx_hal_gpio.o(i.HAL_GPIO_Init) for HAL_GPIO_Init
    gpio.o(i.MX_GPIO_Init) refers to stm32h7xx_hal_cortex.o(i.HAL_NVIC_SetPriority) for HAL_NVIC_SetPriority
[...]
    JPEG_IRQHandler                          0x080002c7   Thumb Code     0  startup_stm32h750xx.o(.text)
    LPTIM1_IRQHandler                        0x080002c7   Thumb Code     0  startup_stm32h750xx.o(.text)
    LPTIM2_IRQHandler                        0x080002c7   Thumb Code     0  startup_stm32h750xx.o(.text)
    LPTIM3_IRQHandler                        0x080002c7   Thumb Code     0  startup_stm32h750xx.o(.text)
    LPTIM4_IRQHandler                        0x080002c7   Thumb Code     0  startup_stm32h750xx.o(.text)
    LPTIM5_IRQHandler                        0x080002c7   Thumb Code     0  startup_stm32h750xx.o(.text)
    LPUART1_IRQHandler                       0x080002c7   Thumb Code     0  startup_stm32h750xx.o(.text)
    LTDC_ER_IRQHandler                       0x080002c7   Thumb Code     0  startup_stm32h750xx.o(.text)
    LTDC_IRQHandler                          0x080002c7   Thumb Code     0  startup_stm32h750xx.o(.text)
    MDIOS_IRQHandler                         0x080002c7   Thumb Code     0  startup_stm32h750xx.o(.text)
    MDIOS_WKUP_IRQHandler                    0x080002c7   Thumb Code     0  startup_stm32h750xx.o(.text)
    MDMA_IRQHandler                          0x080002c7   Thumb Code     0  startup_stm32h750xx.o(.text)
    OTG_FS_EP1_IN_IRQHandler                 0x080002c7   Thumb Code     0  startup_stm32h750xx.o(.text)
    OTG_FS_EP1_OUT_IRQHandler                0x080002c7   Thumb Code     0  startup_stm32h750xx.o(.text)
    OTG_FS_IRQHandler                        0x080002c7   Thumb Code     0  startup_stm32h750xx.o(.text)
    OTG_FS_WKUP_IRQHandler                   0x080002c7   Thumb Code     0  startup_stm32h750xx.o(.text)
    OTG_HS_EP1_IN_IRQHandler                 0x080002c7   Thumb Code     0  startup_stm32h750xx.o(.text)
    OTG_HS_EP1_OUT_IRQHandler                0x080002c7   Thumb Code     0  startup_stm32h750xx.o(.text)
    OTG_HS_IRQHandler                        0x080002c7   Thumb Code     0  startup_stm32h750xx.o(.text)
    OTG_HS_WKUP_IRQHandler                   0x080002c7   Thumb Code     0  startup_stm32h750xx.o(.text)
    PVD_AVD_IRQHandler                       0x080002c7   Thumb Code     0  startup_stm32h750xx.o(.text)
    QUADSPI_IRQHandler                       0x080002c7   Thumb Code     0  startup_stm32h750xx.o(.text)
    RCC_IRQHandler                           0x080002c7   Thumb Code     0  startup_stm32h750xx.o(.text)
    RTC_Alarm_IRQHandler                     0x080002c7   Thumb Code     0  startup_stm32h750xx.o(.text)
    RTC_WKUP_IRQHandler                      0x080002c7   Thumb Code     0  startup_stm32h750xx.o(.text)
    SAI1_IRQHandler                          0x080002c7   Thumb Code     0  startup_stm32h750xx.o(.text)
    SAI2_IRQHandler                          0x080002c7   Thumb Code     0  startup_stm32h750xx.o(.text)
    SAI3_IRQHandler                          0x080002c7   Thumb Code     0  startup_stm32h750xx.o(.text)
    SAI4_IRQHandler                          0x080002c7   Thumb Code     0  startup_stm32h750xx.o(.text)
    SDMMC2_IRQHandler                        0x080002c7   Thumb Code     0  startup_stm32h750xx.o(.text)
    SPDIF_RX_IRQHandler                      0x080002c7   Thumb Code     0  startup_stm32h750xx.o(.text)
    SPI2_IRQHandler                          0x080002c7   Thumb Code     0  startup_stm32h750xx.o(.text)
    SPI3_IRQHandler                          0x080002c7   Thumb Code     0  startup_stm32h750xx.o(.text)
    SPI4_IRQHandler                          0x080002c7   Thumb Code     0  startup_stm32h750xx.o(.text)
    SPI5_IRQHandler                          0x080002c7   Thumb Code     0  startup_stm32h750xx.o(.text)
    SPI6_IRQHandler                          0x080002c7   Thumb Code     0  startup_stm32h750xx.o(.text)
    SWPMI1_IRQHandler                        0x080002c7   Thumb Code     0  startup_stm32h750xx.o(.text)
    TAMP_STAMP_IRQHandler                    0x080002c7   Thumb Code     0  startup_stm32h750xx.o(.text)
    TIM15_IRQHandler                         0x080002c7   Thumb Code     0  startup_stm32h750xx.o(.text)
    TIM16_IRQHandler                         0x080002c7   Thumb Code     0  startup_stm32h750xx.o(.text)
    TIM1_BRK_IRQHandler                      0x080002c7   Thumb Code     0  startup_stm32h750xx.o(.text)
    TIM1_CC_IRQHandler                       0x080002c7   Thumb Code     0  startup_stm32h750xx.o(.text)
    TIM1_TRG_COM_IRQHandler                  0x080002c7   Thumb Code     0  startup_stm32h750xx.o(.text)
    TIM1_UP_IRQHandler                       0x080002c7   Thumb Code     0  startup_stm32h750xx.o(.text)
    TIM2_IRQHandler                          0x080002c7   Thumb Code     0  startup_stm32h750xx.o(.text)
    TIM3_IRQHandler                          0x080002c7   Thumb Code     0  startup_stm32h750xx.o(.text)
    TIM4_IRQHandler                          0x080002c7   Thumb Code     0  startup_stm32h750xx.o(.text)
    TIM5_IRQHandler                          0x080002c7   Thumb Code     0  startup_stm32h750xx.o(.text)
    TIM6_DAC_IRQHandler                      0x080002c7   Thumb Code     0  startup_stm32h750xx.o(.text)
    TIM8_BRK_TIM12_IRQHandler                0x080002c7   Thumb Code     0  startup_stm32h750xx.o(.text)
    TIM8_CC_IRQHandler                       0x080002c7   Thumb Code     0  startup_stm32h750xx.o(.text)
    TIM8_TRG_COM_TIM14_IRQHandler            0x080002c7   Thumb Code     0  startup_stm32h750xx.o(.text)
    UART4_IRQHandler                         0x080002c7   Thumb Code     0  startup_stm32h750xx.o(.text)
    UART5_IRQHandler                         0x080002c7   Thumb Code     0  startup_stm32h750xx.o(.text)
    UART7_IRQHandler                         0x080002c7   Thumb Code     0  startup_stm32h750xx.o(.text)
    UART8_IRQHandler                         0x080002c7   Thumb Code     0  startup_stm32h750xx.o(.text)
    USART2_IRQHandler                        0x080002c7   Thumb Code     0  startup_stm32h750xx.o(.text)
    USART3_IRQHandler                        0x080002c7   Thumb Code     0  startup_stm32h750xx.o(.text)
    USART6_IRQHandler                        0x080002c7   Thumb Code     0  startup_stm32h750xx.o(.text)
    WAKEUP_PIN_IRQHandler                    0x080002c7   Thumb Code     0  startup_stm32h750xx.o(.text)
    WWDG_IRQHandler                          0x080002c7   Thumb Code     0  startup_stm32h750xx.o(.text)
    __aeabi_uldivmod                         0x080002d1   Thumb Code    98  uldiv.o(.text)
    __aeabi_memcpy                           0x08000333   Thumb Code    36  memcpya.o(.text)
    __aeabi_memcpy4                          0x08000333   Thumb Code     0  memcpya.o(.text)
    __aeabi_memcpy8                          0x08000333   Thumb Code     0  memcpya.o(.text)
    __aeabi_memset                           0x08000357   Thumb Code    14  memseta.o(.text)
    __aeabi_memset4                          0x08000357   Thumb Code     0  memseta.o(.text)
    __aeabi_memset8                          0x08000357   Thumb Code     0  memseta.o(.text)
    __aeabi_memclr                           0x08000365   Thumb Code     4  memseta.o(.text)
    __aeabi_memclr4                          0x08000365   Thumb Code     0  memseta.o(.text)
    __aeabi_memclr8                          0x08000365   Thumb Code     0  memseta.o(.text)
    _memset$wrapper                          0x08000369   Thumb Code    18  memseta.o(.text)
    strcat                                   0x0800037b   Thumb Code    24  strcat.o(.text)
    strlen                                   0x08000393   Thumb Code    14  strlen.o(.text)
    strcpy                                   0x080003a1   Thumb Code    18  strcpy.o(.text)
    __aeabi_dadd                             0x080003b3   Thumb Code   322  dadd.o(.text)
    __aeabi_dsub                             0x080004f5   Thumb Code     6  dadd.o(.text)
    __aeabi_drsub                            0x080004fb   Thumb Code     6  dadd.o(.text)
    __aeabi_dmul                             0x08000501   Thumb Code   228  dmul.o(.text)
    __aeabi_ddiv                             0x080005e5   Thumb Code   222  ddiv.o(.text)
    __aeabi_i2d                              0x080006c3   Thumb Code    34  dflti.o(.text)
    __aeabi_ui2d                             0x080006e5   Thumb Code    26  dfltui.o(.text)
    __aeabi_d2uiz                            0x080006ff   Thumb Code    50  dfixui.o(.text)
    __aeabi_f2d                              0x08000731   Thumb Code    38  f2d.o(.text)
    __aeabi_cdrcmple                         0x08000759   Thumb Code    48  cdrcmple.o(.text)
    __aeabi_d2f                              0x08000789   Thumb Code    56  d2f.o(.text)
    __aeabi_uidiv                            0x080007c1   Thumb Code     0  uidiv.o(.text)
    __aeabi_uidivmod                         0x080007c1   Thumb Code    44  uidiv.o(.text)
    __aeabi_llsl                             0x080007ed   Thumb Code    30  llshl.o(.text)
    _ll_shift_l                              0x080007ed   Thumb Code     0  llshl.o(.text)
    __aeabi_llsr                             0x0800080b   Thumb Code    32  llushr.o(.text)
    _ll_ushift_r                             0x0800080b   Thumb Code     0  llushr.o(.text)
    __aeabi_lasr                             0x0800082b   Thumb Code    36  llsshr.o(.text)
    _ll_sshift_r                             0x0800082b   Thumb Code     0  llsshr.o(.text)
    __I$use$fp                               0x0800084f   Thumb Code     0  iusefp.o(.text)
    _float_round                             0x0800084f   Thumb Code    18  fepilogue.o(.text)
    _float_epilogue                          0x08000861   Thumb Code    92  fepilogue.o(.text)
    _double_round                            0x080008bd   Thumb Code    30  depilogue.o(.text)
    _double_epilogue                         0x080008db   Thumb Code   156  depilogue.o(.text)
    __aeabi_d2ulz                            0x08000977   Thumb Code    48  dfixul.o(.text)
    __scatterload                            0x080009a9   Thumb Code    28  init.o(.text)
    __scatterload_rt2                        0x080009a9   Thumb Code     0  init.o(.text)
    __decompress                             0x080009cd   Thumb Code     0  __dczerorl2.o(.text)
    __decompress1                            0x080009cd   Thumb Code    86  __dczerorl2.o(.text)
    ADC_ConfigureBoostMode                   0x08000a25   Thumb Code   320  stm32h7xx_hal_adc.o(i.ADC_ConfigureBoostMode)
    ADC_ConversionStop                       0x08000b85   Thumb Code   276  stm32h7xx_hal_adc.o(i.ADC_ConversionStop)
    ADC_Disable                              0x08000ca1   Thumb Code   142  stm32h7xx_hal_adc.o(i.ADC_Disable)
    ADC_Enable                               0x08000d35   Thumb Code   182  stm32h7xx_hal_adc.o(i.ADC_Enable)
    APP_Init                                 0x08000e01   Thumb Code   102  app_work.o(i.APP_Init)
    APP_Process                              0x08000e8d   Thumb Code    18  app_work.o(i.APP_Process)
    BSP_SD_ReadCpltCallback                  0x08000ea1   Thumb Code     8  sd_diskio.o(i.BSP_SD_ReadCpltCallback)
    BSP_SD_WriteCpltCallback                 0x08000ead   Thumb Code     8  sd_diskio.o(i.BSP_SD_WriteCpltCallback)
    BusFault_Handler                         0x08000eb9   Thumb Code     4  stm32h7xx_it.o(i.BusFault_Handler)
    CMD_47                                   0x08001021   Thumb Code   500  cmd.o(i.CMD_47)
    CMD_48                                   0x08001301   Thumb Code   486  cmd.o(i.CMD_48)
    CMD_49                                   0x080015d9   Thumb Code   414  cmd.o(i.CMD_49)
    CMD_55                                   0x0800183d   Thumb Code   324  cmd.o(i.CMD_55)
    Close_beep                               0x08001a29   Thumb Code    12  key.o(i.Close_beep)
    DMA1_Stream0_IRQHandler                  0x08001a39   Thumb Code    10  stm32h7xx_it.o(i.DMA1_Stream0_IRQHandler)
    DS1302_Read                              0x08001d41   Thumb Code    94  ds1302.o(i.DS1302_Read)
    DebugMon_Handler                         0x08001dad   Thumb Code     2  stm32h7xx_it.o(i.DebugMon_Handler)
    Deck_Send                                0x08001db1   Thumb Code   100  cmd.o(i.Deck_Send)
    Delay_10ms                               0x08001e19   Thumb Code    82  cmd.o(i.Delay_10ms)
    Delay_us                                 0x08001e75   Thumb Code    90  tim.o(i.Delay_us)
    DisplayGRAM_Power                        0x08001ed5   Thumb Code   344  ui.o(i.DisplayGRAM_Power)
    EXTI9_5_IRQHandler                       0x08002031   Thumb Code    10  stm32h7xx_it.o(i.EXTI9_5_IRQHandler)
    Error_Handler                            0x0800203b   Thumb Code     6  main.o(i.Error_Handler)
    GetPower_State                           0x08002245   Thumb Code   116  ui.o(i.GetPower_State)
    HAL_ADCEx_Calibration_Start              0x080022bd   Thumb Code   174  stm32h7xx_hal_adc_ex.o(i.HAL_ADCEx_Calibration_Start)
    HAL_ADC_ConfigChannel                    0x08002375   Thumb Code  1306  stm32h7xx_hal_adc.o(i.HAL_ADC_ConfigChannel)
    HAL_ADC_GetValue                         0x080028b9   Thumb Code     8  stm32h7xx_hal_adc.o(i.HAL_ADC_GetValue)
    HAL_ADC_Init                             0x080028c1   Thumb Code   608  stm32h7xx_hal_adc.o(i.HAL_ADC_Init)
    HAL_ADC_MspInit                          0x08002b4d   Thumb Code    78  adc.o(i.HAL_ADC_MspInit)
    HAL_ADC_PollForConversion                0x08002ba5   Thumb Code   338  stm32h7xx_hal_adc.o(i.HAL_ADC_PollForConversion)
    HAL_ADC_Start                            0x08002d09   Thumb Code   292  stm32h7xx_hal_adc.o(i.HAL_ADC_Start)
    HAL_ADC_Stop                             0x08002e3d   Thumb Code    74  stm32h7xx_hal_adc.o(i.HAL_ADC_Stop)
    HAL_DMA_Abort                            0x08002e89   Thumb Code  1236  stm32h7xx_hal_dma.o(i.HAL_DMA_Abort)
    HAL_DMA_Abort_IT                         0x08003365   Thumb Code   906  stm32h7xx_hal_dma.o(i.HAL_DMA_Abort_IT)
    HAL_DMA_IRQHandler                       0x080036fd   Thumb Code  2798  stm32h7xx_hal_dma.o(i.HAL_DMA_IRQHandler)
    HAL_DMA_Init                             0x080041f5   Thumb Code  1304  stm32h7xx_hal_dma.o(i.HAL_DMA_Init)
    HAL_Delay                                0x08004715   Thumb Code    36  stm32h7xx_hal.o(i.HAL_Delay)
    HAL_GPIO_DeInit                          0x0800473d   Thumb Code   328  stm32h7xx_hal_gpio.o(i.HAL_GPIO_DeInit)
    HAL_GPIO_EXTI_Callback                   0x080048b5   Thumb Code   186  ad7767.o(i.HAL_GPIO_EXTI_Callback)
    HAL_GPIO_EXTI_IRQHandler                 0x08004995   Thumb Code    24  stm32h7xx_hal_gpio.o(i.HAL_GPIO_EXTI_IRQHandler)
    HAL_GPIO_Init                            0x080049b1   Thumb Code   456  stm32h7xx_hal_gpio.o(i.HAL_GPIO_Init)
    HAL_GPIO_ReadPin                         0x08004bad   Thumb Code    16  stm32h7xx_hal_gpio.o(i.HAL_GPIO_ReadPin)
    HAL_GPIO_WritePin                        0x08004bbd   Thumb Code    12  stm32h7xx_hal_gpio.o(i.HAL_GPIO_WritePin)
    HAL_GetREVID                             0x08004bc9   Thumb Code     8  stm32h7xx_hal.o(i.HAL_GetREVID)
    HAL_GetTick                              0x08004bd5   Thumb Code     6  stm32h7xx_hal.o(i.HAL_GetTick)
    HAL_IncTick                              0x08004be1   Thumb Code    16  stm32h7xx_hal.o(i.HAL_IncTick)
    HAL_Init                                 0x08004bf9   Thumb Code    80  stm32h7xx_hal.o(i.HAL_Init)
    HAL_InitTick                             0x08004c59   Thumb Code    74  stm32h7xx_hal.o(i.HAL_InitTick)
    HAL_MPU_ConfigRegion                     0x08004cb1   Thumb Code    88  stm32h7xx_hal_cortex.o(i.HAL_MPU_ConfigRegion)
    HAL_MPU_Disable                          0x08004d0d   Thumb Code    38  stm32h7xx_hal_cortex.o(i.HAL_MPU_Disable)
    HAL_MPU_Enable                           0x08004d39   Thumb Code    58  stm32h7xx_hal_cortex.o(i.HAL_MPU_Enable)
    HAL_MspInit                              0x08004d79   Thumb Code    32  stm32h7xx_hal_msp.o(i.HAL_MspInit)
    HAL_NVIC_DisableIRQ                      0x08004d9d   Thumb Code    62  stm32h7xx_hal_cortex.o(i.HAL_NVIC_DisableIRQ)
    HAL_NVIC_EnableIRQ                       0x08004de1   Thumb Code    40  stm32h7xx_hal_cortex.o(i.HAL_NVIC_EnableIRQ)
    HAL_NVIC_SetPriority                     0x08004e09   Thumb Code   122  stm32h7xx_hal_cortex.o(i.HAL_NVIC_SetPriority)
    HAL_NVIC_SetPriorityGrouping             0x08004e85   Thumb Code    32  stm32h7xx_hal_cortex.o(i.HAL_NVIC_SetPriorityGrouping)
    HAL_PWREx_ConfigSupply                   0x08004ead   Thumb Code    90  stm32h7xx_hal_pwr_ex.o(i.HAL_PWREx_ConfigSupply)
    HAL_RCCEx_GetD3PCLK1Freq                 0x08004f0d   Thumb Code    26  stm32h7xx_hal_rcc_ex.o(i.HAL_RCCEx_GetD3PCLK1Freq)
    HAL_RCCEx_GetPLL1ClockFreq               0x08004f31   Thumb Code   536  stm32h7xx_hal_rcc_ex.o(i.HAL_RCCEx_GetPLL1ClockFreq)
    HAL_RCCEx_GetPLL2ClockFreq               0x08005161   Thumb Code   536  stm32h7xx_hal_rcc_ex.o(i.HAL_RCCEx_GetPLL2ClockFreq)
    HAL_RCCEx_GetPLL3ClockFreq               0x08005391   Thumb Code   536  stm32h7xx_hal_rcc_ex.o(i.HAL_RCCEx_GetPLL3ClockFreq)
    HAL_RCCEx_GetPeriphCLKFreq               0x080055c1   Thumb Code  1856  stm32h7xx_hal_rcc_ex.o(i.HAL_RCCEx_GetPeriphCLKFreq)
    HAL_RCCEx_PeriphCLKConfig                0x08005d15   Thumb Code  2910  stm32h7xx_hal_rcc_ex.o(i.HAL_RCCEx_PeriphCLKConfig)
    HAL_RCC_ClockConfig                      0x08006879   Thumb Code   774  stm32h7xx_hal_rcc.o(i.HAL_RCC_ClockConfig)
    HAL_RCC_GetHCLKFreq                      0x08006b99   Thumb Code    60  stm32h7xx_hal_rcc.o(i.HAL_RCC_GetHCLKFreq)
    HAL_RCC_GetPCLK1Freq                     0x08006be5   Thumb Code    26  stm32h7xx_hal_rcc.o(i.HAL_RCC_GetPCLK1Freq)
    HAL_RCC_GetPCLK2Freq                     0x08006c09   Thumb Code    26  stm32h7xx_hal_rcc.o(i.HAL_RCC_GetPCLK2Freq)
    HAL_RCC_GetSysClockFreq                  0x08006c2d   Thumb Code   524  stm32h7xx_hal_rcc.o(i.HAL_RCC_GetSysClockFreq)
    HAL_RCC_OscConfig                        0x08006e59   Thumb Code  2048  stm32h7xx_hal_rcc.o(i.HAL_RCC_OscConfig)
    HAL_SDEx_Read_DMADoubleBuf0CpltCallback  0x08007659   Thumb Code     2  stm32h7xx_hal_sd.o(i.HAL_SDEx_Read_DMADoubleBuf0CpltCallback)
    HAL_SDEx_Read_DMADoubleBuf1CpltCallback  0x0800765b   Thumb Code     2  stm32h7xx_hal_sd.o(i.HAL_SDEx_Read_DMADoubleBuf1CpltCallback)
    HAL_SDEx_Write_DMADoubleBuf0CpltCallback 0x0800765d   Thumb Code     2  stm32h7xx_hal_sd.o(i.HAL_SDEx_Write_DMADoubleBuf0CpltCallback)
    HAL_SDEx_Write_DMADoubleBuf1CpltCallback 0x0800765f   Thumb Code     2  stm32h7xx_hal_sd.o(i.HAL_SDEx_Write_DMADoubleBuf1CpltCallback)
    HAL_SD_ErrorCallback                     0x08007661   Thumb Code     2  stm32h7xx_hal_sd.o(i.HAL_SD_ErrorCallback)
    HAL_SD_IRQHandler                        0x08007665   Thumb Code   622  stm32h7xx_hal_sd.o(i.HAL_SD_IRQHandler)
    HAL_SD_RxCpltCallback                    0x080078d9   Thumb Code    10  bsp_driver_sd.o(i.HAL_SD_RxCpltCallback)
    HAL_SD_TxCpltCallback                    0x080078e3   Thumb Code    10  bsp_driver_sd.o(i.HAL_SD_TxCpltCallback)
    HAL_SPI_ErrorCallback                    0x080078ed   Thumb Code     2  stm32h7xx_hal_spi.o(i.HAL_SPI_ErrorCallback)
    HAL_SPI_IRQHandler                       0x080078f1   Thumb Code   678  stm32h7xx_hal_spi.o(i.HAL_SPI_IRQHandler)
    HAL_SPI_Init                             0x08007b9d   Thumb Code   372  stm32h7xx_hal_spi.o(i.HAL_SPI_Init)
    HAL_SPI_MspInit                          0x08007d1d   Thumb Code   212  spi.o(i.HAL_SPI_MspInit)
    HAL_SPI_Receive                          0x08007e05   Thumb Code   706  stm32h7xx_hal_spi.o(i.HAL_SPI_Receive)
    HAL_SPI_RxCpltCallback                   0x080080c7   Thumb Code     2  stm32h7xx_hal_spi.o(i.HAL_SPI_RxCpltCallback)
    HAL_SPI_TransmitReceive                  0x080080c9   Thumb Code  1030  stm32h7xx_hal_spi.o(i.HAL_SPI_TransmitReceive)
    HAL_SPI_TxCpltCallback                   0x080084cf   Thumb Code     2  stm32h7xx_hal_spi.o(i.HAL_SPI_TxCpltCallback)
    HAL_SPI_TxRxCpltCallback                 0x080084d1   Thumb Code     2  stm32h7xx_hal_spi.o(i.HAL_SPI_TxRxCpltCallback)
    HAL_SYSCFG_AnalogSwitchConfig            0x080084d5   Thumb Code    14  stm32h7xx_hal.o(i.HAL_SYSCFG_AnalogSwitchConfig)
    HAL_SYSTICK_Config                       0x080084e9   Thumb Code    52  stm32h7xx_hal_cortex.o(i.HAL_SYSTICK_Config)
    HAL_TIMEx_Break2Callback                 0x0800851d   Thumb Code     2  stm32h7xx_hal_tim_ex.o(i.HAL_TIMEx_Break2Callback)
    HAL_TIMEx_BreakCallback                  0x0800851f   Thumb Code     2  stm32h7xx_hal_tim_ex.o(i.HAL_TIMEx_BreakCallback)
    HAL_TIMEx_CommutCallback                 0x08008521   Thumb Code     2  stm32h7xx_hal_tim_ex.o(i.HAL_TIMEx_CommutCallback)
    HAL_TIMEx_MasterConfigSynchronization    0x08008525   Thumb Code   174  stm32h7xx_hal_tim_ex.o(i.HAL_TIMEx_MasterConfigSynchronization)
    HAL_TIM_Base_Init                        0x080085f1   Thumb Code   110  stm32h7xx_hal_tim.o(i.HAL_TIM_Base_Init)
    HAL_TIM_Base_MspInit                     0x08008661   Thumb Code   206  tim.o(i.HAL_TIM_Base_MspInit)
    HAL_TIM_Base_Start_IT                    0x08008745   Thumb Code   146  stm32h7xx_hal_tim.o(i.HAL_TIM_Base_Start_IT)
    HAL_TIM_Base_Stop                        0x080087f9   Thumb Code    50  stm32h7xx_hal_tim.o(i.HAL_TIM_Base_Stop)
    HAL_TIM_Base_Stop_IT                     0x0800882b   Thumb Code    62  stm32h7xx_hal_tim.o(i.HAL_TIM_Base_Stop_IT)
    HAL_TIM_IC_CaptureCallback               0x08008869   Thumb Code     2  stm32h7xx_hal_tim.o(i.HAL_TIM_IC_CaptureCallback)
    HAL_TIM_IRQHandler                       0x0800886b   Thumb Code   440  stm32h7xx_hal_tim.o(i.HAL_TIM_IRQHandler)
    HAL_TIM_MspPostInit                      0x08008a25   Thumb Code   210  tim.o(i.HAL_TIM_MspPostInit)
    HAL_TIM_OC_ConfigChannel                 0x08008b15   Thumb Code   144  stm32h7xx_hal_tim.o(i.HAL_TIM_OC_ConfigChannel)
    HAL_TIM_OC_DelayElapsedCallback          0x08008ba5   Thumb Code     2  stm32h7xx_hal_tim.o(i.HAL_TIM_OC_DelayElapsedCallback)
    HAL_TIM_OC_Init                          0x08008ba7   Thumb Code   110  stm32h7xx_hal_tim.o(i.HAL_TIM_OC_Init)
    HAL_TIM_OC_MspInit                       0x08008c15   Thumb Code    40  tim.o(i.HAL_TIM_OC_MspInit)
    HAL_TIM_OC_Start                         0x08008c45   Thumb Code   314  stm32h7xx_hal_tim.o(i.HAL_TIM_OC_Start)
    HAL_TIM_OC_Stop                          0x08008da9   Thumb Code   208  stm32h7xx_hal_tim.o(i.HAL_TIM_OC_Stop)
    HAL_TIM_PWM_ConfigChannel                0x08008e8d   Thumb Code   368  stm32h7xx_hal_tim.o(i.HAL_TIM_PWM_ConfigChannel)
    HAL_TIM_PWM_Init                         0x08008ffd   Thumb Code   110  stm32h7xx_hal_tim.o(i.HAL_TIM_PWM_Init)
    HAL_TIM_PWM_MspInit                      0x0800906d   Thumb Code    76  tim.o(i.HAL_TIM_PWM_MspInit)
    HAL_TIM_PWM_PulseFinishedCallback        0x080090c5   Thumb Code     2  stm32h7xx_hal_tim.o(i.HAL_TIM_PWM_PulseFinishedCallback)
    HAL_TIM_PWM_Start                        0x080090c9   Thumb Code   314  stm32h7xx_hal_tim.o(i.HAL_TIM_PWM_Start)
    HAL_TIM_PWM_Stop                         0x0800922d   Thumb Code   208  stm32h7xx_hal_tim.o(i.HAL_TIM_PWM_Stop)
    HAL_TIM_PeriodElapsedCallback            0x08009311   Thumb Code   322  app_work.o(i.HAL_TIM_PeriodElapsedCallback)
    HAL_TIM_TriggerCallback                  0x0800949d   Thumb Code     2  stm32h7xx_hal_tim.o(i.HAL_TIM_TriggerCallback)
    HAL_UARTEx_DisableFifoMode               0x0800949f   Thumb Code    78  stm32h7xx_hal_uart_ex.o(i.HAL_UARTEx_DisableFifoMode)
    HAL_UARTEx_RxEventCallback               0x080094ed   Thumb Code     2  stm32h7xx_hal_uart.o(i.HAL_UARTEx_RxEventCallback)
    HAL_UARTEx_RxFifoFullCallback            0x080094ef   Thumb Code     2  stm32h7xx_hal_uart_ex.o(i.HAL_UARTEx_RxFifoFullCallback)
    HAL_UARTEx_SetRxFifoThreshold            0x080094f1   Thumb Code    94  stm32h7xx_hal_uart_ex.o(i.HAL_UARTEx_SetRxFifoThreshold)
    HAL_UARTEx_SetTxFifoThreshold            0x0800954f   Thumb Code    94  stm32h7xx_hal_uart_ex.o(i.HAL_UARTEx_SetTxFifoThreshold)
    HAL_UARTEx_TxFifoEmptyCallback           0x080095ad   Thumb Code     2  stm32h7xx_hal_uart_ex.o(i.HAL_UARTEx_TxFifoEmptyCallback)
    HAL_UARTEx_WakeupCallback                0x080095af   Thumb Code     2  stm32h7xx_hal_uart_ex.o(i.HAL_UARTEx_WakeupCallback)
    HAL_UART_DeInit                          0x080095b1   Thumb Code    74  stm32h7xx_hal_uart.o(i.HAL_UART_DeInit)
    HAL_UART_ErrorCallback                   0x080095fb   Thumb Code     2  stm32h7xx_hal_uart.o(i.HAL_UART_ErrorCallback)
    HAL_UART_IRQHandler                      0x080095fd   Thumb Code  1112  stm32h7xx_hal_uart.o(i.HAL_UART_IRQHandler)
    HAL_UART_Init                            0x08009a55   Thumb Code   120  stm32h7xx_hal_uart.o(i.HAL_UART_Init)
    HAL_UART_MspDeInit                       0x08009acd   Thumb Code    72  usart.o(i.HAL_UART_MspDeInit)
    HAL_UART_MspInit                         0x08009b29   Thumb Code   280  usart.o(i.HAL_UART_MspInit)
    HAL_UART_Receive_IT                      0x08009c55   Thumb Code   110  stm32h7xx_hal_uart.o(i.HAL_UART_Receive_IT)
    HAL_UART_RxCpltCallback                  0x08009cc9   Thumb Code   148  usart.o(i.HAL_UART_RxCpltCallback)
    HAL_UART_Transmit_IT                     0x08009d75   Thumb Code   198  stm32h7xx_hal_uart.o(i.HAL_UART_Transmit_IT)
    HAL_UART_TxCpltCallback                  0x08009e4d   Thumb Code     2  stm32h7xx_hal_uart.o(i.HAL_UART_TxCpltCallback)
    HOME_Scan                                0x08009e51   Thumb Code    78  key.o(i.HOME_Scan)
    HardFault_Handler                        0x08009eb5   Thumb Code    10  stm32h7xx_it.o(i.HardFault_Handler)
    ID_int_to_string                         0x08009ed5   Thumb Code    42  process.o(i.ID_int_to_string)
    IOInitOut                                0x08009f09   Thumb Code    32  bsp_lcd12864.o(i.IOInitOut)
    InitDis                                  0x08009f2d   Thumb Code    74  bsp_lcd12864.o(i.InitDis)
    Lcd_Write_Cmd                            0x0800a025   Thumb Code    50  bsp_lcd12864.o(i.Lcd_Write_Cmd)
    Lcd_Write_Data                           0x0800a05d   Thumb Code    50  bsp_lcd12864.o(i.Lcd_Write_Data)
    MX_ADC3_Init                             0x0800a0f1   Thumb Code   120  adc.o(i.MX_ADC3_Init)
    MX_DMA_Init                              0x0800a175   Thumb Code    48  dma.o(i.MX_DMA_Init)
    MX_GPIO_Init                             0x0800a1a9   Thumb Code   482  gpio.o(i.MX_GPIO_Init)
    MX_SPI1_Init                             0x0800a3a5   Thumb Code    86  spi.o(i.MX_SPI1_Init)
    MX_TIM12_Init                            0x0800a405   Thumb Code    88  tim.o(i.MX_TIM12_Init)
    MX_TIM13_Init                            0x0800a465   Thumb Code    42  tim.o(i.MX_TIM13_Init)
    MX_TIM3_Init                             0x0800a499   Thumb Code   118  tim.o(i.MX_TIM3_Init)
    MX_TIM4_Init                             0x0800a519   Thumb Code   150  tim.o(i.MX_TIM4_Init)
    MX_TIM6_Init                             0x0800a5c9   Thumb Code    68  tim.o(i.MX_TIM6_Init)
    MX_TIM7_Init                             0x0800a615   Thumb Code    66  tim.o(i.MX_TIM7_Init)
    MX_USART1_UART_Init                      0x0800a661   Thumb Code   108  usart.o(i.MX_USART1_UART_Init)
    Matrix_Key_Scan                          0x0800a6d9   Thumb Code   478  key.o(i.Matrix_Key_Scan)
    Matrix_Key_funtcion                      0x0800a8c5   Thumb Code    94  key.o(i.Matrix_Key_funtcion)
    MemManage_Handler                        0x0800a929   Thumb Code    10  stm32h7xx_it.o(i.MemManage_Handler)
    NMI_Handler                              0x0800a949   Thumb Code     4  stm32h7xx_it.o(i.NMI_Handler)
    Open_beep                                0x0800a94d   Thumb Code    12  key.o(i.Open_beep)
    PendSV_Handler                           0x0800a95d   Thumb Code     2  stm32h7xx_it.o(i.PendSV_Handler)
    PeriphCommonClock_Config                 0x0800a95f   Thumb Code    72  main.o(i.PeriphCommonClock_Config)
    RTC_Init                                 0x0800ac71   Thumb Code    48  ds1302.o(i.RTC_Init)
    RTC_Read                                 0x0800acbd   Thumb Code   180  ds1302.o(i.RTC_Read)
    Read_battery                             0x0800ad7d   Thumb Code   134  app_work.o(i.Read_battery)
    SDMMC1_IRQHandler                        0x0800ae2d   Thumb Code    10  stm32h7xx_it.o(i.SDMMC1_IRQHandler)
    SDMMC_CmdStopTransfer                    0x0800ae3d   Thumb Code    88  stm32h7xx_ll_sdmmc.o(i.SDMMC_CmdStopTransfer)
    SDMMC_GetCmdResp1                        0x0800ae99   Thumb Code   420  stm32h7xx_ll_sdmmc.o(i.SDMMC_GetCmdResp1)
    SDMMC_GetCommandResponse                 0x0800b049   Thumb Code     8  stm32h7xx_ll_sdmmc.o(i.SDMMC_GetCommandResponse)
    SDMMC_GetResponse                        0x0800b051   Thumb Code    12  stm32h7xx_ll_sdmmc.o(i.SDMMC_GetResponse)
    SDMMC_ReadFIFO                           0x0800b05d   Thumb Code     8  stm32h7xx_ll_sdmmc.o(i.SDMMC_ReadFIFO)
    SDMMC_SendCommand                        0x0800b065   Thumb Code    40  stm32h7xx_ll_sdmmc.o(i.SDMMC_SendCommand)
    SDMMC_WriteFIFO                          0x0800b091   Thumb Code    12  stm32h7xx_ll_sdmmc.o(i.SDMMC_WriteFIFO)
    SPI1_IRQHandler                          0x0800b131   Thumb Code    10  stm32h7xx_it.o(i.SPI1_IRQHandler)
    SVC_Handler                              0x0800b28d   Thumb Code     2  stm32h7xx_it.o(i.SVC_Handler)
    SendByte                                 0x0800b291   Thumb Code    86  bsp_lcd12864.o(i.SendByte)
    Send_frame_from_hex                      0x0800b2ed   Thumb Code   164  cmd.o(i.Send_frame_from_hex)
    Send_wakeup                              0x0800b399   Thumb Code    52  cmd.o(i.Send_wakeup)
    Set_SDIO_IN                              0x0800b3d5   Thumb Code    34  ds1302.o(i.Set_SDIO_IN)
    Set_SDIO_OUT                             0x0800b3fd   Thumb Code    34  ds1302.o(i.Set_SDIO_OUT)
    SysTick_Handler                          0x0800b425   Thumb Code     8  stm32h7xx_it.o(i.SysTick_Handler)
    SystemClock_Config                       0x0800b42d   Thumb Code   214  main.o(i.SystemClock_Config)
    SystemInit                               0x0800b511   Thumb Code   212  system_stm32h7xx.o(i.SystemInit)
    TIM17_IRQHandler                         0x0800b60d   Thumb Code    10  stm32h7xx_it.o(i.TIM17_IRQHandler)
    TIM7_IRQHandler                          0x0800b61d   Thumb Code    10  stm32h7xx_it.o(i.TIM7_IRQHandler)
    TIM8_UP_TIM13_IRQHandler                 0x0800b62d   Thumb Code    10  stm32h7xx_it.o(i.TIM8_UP_TIM13_IRQHandler)
    TIM_Base_SetConfig                       0x0800b63d   Thumb Code   170  stm32h7xx_hal_tim.o(i.TIM_Base_SetConfig)
    TIM_CCxChannelCmd                        0x0800b709   Thumb Code    34  stm32h7xx_hal_tim.o(i.TIM_CCxChannelCmd)
    TIM_OC2_SetConfig                        0x0800b7d9   Thumb Code   156  stm32h7xx_hal_tim.o(i.TIM_OC2_SetConfig)
    UART_AdvFeatureConfig                    0x0800bb25   Thumb Code   248  stm32h7xx_hal_uart.o(i.UART_AdvFeatureConfig)
    UART_CheckIdleState                      0x0800bc1d   Thumb Code   118  stm32h7xx_hal_uart.o(i.UART_CheckIdleState)
    UART_SetConfig                           0x0800c27d   Thumb Code  1402  stm32h7xx_hal_uart.o(i.UART_SetConfig)
    UART_Start_Receive_IT                    0x0800c809   Thumb Code   352  stm32h7xx_hal_uart.o(i.UART_Start_Receive_IT)
    UART_WaitOnFlagUntilTimeout              0x0800cb37   Thumb Code   254  stm32h7xx_hal_uart.o(i.UART_WaitOnFlagUntilTimeout)
    USART1_IRQHandler                        0x0800cc35   Thumb Code    10  stm32h7xx_it.o(i.USART1_IRQHandler)
    UsageFault_Handler                       0x0800cc45   Thumb Code     4  stm32h7xx_it.o(i.UsageFault_Handler)
    __0printf                                0x0800cc49   Thumb Code    22  printfa.o(i.__0printf)
    __1printf                                0x0800cc49   Thumb Code     0  printfa.o(i.__0printf)
    __2printf                                0x0800cc49   Thumb Code     0  printfa.o(i.__0printf)
    __c89printf                              0x0800cc49   Thumb Code     0  printfa.o(i.__0printf)
    printf                                   0x0800cc49   Thumb Code     0  printfa.o(i.__0printf)
    __scatterload_copy                       0x0800cca1   Thumb Code    14  handlers.o(i.__scatterload_copy)
    __scatterload_null                       0x0800ccaf   Thumb Code     2  handlers.o(i.__scatterload_null)
    __scatterload_zeroinit                   0x0800ccb1   Thumb Code    14  handlers.o(i.__scatterload_zeroinit)
    adc7767_init                             0x0800d575   Thumb Code   102  ad7767.o(i.adc7767_init)
    append_xor_checksum                      0x0800d5e9   Thumb Code    20  cmd.o(i.append_xor_checksum)
    change_buff                              0x0800d5fd   Thumb Code    70  ad7767.o(i.change_buff)
    clear_key_action                         0x0800d661   Thumb Code   140  process.o(i.clear_key_action)
    clear_receive                            0x0800d6f9   Thumb Code    24  cmd.o(i.clear_receive)
    close_refresh_bettary_tim                0x0800d71d   Thumb Code     2  process.o(i.close_refresh_bettary_tim)
    cmd_key_do                               0x0800d721   Thumb Code    58  process.o(i.cmd_key_do)
    control_page_proccess                    0x0800d775   Thumb Code    32  process.o(i.control_page_proccess)
    draw_battery_level                       0x0800d795   Thumb Code    78  ui.o(i.draw_battery_level)
    draw_cmd_base_page                       0x0800d7ed   Thumb Code    50  ui.o(i.draw_cmd_base_page)
    draw_control_page                        0x0800d83d   Thumb Code   114  ui.o(i.draw_control_page)
    draw_main_page                           0x0800d8e1   Thumb Code    58  ui.o(i.draw_main_page)
    draw_set_singal_page                     0x0800d949   Thumb Code    76  ui.o(i.draw_set_singal_page)
    draw_version_message_page                0x0800d9b1   Thumb Code    40  ui.o(i.draw_version_message_page)
    ds1302_read                              0x0800d9f1   Thumb Code   114  ds1302.o(i.ds1302_read)
    ds1302_write                             0x0800da71   Thumb Code    98  ds1302.o(i.ds1302_write)
    enter_key_action                         0x0800dadd   Thumb Code    84  process.o(i.enter_key_action)
    fputc                                    0x0800db41   Thumb Code    22  usart.o(i.fputc)
    get_key_status                           0x0800db5d   Thumb Code    98  key.o(i.get_key_status)
    hex2str                                  0x0800dbc9   Thumb Code    52  process.o(i.hex2str)
    home_key_action                          0x0800dbfd   Thumb Code    34  process.o(i.home_key_action)
    init_struct_ID_CMD                       0x0800dc21   Thumb Code    24  process.o(i.init_struct_ID_CMD)
    itoa                                     0x0800dc41   Thumb Code   150  app_work.o(i.itoa)
    lcd_Blink                                0x0800dd01   Thumb Code    22  bsp_lcd12864.o(i.lcd_Blink)
    lcd_DisBlink                             0x0800dd17   Thumb Code    22  bsp_lcd12864.o(i.lcd_DisBlink)
    lcd_DisByte                              0x0800dd2d   Thumb Code    24  bsp_lcd12864.o(i.lcd_DisByte)
    lcd_DisStr                               0x0800dd45   Thumb Code    80  bsp_lcd12864.o(i.lcd_DisStr)
    lcd_clear                                0x0800dd95   Thumb Code    10  bsp_lcd12864.o(i.lcd_clear)
    lcd_clear_row                            0x0800dda1   Thumb Code    30  bsp_lcd12864.o(i.lcd_clear_row)
    lcd_locate                               0x0800ddc5   Thumb Code    82  bsp_lcd12864.o(i.lcd_locate)
    main                                     0x0800de19   Thumb Code   380  main.o(i.main)
    main_num_key_do                          0x0800dfcd   Thumb Code    56  process.o(i.main_num_key_do)
    main_page_proccess                       0x0800e005   Thumb Code    20  process.o(i.main_page_proccess)
    num_key_do                               0x0800e019   Thumb Code   270  process.o(i.num_key_do)
    open_refresh_bettary_tim                 0x0800e131   Thumb Code     2  process.o(i.open_refresh_bettary_tim)
    re_lcd_list_location                     0x0800e133   Thumb Code    28  bsp_lcd12864.o(i.re_lcd_list_location)
    receive_deal_9K                          0x0800e151   Thumb Code   210  cmd.o(i.receive_deal_9K)
    receive_deal_9_5K                        0x0800e249   Thumb Code   196  cmd.o(i.receive_deal_9_5K)
    running_cmd_page_proccess                0x0800e331   Thumb Code    40  process.o(i.running_cmd_page_proccess)
    scroll_key_action                        0x0800e359   Thumb Code    30  process.o(i.scroll_key_action)
    set_lcd_blink                            0x0800e379   Thumb Code    88  process.o(i.set_lcd_blink)
    set_out_high                             0x0800e3d9   Thumb Code    44  key.o(i.set_out_high)
    singal_num_key_do                        0x0800e40d   Thumb Code   106  process.o(i.singal_num_key_do)
    singal_set_page_proccess                 0x0800e477   Thumb Code    28  process.o(i.singal_set_page_proccess)
    switch_cmd_do                            0x0800e495   Thumb Code    80  cmd.o(i.switch_cmd_do)
    version_message_page_proccess            0x0800e4f9   Thumb Code    14  process.o(i.version_message_page_proccess)
    UARTPrescTable                           0x0800e50e   Data          24  stm32h7xx_hal_uart.o(.constdata)
    D1CorePrescTable                         0x0800e536   Data          16  system_stm32h7xx.o(.constdata)
    ack_9K_tlabe                             0x0800e6bc   Data         200  cmd.o(.constdata)
    ack_9_5K_tlabe                           0x0800e784   Data         200  cmd.o(.constdata)
    s1_data                                  0x0800e87a   Data        2500  chirp.o(.constdata)
    s2_data                                  0x0800f23e   Data        2500  chirp.o(.constdata)
    Region$$Table$$Base                      0x0800fc04   Number         0  anon$$obj.o(Region$$Table)
    Region$$Table$$Limit                     0x0800fc24   Number         0  anon$$obj.o(Region$$Table)
    timer4_Prescaler                         0x24000000   Data           2  tim.o(.data)
    timer4_Period                            0x24000002   Data           2  tim.o(.data)
    timer4_oc1_Pulse                         0x24000004   Data           2  tim.o(.data)
    timer4_oc2_Pulse                         0x24000006   Data           2  tim.o(.data)
    uart1_rxbuf                              0x24000008   Data           1  usart.o(.data)
    uwTick                                   0x24000018   Data           4  stm32h7xx_hal.o(.data)
    uwTickPrio                               0x2400001c   Data           4  stm32h7xx_hal.o(.data)
    uwTickFreq                               0x24000020   Data           1  stm32h7xx_hal.o(.data)
    SystemCoreClock                          0x24000024   Data           4  system_stm32h7xx.o(.data)
    SystemD2Clock                            0x24000028   Data           4  system_stm32h7xx.o(.data)
    Project_name                             0x2400002c   Data          30  app_work.o(.data)
    exit_key                                 0x2400004a   Data           1  app_work.o(.data)
    menu                                     0x2400004c   Data           8  app_work.o(.data)
    ID                                       0x24000054   Data           6  app_work.o(.data)
    CMD                                      0x2400005a   Data           6  app_work.o(.data)
    TIM13_10ms_Flag                          0x24000060   Data           1  app_work.o(.data)
    recorded_time                            0x24000064   Data           4  app_work.o(.data)
    TIM17_40ms_FLAG                          0x24000068   Data           1  app_work.o(.data)
    TIM13_10ms_cnt                           0x24000069   Data           1  app_work.o(.data)
    TIM13_100ms_cnt                          0x2400006a   Data           1  app_work.o(.data)
    TIM13_1s_cnt                             0x2400006b   Data           1  app_work.o(.data)
    p_ad_begin                               0x24000078   Data           4  ad7767.o(.data)
    p_sd                                     0x2400007c   Data           4  ad7767.o(.data)
    ad7767_data                              0x24000080   Data           4  ad7767.o(.data)
    ad7767_data_16B                          0x24000084   Data           2  ad7767.o(.data)
    Ping_full_flag                           0x24000086   Data           1  ad7767.o(.data)
    Pang_full_flag                           0x24000087   Data           1  ad7767.o(.data)
    SPI_Rx_buff                              0x24000088   Data           3  ad7767.o(.data)
    SPI_Tx_buff                              0x2400008b   Data           3  ad7767.o(.data)
    addata_cnt                               0x2400008e   Data           2  ad7767.o(.data)
    power                                    0x24000094   Data          32  ui.o(.data)
    power_new_100                            0x240000b4   Data          32  ui.o(.data)
    power_new_90                             0x240000d4   Data          32  ui.o(.data)
    power_new_80                             0x240000f4   Data          32  ui.o(.data)
    power_new_70                             0x24000114   Data          32  ui.o(.data)
    power_new_60                             0x24000134   Data          32  ui.o(.data)
    power_new_50                             0x24000154   Data          32  ui.o(.data)
    power_new_40                             0x24000174   Data          32  ui.o(.data)
    power_new_30                             0x24000194   Data          32  ui.o(.data)
    power_new_20                             0x240001b4   Data          32  ui.o(.data)
    power_new_10                             0x240001d4   Data          32  ui.o(.data)
    power_new_0                              0x240001f4   Data          32  ui.o(.data)
    power_state                              0x24000214   Data           1  ui.o(.data)
    TIM_20S_FLAG                             0x24000220   Data           1  cmd.o(.data)
    TIM_10S_FLAG                             0x24000221   Data           1  cmd.o(.data)
    order_respond                            0x24000222   Data           1  cmd.o(.data)
    fun_respond                              0x24000223   Data           1  cmd.o(.data)
    stop_cnt_flag                            0x24000224   Data           1  cmd.o(.data)
    time_mode                                0x24000225   Data           1  cmd.o(.data)
    correct_cnt                              0x24000240   Data           2  cmd.o(.data)
    index_100                                0x24000242   Data           1  cmd.o(.data)
    Key_Value                                0x24000248   Data           1  key.o(.data)
    Key_Home_State                           0x24000249   Data           1  key.o(.data)
    Key_Scan_flag                            0x2400024a   Data           1  key.o(.data)
    RESPONSE_TEMP                            0x2400024b   Data          90  process.o(.data)
    __stdout                                 0x240002b0   Data           4  stdout.o(.data)
    hadc3                                    0x240002b4   Data         100  adc.o(.bss)
    hsd1                                     0x24000318   Data         124  sdmmc.o(.bss)
    hspi1                                    0x24000394   Data         136  spi.o(.bss)
    hdma_spi1_rx                             0x2400041c   Data         120  spi.o(.bss)
    htim3                                    0x24000494   Data          76  tim.o(.bss)
    htim4                                    0x240004e0   Data          76  tim.o(.bss)
    htim6                                    0x2400052c   Data          76  tim.o(.bss)
    htim7                                    0x24000578   Data          76  tim.o(.bss)
    htim12                                   0x240005c4   Data          76  tim.o(.bss)
    htim13                                   0x24000610   Data          76  tim.o(.bss)
    htim17                                   0x2400065c   Data          76  tim.o(.bss)
    huart1                                   0x240006a8   Data         144  usart.o(.bss)
    huart3                                   0x24000738   Data         144  usart.o(.bss)
    AD7767_Ping                              0x240007c8   Data         400  ad7767.o(.bss)
    AD7767_Pang                              0x24000958   Data         400  ad7767.o(.bss)
    ADCdata_BUFF                             0x24000ae8   Data        8192  ad7767.o(.bss)
    RTC_Time                                 0x24002ae8   Data          24  ds1302.o(.bss)
    Receive_9K                               0x24002b00   Data         800  cmd.o(.bss)
    Receive_9_5K                             0x24002e20   Data         800  cmd.o(.bss)
    order_data                               0x24003140   Data          16  cmd.o(.bss)
    __initial_sp                             0x24005150   Data           0  startup_stm32h750xx.o(STACK)



==============================================================================

Memory Map of the image

  Image Entry point : 0x08000299

  Load Region LR_IROM1 (Base: 0x08000000, Size: 0x0000fed8, Max: 0x00020000, ABSOLUTE, COMPRESSED[0x0000fcc8])

    Execution Region ER_IROM1 (Exec base: 0x08000000, Load base: 0x08000000, Size: 0x0000fc24, Max: 0x00020000, ABSOLUTE)

    Exec Addr    Load Addr    Size         Type   Attr      Idx    E Section Name        Object

    0x08000000   0x08000000   0x00000298   Data   RO            3    RESET               startup_stm32h750xx.o
    0x08000298   0x08000298   0x00000000   Code   RO         8317  * .ARM.Collect$$$$00000000  mc_w.l(entry.o)
    0x08000298   0x08000298   0x00000004   Code   RO         8645    .ARM.Collect$$$$00000001  mc_w.l(entry2.o)
    0x0800029c   0x0800029c   0x00000004   Code   RO         8648    .ARM.Collect$$$$00000004  mc_w.l(entry5.o)
    0x080002a0   0x080002a0   0x00000000   Code   RO         8650    .ARM.Collect$$$$00000008  mc_w.l(entry7b.o)
    0x080002a0   0x080002a0   0x00000000   Code   RO         8652    .ARM.Collect$$$$0000000A  mc_w.l(entry8b.o)
    0x080002a0   0x080002a0   0x00000008   Code   RO         8653    .ARM.Collect$$$$0000000B  mc_w.l(entry9a.o)
    0x080002a8   0x080002a8   0x00000000   Code   RO         8655    .ARM.Collect$$$$0000000D  mc_w.l(entry10a.o)
    0x080002a8   0x080002a8   0x00000000   Code   RO         8657    .ARM.Collect$$$$0000000F  mc_w.l(entry11a.o)
    0x080002a8   0x080002a8   0x00000004   Code   RO         8646    .ARM.Collect$$$$00002712  mc_w.l(entry2.o)
    0x080002ac   0x080002ac   0x00000024   Code   RO            4    .text               startup_stm32h750xx.o
    0x080002d0   0x080002d0   0x00000062   Code   RO         8320    .text               mc_w.l(uldiv.o)
    0x08000332   0x08000332   0x00000024   Code   RO         8322    .text               mc_w.l(memcpya.o)
    0x08000356   0x08000356   0x00000024   Code   RO         8324    .text               mc_w.l(memseta.o)
    0x0800037a   0x0800037a   0x00000018   Code   RO         8326    .text               mc_w.l(strcat.o)
    0x08000392   0x08000392   0x0000000e   Code   RO         8328    .text               mc_w.l(strlen.o)
    0x080003a0   0x080003a0   0x00000012   Code   RO         8332    .text               mc_w.l(strcpy.o)
    0x080003b2   0x080003b2   0x0000014e   Code   RO         8597    .text               mf_w.l(dadd.o)
    0x08000500   0x08000500   0x000000e4   Code   RO         8599    .text               mf_w.l(dmul.o)
    0x080005e4   0x080005e4   0x000000de   Code   RO         8601    .text               mf_w.l(ddiv.o)
    0x080006c2   0x080006c2   0x00000022   Code   RO         8603    .text               mf_w.l(dflti.o)
    0x080006e4   0x080006e4   0x0000001a   Code   RO         8605    .text               mf_w.l(dfltui.o)
    0x080006fe   0x080006fe   0x00000032   Code   RO         8607    .text               mf_w.l(dfixui.o)
    0x08000730   0x08000730   0x00000026   Code   RO         8609    .text               mf_w.l(f2d.o)
    0x08000756   0x08000756   0x00000002   PAD
    0x08000758   0x08000758   0x00000030   Code   RO         8613    .text               mf_w.l(cdrcmple.o)
    0x08000788   0x08000788   0x00000038   Code   RO         8615    .text               mf_w.l(d2f.o)
    0x080007c0   0x080007c0   0x0000002c   Code   RO         8660    .text               mc_w.l(uidiv.o)
    0x080007ec   0x080007ec   0x0000001e   Code   RO         8662    .text               mc_w.l(llshl.o)
    0x0800080a   0x0800080a   0x00000020   Code   RO         8664    .text               mc_w.l(llushr.o)
    0x0800082a   0x0800082a   0x00000024   Code   RO         8666    .text               mc_w.l(llsshr.o)
    0x0800084e   0x0800084e   0x00000000   Code   RO         8675    .text               mc_w.l(iusefp.o)
    0x0800084e   0x0800084e   0x0000006e   Code   RO         8676    .text               mf_w.l(fepilogue.o)
    0x080008bc   0x080008bc   0x000000ba   Code   RO         8678    .text               mf_w.l(depilogue.o)
    0x08000976   0x08000976   0x00000030   Code   RO         8682    .text               mf_w.l(dfixul.o)
    0x080009a6   0x080009a6   0x00000002   PAD
    0x080009a8   0x080009a8   0x00000024   Code   RO         8688    .text               mc_w.l(init.o)
    0x080009cc   0x080009cc   0x00000056   Code   RO         8700    .text               mc_w.l(__dczerorl2.o)
    0x08000a22   0x08000a22   0x00000002   PAD
    0x08000a24   0x08000a24   0x00000160   Code   RO         1137    i.ADC_ConfigureBoostMode  stm32h7xx_hal_adc.o
    0x08000b84   0x08000b84   0x0000011c   Code   RO         1138    i.ADC_ConversionStop  stm32h7xx_hal_adc.o
    0x08000ca0   0x08000ca0   0x00000094   Code   RO         1142    i.ADC_Disable       stm32h7xx_hal_adc.o
    0x08000d34   0x08000d34   0x000000cc   Code   RO         1143    i.ADC_Enable        stm32h7xx_hal_adc.o
    0x08000e00   0x08000e00   0x0000008c   Code   RO         7244    i.APP_Init          app_work.o
    0x08000e8c   0x08000e8c   0x00000012   Code   RO         7245    i.APP_Process       app_work.o
    0x08000e9e   0x08000e9e   0x00000002   PAD
    0x08000ea0   0x08000ea0   0x0000000c   Code   RO          994    i.BSP_SD_ReadCpltCallback  sd_diskio.o
    0x08000eac   0x08000eac   0x0000000c   Code   RO          995    i.BSP_SD_WriteCpltCallback  sd_diskio.o
    0x08000eb8   0x08000eb8   0x00000004   Code   RO          727    i.BusFault_Handler  stm32h7xx_it.o
    0x08000ebc   0x08000ebc   0x00000164   Code   RO         7703    i.CGRAM_Fill_Power  ui.o
    0x08001020   0x08001020   0x000002e0   Code   RO         7812    i.CMD_47            cmd.o
    0x08001300   0x08001300   0x000002d8   Code   RO         7813    i.CMD_48            cmd.o
    0x080015d8   0x080015d8   0x00000264   Code   RO         7814    i.CMD_49            cmd.o
    0x0800183c   0x0800183c   0x000001ec   Code   RO         7815    i.CMD_55            cmd.o
    0x08001a28   0x08001a28   0x00000010   Code   RO         7959    i.Close_beep        key.o
    0x08001a38   0x08001a38   0x00000010   Code   RO          728    i.DMA1_Stream0_IRQHandler  stm32h7xx_it.o
    0x08001a48   0x08001a48   0x000000ec   Code   RO         2363    i.DMA_CalcBaseAndBitshift  stm32h7xx_hal_dma.o
    0x08001b34   0x08001b34   0x000000c4   Code   RO         2364    i.DMA_CalcDMAMUXChannelBaseAndMask  stm32h7xx_hal_dma.o
    0x08001bf8   0x08001bf8   0x00000098   Code   RO         2365    i.DMA_CalcDMAMUXRequestGenBaseAndMask  stm32h7xx_hal_dma.o
    0x08001c90   0x08001c90   0x000000ae   Code   RO         2366    i.DMA_CheckFifoParam  stm32h7xx_hal_dma.o
    0x08001d3e   0x08001d3e   0x00000002   PAD
    0x08001d40   0x08001d40   0x0000006c   Code   RO         7487    i.DS1302_Read       ds1302.o
    0x08001dac   0x08001dac   0x00000002   Code   RO          729    i.DebugMon_Handler  stm32h7xx_it.o
    0x08001dae   0x08001dae   0x00000002   PAD
    0x08001db0   0x08001db0   0x00000068   Code   RO         7816    i.Deck_Send         cmd.o
    0x08001e18   0x08001e18   0x0000005c   Code   RO         7818    i.Delay_10ms        cmd.o
    0x08001e74   0x08001e74   0x00000060   Code   RO          532    i.Delay_us          tim.o
    0x08001ed4   0x08001ed4   0x0000015c   Code   RO         7706    i.DisplayGRAM_Power  ui.o
    0x08002030   0x08002030   0x0000000a   Code   RO          730    i.EXTI9_5_IRQHandler  stm32h7xx_it.o
    0x0800203a   0x0800203a   0x00000006   Code   RO           13    i.Error_Handler     main.o
    0x08002040   0x08002040   0x00000204   Code   RO         7707    i.GetPowerValue     ui.o
    0x08002244   0x08002244   0x00000078   Code   RO         7708    i.GetPower_State    ui.o
    0x080022bc   0x080022bc   0x000000b8   Code   RO         1399    i.HAL_ADCEx_Calibration_Start  stm32h7xx_hal_adc_ex.o
    0x08002374   0x08002374   0x00000544   Code   RO         1145    i.HAL_ADC_ConfigChannel  stm32h7xx_hal_adc.o
    0x080028b8   0x080028b8   0x00000008   Code   RO         1152    i.HAL_ADC_GetValue  stm32h7xx_hal_adc.o
    0x080028c0   0x080028c0   0x0000028c   Code   RO         1154    i.HAL_ADC_Init      stm32h7xx_hal_adc.o
    0x08002b4c   0x08002b4c   0x00000058   Code   RO          335    i.HAL_ADC_MspInit   adc.o
    0x08002ba4   0x08002ba4   0x00000164   Code   RO         1158    i.HAL_ADC_PollForConversion  stm32h7xx_hal_adc.o
    0x08002d08   0x08002d08   0x00000134   Code   RO         1160    i.HAL_ADC_Start     stm32h7xx_hal_adc.o
    0x08002e3c   0x08002e3c   0x0000004a   Code   RO         1163    i.HAL_ADC_Stop      stm32h7xx_hal_adc.o
    0x08002e86   0x08002e86   0x00000002   PAD
    0x08002e88   0x08002e88   0x000004dc   Code   RO         2368    i.HAL_DMA_Abort     stm32h7xx_hal_dma.o
    0x08003364   0x08003364   0x00000398   Code   RO         2369    i.HAL_DMA_Abort_IT  stm32h7xx_hal_dma.o
    0x080036fc   0x080036fc   0x00000af8   Code   RO         2373    i.HAL_DMA_IRQHandler  stm32h7xx_hal_dma.o
    0x080041f4   0x080041f4   0x00000520   Code   RO         2374    i.HAL_DMA_Init      stm32h7xx_hal_dma.o
    0x08004714   0x08004714   0x00000028   Code   RO         3223    i.HAL_Delay         stm32h7xx_hal.o
    0x0800473c   0x0800473c   0x00000178   Code   RO         2213    i.HAL_GPIO_DeInit   stm32h7xx_hal_gpio.o
    0x080048b4   0x080048b4   0x000000e0   Code   RO         7312    i.HAL_GPIO_EXTI_Callback  ad7767.o
    0x08004994   0x08004994   0x0000001c   Code   RO         2215    i.HAL_GPIO_EXTI_IRQHandler  stm32h7xx_hal_gpio.o
    0x080049b0   0x080049b0   0x000001fc   Code   RO         2216    i.HAL_GPIO_Init     stm32h7xx_hal_gpio.o
    0x08004bac   0x08004bac   0x00000010   Code   RO         2218    i.HAL_GPIO_ReadPin  stm32h7xx_hal_gpio.o
    0x08004bbc   0x08004bbc   0x0000000c   Code   RO         2220    i.HAL_GPIO_WritePin  stm32h7xx_hal_gpio.o
    0x08004bc8   0x08004bc8   0x0000000c   Code   RO         3234    i.HAL_GetREVID      stm32h7xx_hal.o
    0x08004bd4   0x08004bd4   0x0000000c   Code   RO         3235    i.HAL_GetTick       stm32h7xx_hal.o
    0x08004be0   0x08004be0   0x00000018   Code   RO         3241    i.HAL_IncTick       stm32h7xx_hal.o
    0x08004bf8   0x08004bf8   0x00000060   Code   RO         3242    i.HAL_Init          stm32h7xx_hal.o
    0x08004c58   0x08004c58   0x00000058   Code   RO         3243    i.HAL_InitTick      stm32h7xx_hal.o
    0x08004cb0   0x08004cb0   0x0000005c   Code   RO         3071    i.HAL_MPU_ConfigRegion  stm32h7xx_hal_cortex.o
    0x08004d0c   0x08004d0c   0x0000002c   Code   RO         3072    i.HAL_MPU_Disable   stm32h7xx_hal_cortex.o
    0x08004d38   0x08004d38   0x00000040   Code   RO         3073    i.HAL_MPU_Enable    stm32h7xx_hal_cortex.o
    0x08004d78   0x08004d78   0x00000024   Code   RO          855    i.HAL_MspInit       stm32h7xx_hal_msp.o
    0x08004d9c   0x08004d9c   0x00000044   Code   RO         3075    i.HAL_NVIC_DisableIRQ  stm32h7xx_hal_cortex.o
    0x08004de0   0x08004de0   0x00000028   Code   RO         3076    i.HAL_NVIC_EnableIRQ  stm32h7xx_hal_cortex.o
    0x08004e08   0x08004e08   0x0000007a   Code   RO         3082    i.HAL_NVIC_SetPriority  stm32h7xx_hal_cortex.o
    0x08004e82   0x08004e82   0x00000002   PAD
    0x08004e84   0x08004e84   0x00000028   Code   RO         3083    i.HAL_NVIC_SetPriorityGrouping  stm32h7xx_hal_cortex.o
    0x08004eac   0x08004eac   0x00000060   Code   RO         2817    i.HAL_PWREx_ConfigSupply  stm32h7xx_hal_pwr_ex.o
    0x08004f0c   0x08004f0c   0x00000024   Code   RO         1779    i.HAL_RCCEx_GetD3PCLK1Freq  stm32h7xx_hal_rcc_ex.o
    0x08004f30   0x08004f30   0x00000230   Code   RO         1780    i.HAL_RCCEx_GetPLL1ClockFreq  stm32h7xx_hal_rcc_ex.o
    0x08005160   0x08005160   0x00000230   Code   RO         1781    i.HAL_RCCEx_GetPLL2ClockFreq  stm32h7xx_hal_rcc_ex.o
    0x08005390   0x08005390   0x00000230   Code   RO         1782    i.HAL_RCCEx_GetPLL3ClockFreq  stm32h7xx_hal_rcc_ex.o
    0x080055c0   0x080055c0   0x00000754   Code   RO         1784    i.HAL_RCCEx_GetPeriphCLKFreq  stm32h7xx_hal_rcc_ex.o
    0x08005d14   0x08005d14   0x00000b64   Code   RO         1788    i.HAL_RCCEx_PeriphCLKConfig  stm32h7xx_hal_rcc_ex.o
    0x08006878   0x08006878   0x00000320   Code   RO         1664    i.HAL_RCC_ClockConfig  stm32h7xx_hal_rcc.o
    0x08006b98   0x08006b98   0x0000004c   Code   RO         1669    i.HAL_RCC_GetHCLKFreq  stm32h7xx_hal_rcc.o
    0x08006be4   0x08006be4   0x00000024   Code   RO         1671    i.HAL_RCC_GetPCLK1Freq  stm32h7xx_hal_rcc.o
    0x08006c08   0x08006c08   0x00000024   Code   RO         1672    i.HAL_RCC_GetPCLK2Freq  stm32h7xx_hal_rcc.o
    0x08006c2c   0x08006c2c   0x0000022c   Code   RO         1673    i.HAL_RCC_GetSysClockFreq  stm32h7xx_hal_rcc.o
    0x08006e58   0x08006e58   0x00000800   Code   RO         1676    i.HAL_RCC_OscConfig  stm32h7xx_hal_rcc.o
    0x08007658   0x08007658   0x00000002   Code   RO         5481    i.HAL_SDEx_Read_DMADoubleBuf0CpltCallback  stm32h7xx_hal_sd.o
    0x0800765a   0x0800765a   0x00000002   Code   RO         5482    i.HAL_SDEx_Read_DMADoubleBuf1CpltCallback  stm32h7xx_hal_sd.o
    0x0800765c   0x0800765c   0x00000002   Code   RO         5483    i.HAL_SDEx_Write_DMADoubleBuf0CpltCallback  stm32h7xx_hal_sd.o
    0x0800765e   0x0800765e   0x00000002   Code   RO         5484    i.HAL_SDEx_Write_DMADoubleBuf1CpltCallback  stm32h7xx_hal_sd.o
    0x08007660   0x08007660   0x00000002   Code   RO         5492    i.HAL_SD_ErrorCallback  stm32h7xx_hal_sd.o
    0x08007662   0x08007662   0x00000002   PAD
    0x08007664   0x08007664   0x00000274   Code   RO         5500    i.HAL_SD_IRQHandler  stm32h7xx_hal_sd.o
    0x080078d8   0x080078d8   0x0000000a   Code   RO          893    i.HAL_SD_RxCpltCallback  bsp_driver_sd.o
    0x080078e2   0x080078e2   0x0000000a   Code   RO          894    i.HAL_SD_TxCpltCallback  bsp_driver_sd.o
    0x080078ec   0x080078ec   0x00000002   Code   RO         5795    i.HAL_SPI_ErrorCallback  stm32h7xx_hal_spi.o
    0x080078ee   0x080078ee   0x00000002   PAD
    0x080078f0   0x080078f0   0x000002ac   Code   RO         5798    i.HAL_SPI_IRQHandler  stm32h7xx_hal_spi.o
    0x08007b9c   0x08007b9c   0x00000180   Code   RO         5799    i.HAL_SPI_Init      stm32h7xx_hal_spi.o
    0x08007d1c   0x08007d1c   0x000000e8   Code   RO          491    i.HAL_SPI_MspInit   spi.o
    0x08007e04   0x08007e04   0x000002c2   Code   RO         5802    i.HAL_SPI_Receive   stm32h7xx_hal_spi.o
    0x080080c6   0x080080c6   0x00000002   Code   RO         5805    i.HAL_SPI_RxCpltCallback  stm32h7xx_hal_spi.o
    0x080080c8   0x080080c8   0x00000406   Code   RO         5808    i.HAL_SPI_TransmitReceive  stm32h7xx_hal_spi.o
    0x080084ce   0x080084ce   0x00000002   Code   RO         5813    i.HAL_SPI_TxCpltCallback  stm32h7xx_hal_spi.o
    0x080084d0   0x080084d0   0x00000002   Code   RO         5815    i.HAL_SPI_TxRxCpltCallback  stm32h7xx_hal_spi.o
    0x080084d2   0x080084d2   0x00000002   PAD
    0x080084d4   0x080084d4   0x00000014   Code   RO         3247    i.HAL_SYSCFG_AnalogSwitchConfig  stm32h7xx_hal.o
    0x080084e8   0x080084e8   0x00000034   Code   RO         3087    i.HAL_SYSTICK_Config  stm32h7xx_hal_cortex.o
    0x0800851c   0x0800851c   0x00000002   Code   RO         4843    i.HAL_TIMEx_Break2Callback  stm32h7xx_hal_tim_ex.o
    0x0800851e   0x0800851e   0x00000002   Code   RO         4844    i.HAL_TIMEx_BreakCallback  stm32h7xx_hal_tim_ex.o
    0x08008520   0x08008520   0x00000002   Code   RO         4845    i.HAL_TIMEx_CommutCallback  stm32h7xx_hal_tim_ex.o
    0x08008522   0x08008522   0x00000002   PAD
    0x08008524   0x08008524   0x000000cc   Code   RO         4865    i.HAL_TIMEx_MasterConfigSynchronization  stm32h7xx_hal_tim_ex.o
    0x080085f0   0x080085f0   0x0000006e   Code   RO         4118    i.HAL_TIM_Base_Init  stm32h7xx_hal_tim.o
    0x0800865e   0x0800865e   0x00000002   PAD
    0x08008660   0x08008660   0x000000e4   Code   RO          534    i.HAL_TIM_Base_MspInit  tim.o
    0x08008744   0x08008744   0x000000b4   Code   RO         4123    i.HAL_TIM_Base_Start_IT  stm32h7xx_hal_tim.o
    0x080087f8   0x080087f8   0x00000032   Code   RO         4124    i.HAL_TIM_Base_Stop  stm32h7xx_hal_tim.o
    0x0800882a   0x0800882a   0x0000003e   Code   RO         4126    i.HAL_TIM_Base_Stop_IT  stm32h7xx_hal_tim.o
    0x08008868   0x08008868   0x00000002   Code   RO         4152    i.HAL_TIM_IC_CaptureCallback  stm32h7xx_hal_tim.o
    0x0800886a   0x0800886a   0x000001b8   Code   RO         4166    i.HAL_TIM_IRQHandler  stm32h7xx_hal_tim.o
    0x08008a22   0x08008a22   0x00000002   PAD
    0x08008a24   0x08008a24   0x000000f0   Code   RO          535    i.HAL_TIM_MspPostInit  tim.o
    0x08008b14   0x08008b14   0x00000090   Code   RO         4167    i.HAL_TIM_OC_ConfigChannel  stm32h7xx_hal_tim.o
    0x08008ba4   0x08008ba4   0x00000002   Code   RO         4169    i.HAL_TIM_OC_DelayElapsedCallback  stm32h7xx_hal_tim.o
    0x08008ba6   0x08008ba6   0x0000006e   Code   RO         4171    i.HAL_TIM_OC_Init   stm32h7xx_hal_tim.o
    0x08008c14   0x08008c14   0x00000030   Code   RO          537    i.HAL_TIM_OC_MspInit  tim.o
    0x08008c44   0x08008c44   0x00000164   Code   RO         4174    i.HAL_TIM_OC_Start  stm32h7xx_hal_tim.o
    0x08008da8   0x08008da8   0x000000e4   Code   RO         4177    i.HAL_TIM_OC_Stop   stm32h7xx_hal_tim.o
    0x08008e8c   0x08008e8c   0x00000170   Code   RO         4190    i.HAL_TIM_PWM_ConfigChannel  stm32h7xx_hal_tim.o
    0x08008ffc   0x08008ffc   0x0000006e   Code   RO         4193    i.HAL_TIM_PWM_Init  stm32h7xx_hal_tim.o
    0x0800906a   0x0800906a   0x00000002   PAD
    0x0800906c   0x0800906c   0x00000058   Code   RO          539    i.HAL_TIM_PWM_MspInit  tim.o
    0x080090c4   0x080090c4   0x00000002   Code   RO         4196    i.HAL_TIM_PWM_PulseFinishedCallback  stm32h7xx_hal_tim.o
    0x080090c6   0x080090c6   0x00000002   PAD
    0x080090c8   0x080090c8   0x00000164   Code   RO         4198    i.HAL_TIM_PWM_Start  stm32h7xx_hal_tim.o
    0x0800922c   0x0800922c   0x000000e4   Code   RO         4201    i.HAL_TIM_PWM_Stop  stm32h7xx_hal_tim.o
    0x08009310   0x08009310   0x0000018c   Code   RO         7246    i.HAL_TIM_PeriodElapsedCallback  app_work.o
    0x0800949c   0x0800949c   0x00000002   Code   RO         4209    i.HAL_TIM_TriggerCallback  stm32h7xx_hal_tim.o
    0x0800949e   0x0800949e   0x0000004e   Code   RO         6541    i.HAL_UARTEx_DisableFifoMode  stm32h7xx_hal_uart_ex.o
    0x080094ec   0x080094ec   0x00000002   Code   RO         6125    i.HAL_UARTEx_RxEventCallback  stm32h7xx_hal_uart.o
    0x080094ee   0x080094ee   0x00000002   Code   RO         6548    i.HAL_UARTEx_RxFifoFullCallback  stm32h7xx_hal_uart_ex.o
    0x080094f0   0x080094f0   0x0000005e   Code   RO         6549    i.HAL_UARTEx_SetRxFifoThreshold  stm32h7xx_hal_uart_ex.o
    0x0800954e   0x0800954e   0x0000005e   Code   RO         6550    i.HAL_UARTEx_SetTxFifoThreshold  stm32h7xx_hal_uart_ex.o
    0x080095ac   0x080095ac   0x00000002   Code   RO         6552    i.HAL_UARTEx_TxFifoEmptyCallback  stm32h7xx_hal_uart_ex.o
    0x080095ae   0x080095ae   0x00000002   Code   RO         6553    i.HAL_UARTEx_WakeupCallback  stm32h7xx_hal_uart_ex.o
    0x080095b0   0x080095b0   0x0000004a   Code   RO         6138    i.HAL_UART_DeInit   stm32h7xx_hal_uart.o
    0x080095fa   0x080095fa   0x00000002   Code   RO         6141    i.HAL_UART_ErrorCallback  stm32h7xx_hal_uart.o
    0x080095fc   0x080095fc   0x00000458   Code   RO         6144    i.HAL_UART_IRQHandler  stm32h7xx_hal_uart.o
    0x08009a54   0x08009a54   0x00000078   Code   RO         6145    i.HAL_UART_Init     stm32h7xx_hal_uart.o
    0x08009acc   0x08009acc   0x0000005c   Code   RO          662    i.HAL_UART_MspDeInit  usart.o
    0x08009b28   0x08009b28   0x0000012c   Code   RO          663    i.HAL_UART_MspInit  usart.o
    0x08009c54   0x08009c54   0x00000074   Code   RO         6150    i.HAL_UART_Receive_IT  stm32h7xx_hal_uart.o
    0x08009cc8   0x08009cc8   0x000000ac   Code   RO          664    i.HAL_UART_RxCpltCallback  usart.o
    0x08009d74   0x08009d74   0x000000d8   Code   RO         6156    i.HAL_UART_Transmit_IT  stm32h7xx_hal_uart.o
    0x08009e4c   0x08009e4c   0x00000002   Code   RO         6157    i.HAL_UART_TxCpltCallback  stm32h7xx_hal_uart.o
    0x08009e4e   0x08009e4e   0x00000002   PAD
    0x08009e50   0x08009e50   0x00000064   Code   RO         7961    i.HOME_Scan         key.o
    0x08009eb4   0x08009eb4   0x00000020   Code   RO          731    i.HardFault_Handler  stm32h7xx_it.o
    0x08009ed4   0x08009ed4   0x00000034   Code   RO         8043    i.ID_int_to_string  process.o
    0x08009f08   0x08009f08   0x00000024   Code   RO         7578    i.IOInitOut         bsp_lcd12864.o
    0x08009f2c   0x08009f2c   0x0000004a   Code   RO         7579    i.InitDis           bsp_lcd12864.o
    0x08009f76   0x08009f76   0x00000002   PAD
    0x08009f78   0x08009f78   0x00000010   Code   RO         1166    i.LL_ADC_Enable     stm32h7xx_hal_adc.o
    0x08009f88   0x08009f88   0x0000000a   Code   RO         1167    i.LL_ADC_GetMultiDMATransfer  stm32h7xx_hal_adc.o
    0x08009f92   0x08009f92   0x0000000a   Code   RO         1168    i.LL_ADC_GetMultimode  stm32h7xx_hal_adc.o
    0x08009f9c   0x08009f9c   0x0000000a   Code   RO         1169    i.LL_ADC_INJ_IsConversionOngoing  stm32h7xx_hal_adc.o
    0x08009fa6   0x08009fa6   0x0000000a   Code   RO         1170    i.LL_ADC_IsDisableOngoing  stm32h7xx_hal_adc.o
    0x08009fb0   0x08009fb0   0x0000000a   Code   RO         1171    i.LL_ADC_IsEnabled  stm32h7xx_hal_adc.o
    0x08009fba   0x08009fba   0x0000000a   Code   RO         1172    i.LL_ADC_IsInternalRegulatorEnabled  stm32h7xx_hal_adc.o
    0x08009fc4   0x08009fc4   0x0000000a   Code   RO         1173    i.LL_ADC_REG_IsConversionOngoing  stm32h7xx_hal_adc.o
    0x08009fce   0x08009fce   0x00000012   Code   RO         1174    i.LL_ADC_REG_IsTriggerSourceSWStart  stm32h7xx_hal_adc.o
    0x08009fe0   0x08009fe0   0x00000010   Code   RO         1175    i.LL_ADC_REG_StartConversion  stm32h7xx_hal_adc.o
    0x08009ff0   0x08009ff0   0x00000028   Code   RO         1177    i.LL_ADC_SetChannelSamplingTime  stm32h7xx_hal_adc.o
    0x0800a018   0x0800a018   0x0000000c   Code   RO         1178    i.LL_ADC_SetCommonPathInternalCh  stm32h7xx_hal_adc.o
    0x0800a024   0x0800a024   0x00000038   Code   RO         7580    i.Lcd_Write_Cmd     bsp_lcd12864.o
    0x0800a05c   0x0800a05c   0x00000038   Code   RO         7581    i.Lcd_Write_Data    bsp_lcd12864.o
    0x0800a094   0x0800a094   0x0000005c   Code   RO           14    i.MPU_Config        main.o
    0x0800a0f0   0x0800a0f0   0x00000084   Code   RO          336    i.MX_ADC3_Init      adc.o
    0x0800a174   0x0800a174   0x00000034   Code   RO          376    i.MX_DMA_Init       dma.o
    0x0800a1a8   0x0800a1a8   0x000001fc   Code   RO          306    i.MX_GPIO_Init      gpio.o
    0x0800a3a4   0x0800a3a4   0x00000060   Code   RO          492    i.MX_SPI1_Init      spi.o
    0x0800a404   0x0800a404   0x00000060   Code   RO          540    i.MX_TIM12_Init     tim.o
    0x0800a464   0x0800a464   0x00000034   Code   RO          541    i.MX_TIM13_Init     tim.o
    0x0800a498   0x0800a498   0x00000080   Code   RO          543    i.MX_TIM3_Init      tim.o
    0x0800a518   0x0800a518   0x000000b0   Code   RO          544    i.MX_TIM4_Init      tim.o
    0x0800a5c8   0x0800a5c8   0x0000004c   Code   RO          545    i.MX_TIM6_Init      tim.o
    0x0800a614   0x0800a614   0x0000004c   Code   RO          546    i.MX_TIM7_Init      tim.o
    0x0800a660   0x0800a660   0x00000078   Code   RO          665    i.MX_USART1_UART_Init  usart.o
    0x0800a6d8   0x0800a6d8   0x000001ec   Code   RO         7962    i.Matrix_Key_Scan   key.o
    0x0800a8c4   0x0800a8c4   0x00000064   Code   RO         7964    i.Matrix_Key_funtcion  key.o
    0x0800a928   0x0800a928   0x00000020   Code   RO          732    i.MemManage_Handler  stm32h7xx_it.o
    0x0800a948   0x0800a948   0x00000004   Code   RO          733    i.NMI_Handler       stm32h7xx_it.o
    0x0800a94c   0x0800a94c   0x00000010   Code   RO         7965    i.Open_beep         key.o
    0x0800a95c   0x0800a95c   0x00000002   Code   RO          734    i.PendSV_Handler    stm32h7xx_it.o
    0x0800a95e   0x0800a95e   0x00000048   Code   RO           15    i.PeriphCommonClock_Config  main.o
    0x0800a9a6   0x0800a9a6   0x00000002   PAD
    0x0800a9a8   0x0800a9a8   0x00000164   Code   RO         1791    i.RCCEx_PLL2_Config  stm32h7xx_hal_rcc_ex.o
    0x0800ab0c   0x0800ab0c   0x00000164   Code   RO         1792    i.RCCEx_PLL3_Config  stm32h7xx_hal_rcc_ex.o
    0x0800ac70   0x0800ac70   0x0000004c   Code   RO         7489    i.RTC_Init          ds1302.o
    0x0800acbc   0x0800acbc   0x000000c0   Code   RO         7490    i.RTC_Read          ds1302.o
    0x0800ad7c   0x0800ad7c   0x000000b0   Code   RO         7247    i.Read_battery      app_work.o
    0x0800ae2c   0x0800ae2c   0x00000010   Code   RO          735    i.SDMMC1_IRQHandler  stm32h7xx_it.o
    0x0800ae3c   0x0800ae3c   0x0000005c   Code   RO         5158    i.SDMMC_CmdStopTransfer  stm32h7xx_ll_sdmmc.o
    0x0800ae98   0x0800ae98   0x000001b0   Code   RO         5165    i.SDMMC_GetCmdResp1  stm32h7xx_ll_sdmmc.o
    0x0800b048   0x0800b048   0x00000008   Code   RO         5170    i.SDMMC_GetCommandResponse  stm32h7xx_ll_sdmmc.o
    0x0800b050   0x0800b050   0x0000000c   Code   RO         5174    i.SDMMC_GetResponse  stm32h7xx_ll_sdmmc.o
    0x0800b05c   0x0800b05c   0x00000008   Code   RO         5179    i.SDMMC_ReadFIFO    stm32h7xx_ll_sdmmc.o
    0x0800b064   0x0800b064   0x0000002c   Code   RO         5180    i.SDMMC_SendCommand  stm32h7xx_ll_sdmmc.o
    0x0800b090   0x0800b090   0x0000000c   Code   RO         5182    i.SDMMC_WriteFIFO   stm32h7xx_ll_sdmmc.o
    0x0800b09c   0x0800b09c   0x00000042   Code   RO         5518    i.SD_Read_IT        stm32h7xx_hal_sd.o
    0x0800b0de   0x0800b0de   0x00000052   Code   RO         5523    i.SD_Write_IT       stm32h7xx_hal_sd.o
    0x0800b130   0x0800b130   0x00000010   Code   RO          736    i.SPI1_IRQHandler   stm32h7xx_it.o
    0x0800b140   0x0800b140   0x000000d6   Code   RO         5818    i.SPI_CloseTransfer  stm32h7xx_hal_spi.o
    0x0800b216   0x0800b216   0x0000001c   Code   RO         5819    i.SPI_DMAAbortOnError  stm32h7xx_hal_spi.o
    0x0800b232   0x0800b232   0x0000001a   Code   RO         5829    i.SPI_GetPacketSize  stm32h7xx_hal_spi.o
    0x0800b24c   0x0800b24c   0x00000040   Code   RO         5836    i.SPI_WaitOnFlagUntilTimeout  stm32h7xx_hal_spi.o
    0x0800b28c   0x0800b28c   0x00000002   Code   RO          737    i.SVC_Handler       stm32h7xx_it.o
    0x0800b28e   0x0800b28e   0x00000002   PAD
    0x0800b290   0x0800b290   0x0000005c   Code   RO         7582    i.SendByte          bsp_lcd12864.o
    0x0800b2ec   0x0800b2ec   0x000000ac   Code   RO         7821    i.Send_frame_from_hex  cmd.o
    0x0800b398   0x0800b398   0x0000003c   Code   RO         7823    i.Send_wakeup       cmd.o
    0x0800b3d4   0x0800b3d4   0x00000028   Code   RO         7492    i.Set_SDIO_IN       ds1302.o
    0x0800b3fc   0x0800b3fc   0x00000028   Code   RO         7493    i.Set_SDIO_OUT      ds1302.o
    0x0800b424   0x0800b424   0x00000008   Code   RO          738    i.SysTick_Handler   stm32h7xx_it.o
    0x0800b42c   0x0800b42c   0x000000e4   Code   RO           16    i.SystemClock_Config  main.o
    0x0800b510   0x0800b510   0x000000fc   Code   RO         6659    i.SystemInit        system_stm32h7xx.o
    0x0800b60c   0x0800b60c   0x00000010   Code   RO          739    i.TIM17_IRQHandler  stm32h7xx_it.o
    0x0800b61c   0x0800b61c   0x00000010   Code   RO          740    i.TIM7_IRQHandler   stm32h7xx_it.o
    0x0800b62c   0x0800b62c   0x00000010   Code   RO          741    i.TIM8_UP_TIM13_IRQHandler  stm32h7xx_it.o
    0x0800b63c   0x0800b63c   0x000000cc   Code   RO         4211    i.TIM_Base_SetConfig  stm32h7xx_hal_tim.o
    0x0800b708   0x0800b708   0x00000022   Code   RO         4212    i.TIM_CCxChannelCmd  stm32h7xx_hal_tim.o
    0x0800b72a   0x0800b72a   0x00000002   PAD
    0x0800b72c   0x0800b72c   0x000000ac   Code   RO         4224    i.TIM_OC1_SetConfig  stm32h7xx_hal_tim.o
    0x0800b7d8   0x0800b7d8   0x000000b4   Code   RO         4225    i.TIM_OC2_SetConfig  stm32h7xx_hal_tim.o
    0x0800b88c   0x0800b88c   0x000000b4   Code   RO         4226    i.TIM_OC3_SetConfig  stm32h7xx_hal_tim.o
    0x0800b940   0x0800b940   0x00000074   Code   RO         4227    i.TIM_OC4_SetConfig  stm32h7xx_hal_tim.o
    0x0800b9b4   0x0800b9b4   0x00000070   Code   RO         4228    i.TIM_OC5_SetConfig  stm32h7xx_hal_tim.o
    0x0800ba24   0x0800ba24   0x00000070   Code   RO         4229    i.TIM_OC6_SetConfig  stm32h7xx_hal_tim.o
    0x0800ba94   0x0800ba94   0x00000038   Code   RO         7824    i.Time4_change_freq  cmd.o
    0x0800bacc   0x0800bacc   0x00000058   Code   RO         6554    i.UARTEx_SetNbDataToProcess  stm32h7xx_hal_uart_ex.o
    0x0800bb24   0x0800bb24   0x000000f8   Code   RO         6159    i.UART_AdvFeatureConfig  stm32h7xx_hal_uart.o
    0x0800bc1c   0x0800bc1c   0x00000076   Code   RO         6160    i.UART_CheckIdleState  stm32h7xx_hal_uart.o
    0x0800bc92   0x0800bc92   0x00000018   Code   RO         6161    i.UART_DMAAbortOnError  stm32h7xx_hal_uart.o
    0x0800bcaa   0x0800bcaa   0x00000002   PAD
    0x0800bcac   0x0800bcac   0x0000006c   Code   RO         6171    i.UART_EndRxTransfer  stm32h7xx_hal_uart.o
    0x0800bd18   0x0800bd18   0x00000030   Code   RO         6172    i.UART_EndTransmit_IT  stm32h7xx_hal_uart.o
    0x0800bd48   0x0800bd48   0x000000d2   Code   RO         6174    i.UART_RxISR_16BIT  stm32h7xx_hal_uart.o
    0x0800be1a   0x0800be1a   0x00000002   PAD
    0x0800be1c   0x0800be1c   0x000001c8   Code   RO         6175    i.UART_RxISR_16BIT_FIFOEN  stm32h7xx_hal_uart.o
    0x0800bfe4   0x0800bfe4   0x000000ce   Code   RO         6176    i.UART_RxISR_8BIT   stm32h7xx_hal_uart.o
    0x0800c0b2   0x0800c0b2   0x00000002   PAD
    0x0800c0b4   0x0800c0b4   0x000001c8   Code   RO         6177    i.UART_RxISR_8BIT_FIFOEN  stm32h7xx_hal_uart.o
    0x0800c27c   0x0800c27c   0x0000058c   Code   RO         6178    i.UART_SetConfig    stm32h7xx_hal_uart.o
    0x0800c808   0x0800c808   0x00000170   Code   RO         6180    i.UART_Start_Receive_IT  stm32h7xx_hal_uart.o
    0x0800c978   0x0800c978   0x00000062   Code   RO         6181    i.UART_TxISR_16BIT  stm32h7xx_hal_uart.o
    0x0800c9da   0x0800c9da   0x00000082   Code   RO         6182    i.UART_TxISR_16BIT_FIFOEN  stm32h7xx_hal_uart.o
    0x0800ca5c   0x0800ca5c   0x0000005c   Code   RO         6183    i.UART_TxISR_8BIT   stm32h7xx_hal_uart.o
    0x0800cab8   0x0800cab8   0x0000007e   Code   RO         6184    i.UART_TxISR_8BIT_FIFOEN  stm32h7xx_hal_uart.o
    0x0800cb36   0x0800cb36   0x000000fe   Code   RO         6185    i.UART_WaitOnFlagUntilTimeout  stm32h7xx_hal_uart.o
    0x0800cc34   0x0800cc34   0x00000010   Code   RO          742    i.USART1_IRQHandler  stm32h7xx_it.o
    0x0800cc44   0x0800cc44   0x00000004   Code   RO          743    i.UsageFault_Handler  stm32h7xx_it.o
    0x0800cc48   0x0800cc48   0x00000020   Code   RO         8569    i.__0printf         mc_w.l(printfa.o)
    0x0800cc68   0x0800cc68   0x00000010   Code   RO         3089    i.__NVIC_GetPriorityGrouping  stm32h7xx_hal_cortex.o
    0x0800cc78   0x0800cc78   0x00000028   Code   RO         3090    i.__NVIC_SetPriority  stm32h7xx_hal_cortex.o
    0x0800cca0   0x0800cca0   0x0000000e   Code   RO         8694    i.__scatterload_copy  mc_w.l(handlers.o)
    0x0800ccae   0x0800ccae   0x00000002   Code   RO         8695    i.__scatterload_null  mc_w.l(handlers.o)
    0x0800ccb0   0x0800ccb0   0x0000000e   Code   RO         8696    i.__scatterload_zeroinit  mc_w.l(handlers.o)
    0x0800ccbe   0x0800ccbe   0x00000002   PAD
    0x0800ccc0   0x0800ccc0   0x00000184   Code   RO         8576    i._fp_digits        mc_w.l(printfa.o)
    0x0800ce44   0x0800ce44   0x000006dc   Code   RO         8577    i._printf_core      mc_w.l(printfa.o)
    0x0800d520   0x0800d520   0x00000024   Code   RO         8578    i._printf_post_padding  mc_w.l(printfa.o)
    0x0800d544   0x0800d544   0x0000002e   Code   RO         8579    i._printf_pre_padding  mc_w.l(printfa.o)
    0x0800d572   0x0800d572   0x00000002   PAD
    0x0800d574   0x0800d574   0x00000074   Code   RO         7314    i.adc7767_init      ad7767.o
    0x0800d5e8   0x0800d5e8   0x00000014   Code   RO         7825    i.append_xor_checksum  cmd.o
    0x0800d5fc   0x0800d5fc   0x00000064   Code   RO         7315    i.change_buff       ad7767.o
    0x0800d660   0x0800d660   0x00000098   Code   RO         8045    i.clear_key_action  process.o
    0x0800d6f8   0x0800d6f8   0x00000024   Code   RO         7826    i.clear_receive     cmd.o
    0x0800d71c   0x0800d71c   0x00000002   Code   RO         8046    i.close_refresh_bettary_tim  process.o
    0x0800d71e   0x0800d71e   0x00000002   PAD
    0x0800d720   0x0800d720   0x00000054   Code   RO         8047    i.cmd_key_do        process.o
    0x0800d774   0x0800d774   0x00000020   Code   RO         8048    i.control_page_proccess  process.o
    0x0800d794   0x0800d794   0x00000058   Code   RO         7709    i.draw_battery_level  ui.o
    0x0800d7ec   0x0800d7ec   0x00000050   Code   RO         7710    i.draw_cmd_base_page  ui.o
    0x0800d83c   0x0800d83c   0x000000a4   Code   RO         7712    i.draw_control_page  ui.o
    0x0800d8e0   0x0800d8e0   0x00000068   Code   RO         7713    i.draw_main_page    ui.o
    0x0800d948   0x0800d948   0x00000068   Code   RO         7714    i.draw_set_singal_page  ui.o
    0x0800d9b0   0x0800d9b0   0x00000040   Code   RO         7715    i.draw_version_message_page  ui.o
    0x0800d9f0   0x0800d9f0   0x00000080   Code   RO         7494    i.ds1302_read       ds1302.o
    0x0800da70   0x0800da70   0x0000006c   Code   RO         7495    i.ds1302_write      ds1302.o
    0x0800dadc   0x0800dadc   0x00000064   Code   RO         8049    i.enter_key_action  process.o
    0x0800db40   0x0800db40   0x0000001c   Code   RO          667    i.fputc             usart.o
    0x0800db5c   0x0800db5c   0x0000006c   Code   RO         7966    i.get_key_status    key.o
    0x0800dbc8   0x0800dbc8   0x00000034   Code   RO         8050    i.hex2str           process.o
    0x0800dbfc   0x0800dbfc   0x00000022   Code   RO         8051    i.home_key_action   process.o
    0x0800dc1e   0x0800dc1e   0x00000002   PAD
    0x0800dc20   0x0800dc20   0x00000020   Code   RO         8052    i.init_struct_ID_CMD  process.o
    0x0800dc40   0x0800dc40   0x000000c0   Code   RO         7248    i.itoa              app_work.o
    0x0800dd00   0x0800dd00   0x00000016   Code   RO         7583    i.lcd_Blink         bsp_lcd12864.o
    0x0800dd16   0x0800dd16   0x00000016   Code   RO         7584    i.lcd_DisBlink      bsp_lcd12864.o
    0x0800dd2c   0x0800dd2c   0x00000018   Code   RO         7585    i.lcd_DisByte       bsp_lcd12864.o
    0x0800dd44   0x0800dd44   0x00000050   Code   RO         7587    i.lcd_DisStr        bsp_lcd12864.o
    0x0800dd94   0x0800dd94   0x0000000a   Code   RO         7588    i.lcd_clear         bsp_lcd12864.o
    0x0800dd9e   0x0800dd9e   0x00000002   PAD
    0x0800dda0   0x0800dda0   0x00000024   Code   RO         7589    i.lcd_clear_row     bsp_lcd12864.o
    0x0800ddc4   0x0800ddc4   0x00000052   Code   RO         7590    i.lcd_locate        bsp_lcd12864.o
    0x0800de16   0x0800de16   0x00000002   PAD
    0x0800de18   0x0800de18   0x000001b4   Code   RO           17    i.main              main.o
    0x0800dfcc   0x0800dfcc   0x00000038   Code   RO         8053    i.main_num_key_do   process.o
    0x0800e004   0x0800e004   0x00000014   Code   RO         8054    i.main_page_proccess  process.o
    0x0800e018   0x0800e018   0x00000118   Code   RO         8055    i.num_key_do        process.o
    0x0800e130   0x0800e130   0x00000002   Code   RO         8056    i.open_refresh_bettary_tim  process.o
    0x0800e132   0x0800e132   0x0000001c   Code   RO         7591    i.re_lcd_list_location  bsp_lcd12864.o
    0x0800e14e   0x0800e14e   0x00000002   PAD
    0x0800e150   0x0800e150   0x000000f8   Code   RO         7828    i.receive_deal_9K   cmd.o
    0x0800e248   0x0800e248   0x000000e8   Code   RO         7829    i.receive_deal_9_5K  cmd.o
    0x0800e330   0x0800e330   0x00000028   Code   RO         8057    i.running_cmd_page_proccess  process.o
    0x0800e358   0x0800e358   0x0000001e   Code   RO         8058    i.scroll_key_action  process.o
    0x0800e376   0x0800e376   0x00000002   PAD
    0x0800e378   0x0800e378   0x00000060   Code   RO         8059    i.set_lcd_blink     process.o
    0x0800e3d8   0x0800e3d8   0x00000034   Code   RO         7967    i.set_out_high      key.o
    0x0800e40c   0x0800e40c   0x0000006a   Code   RO         8060    i.singal_num_key_do  process.o
    0x0800e476   0x0800e476   0x0000001c   Code   RO         8061    i.singal_set_page_proccess  process.o
    0x0800e492   0x0800e492   0x00000002   PAD
    0x0800e494   0x0800e494   0x00000064   Code   RO         7830    i.switch_cmd_do     cmd.o
    0x0800e4f8   0x0800e4f8   0x0000000e   Code   RO         8062    i.version_message_page_proccess  process.o
    0x0800e506   0x0800e506   0x00000008   Data   RO         2380    .constdata          stm32h7xx_hal_dma.o
    0x0800e50e   0x0800e50e   0x00000018   Data   RO         6186    .constdata          stm32h7xx_hal_uart.o
    0x0800e526   0x0800e526   0x00000010   Data   RO         6556    .constdata          stm32h7xx_hal_uart_ex.o
    0x0800e536   0x0800e536   0x00000010   Data   RO         6660    .constdata          system_stm32h7xx.o
    0x0800e546   0x0800e546   0x00000002   PAD
    0x0800e548   0x0800e548   0x00000032   Data   RO         7497    .constdata          ds1302.o
    0x0800e57a   0x0800e57a   0x00000002   PAD
    0x0800e57c   0x0800e57c   0x000002fe   Data   RO         7832    .constdata          cmd.o
    0x0800e87a   0x0800e87a   0x00001388   Data   RO         8205    .constdata          chirp.o
    0x0800fc02   0x0800fc02   0x00000002   PAD
    0x0800fc04   0x0800fc04   0x00000020   Data   RO         8692    Region$$Table       anon$$obj.o


    Execution Region RW_IRAM1 (Exec base: 0x20000000, Load base: 0x0800fc24, Size: 0x00000000, Max: 0x00020000, ABSOLUTE)

    **** No section assigned to this execution region ****


    Execution Region RW_IRAM2 (Exec base: 0x24000000, Load base: 0x0800fc24, Size: 0x00005150, Max: 0x00080000, ABSOLUTE, COMPRESSED[0x000000a4])

    Exec Addr    Load Addr    Size         Type   Attr      Idx    E Section Name        Object

    0x24000000   COMPRESSED   0x00000008   Data   RW          548    .data               tim.o
    0x24000008   COMPRESSED   0x00000001   Data   RW          669    .data               usart.o
    0x24000009   COMPRESSED   0x00000003   PAD
    0x2400000c   COMPRESSED   0x0000000c   Data   RW         1005    .data               sd_diskio.o
    0x24000018   COMPRESSED   0x00000009   Data   RW         3264    .data               stm32h7xx_hal.o
    0x24000021   COMPRESSED   0x00000003   PAD
    0x24000024   COMPRESSED   0x00000008   Data   RW         6661    .data               system_stm32h7xx.o
    0x2400002c   COMPRESSED   0x0000004a   Data   RW         7249    .data               app_work.o
    0x24000076   COMPRESSED   0x00000002   PAD
    0x24000078   COMPRESSED   0x00000018   Data   RW         7317    .data               ad7767.o
    0x24000090   COMPRESSED   0x00000004   Data   RW         7498    .data               ds1302.o
    0x24000094   COMPRESSED   0x00000188   Data   RW         7716    .data               ui.o
    0x2400021c   COMPRESSED   0x00000004   PAD
    0x24000220   COMPRESSED   0x00000028   Data   RW         7833    .data               cmd.o
    0x24000248   COMPRESSED   0x00000003   Data   RW         7968    .data               key.o
    0x2400024b   COMPRESSED   0x00000062   Data   RW         8063    .data               process.o
    0x240002ad   COMPRESSED   0x00000003   PAD
    0x240002b0   COMPRESSED   0x00000004   Data   RW         8659    .data               mc_w.l(stdout.o)
    0x240002b4        -       0x00000064   Zero   RW          337    .bss                adc.o
    0x24000318        -       0x0000007c   Zero   RW          436    .bss                sdmmc.o
    0x24000394        -       0x00000100   Zero   RW          493    .bss                spi.o
    0x24000494        -       0x00000214   Zero   RW          547    .bss                tim.o
    0x240006a8        -       0x00000120   Zero   RW          668    .bss                usart.o
    0x240007c8        -       0x00002320   Zero   RW         7316    .bss                ad7767.o
    0x24002ae8        -       0x00000018   Zero   RW         7496    .bss                ds1302.o
    0x24002b00        -       0x00000650   Zero   RW         7831    .bss                cmd.o
    0x24003150        -       0x00002000   Zero   RW            1    STACK               startup_stm32h750xx.o


==============================================================================

Image component sizes


      Code (inc. data)   RO Data    RW Data    ZI Data      Debug   Object Name

       440         82          0         24       8992       2990   ad7767.o
       220         22          0          0        100       1917   adc.o
       922        196          0         74          0       7199   app_work.o
        20          0          0          0          0       1679   bsp_driver_sd.o
       618         28          0          0          0       7876   bsp_lcd12864.o
         0          0       5000          0          0        678   chirp.o
      3688        996        766         40       1616      13809   cmd.o
        52          4          0          0          0        938   dma.o
       692         90         50          4         24       5081   ds1302.o
       508         26          0          0          0       1383   gpio.o
       884         76          0          3          0       4438   key.o
       834         70          0          0          0    1409206   main.o
      1212         90          0         98          0      12605   process.o
        24          8          0         12          0       2057   sd_diskio.o
         0          0          0          0        124        227   sdmmc.o
       328         30          0          0        256       2054   spi.o
        36          8        664          0       8192        864   startup_stm32h750xx.o
       292         58          0          9          0      24324   stm32h7xx_hal.o
      3906        242          0          0          0      79886   stm32h7xx_hal_adc.o
       184         10          0          0          0      61806   stm32h7xx_hal_adc_ex.o
       578         44          0          0          0      43371   stm32h7xx_hal_cortex.o
      7042        142          8          0          0      11247   stm32h7xx_hal_dma.o
       940        104          0          0          0       4596   stm32h7xx_hal_gpio.o
        36          4          0          0          0        986   stm32h7xx_hal_msp.o
        96          6          0          0          0        801   stm32h7xx_hal_pwr_ex.o
      3552        108          0          0          0       7184   stm32h7xx_hal_rcc.o
      7220        180          0          0          0      10927   stm32h7xx_hal_rcc_ex.o
       786          6          0          0          0       6445   stm32h7xx_hal_sd.o
      3144         18          0          0          0      11585   stm32h7xx_hal_spi.o
      3860        342          0          0          0      19802   stm32h7xx_hal_tim.o
       210         30          0          0          0       3360   stm32h7xx_hal_tim_ex.o
      6006        204         24          0          0      42247   stm32h7xx_hal_uart.o
       360         10         16          0          0       5766   stm32h7xx_hal_uart_ex.o
       212         86          0          0          0       8667   stm32h7xx_it.o
       608         20          0          0          0       5918   stm32h7xx_ll_sdmmc.o
       252         40         16          8          0       1482   system_stm32h7xx.o
      1304        150          0          8        532       8059   tim.o
      1944        346          0        392          0       7526   ui.o
       712         82          0          1        288       5324   usart.o

    ----------------------------------------------------------------------
     53778       3958       6582        688      20124    1846310   Object Totals
         0          0         32          0          0          0   (incl. Generated)
        56          0          6         15          0          0   (incl. Padding)

    ----------------------------------------------------------------------

      Code (inc. data)   RO Data    RW Data    ZI Data      Debug   Library Member Name

        86          0          0          0          0          0   __dczerorl2.o
         0          0          0          0          0          0   entry.o
         0          0          0          0          0          0   entry10a.o
         0          0          0          0          0          0   entry11a.o
         8          4          0          0          0          0   entry2.o
         4          0          0          0          0          0   entry5.o
         0          0          0          0          0          0   entry7b.o
         0          0          0          0          0          0   entry8b.o
         8          4          0          0          0          0   entry9a.o
        30          0          0          0          0          0   handlers.o
        36          8          0          0          0         68   init.o
         0          0          0          0          0          0   iusefp.o
        30          0          0          0          0         68   llshl.o
        36          0          0          0          0         68   llsshr.o
        32          0          0          0          0         68   llushr.o
        36          0          0          0          0         68   memcpya.o
        36          0          0          0          0        108   memseta.o
      2258         90          0          0          0        452   printfa.o
         0          0          0          4          0          0   stdout.o
        24          0          0          0          0         68   strcat.o
        18          0          0          0          0         68   strcpy.o
        14          0          0          0          0         68   strlen.o
        44          0          0          0          0         80   uidiv.o
        98          0          0          0          0         92   uldiv.o
        48          0          0          0          0         68   cdrcmple.o
        56          0          0          0          0         88   d2f.o
       334          0          0          0          0        148   dadd.o
       222          0          0          0          0        100   ddiv.o
       186          0          0          0          0        176   depilogue.o
        50          0          0          0          0         76   dfixui.o
        48          0          0          0          0         68   dfixul.o
        34          0          0          0          0         76   dflti.o
        26          0          0          0          0         76   dfltui.o
       228          0          0          0          0         96   dmul.o
        38          0          0          0          0         68   f2d.o
       110          0          0          0          0        168   fepilogue.o

    ----------------------------------------------------------------------
      4188        106          0          4          0       2484   Library Totals
        10          0          0          0          0          0   (incl. Padding)

    ----------------------------------------------------------------------

      Code (inc. data)   RO Data    RW Data    ZI Data      Debug   Library Name

      2798        106          0          4          0       1276   mc_w.l
      1380          0          0          0          0       1208   mf_w.l

    ----------------------------------------------------------------------
      4188        106          0          4          0       2484   Library Totals

    ----------------------------------------------------------------------

==============================================================================


      Code (inc. data)   RO Data    RW Data    ZI Data      Debug   

     57966       4064       6582        692      20124    1820278   Grand Totals
     57966       4064       6582        164      20124    1820278   ELF Image Totals (compressed)
     57966       4064       6582        164          0          0   ROM Totals

==============================================================================

    Total RO  Size (Code + RO Data)                64548 (  63.04kB)
    Total RW  Size (RW Data + ZI Data)             20816 (  20.33kB)
    Total ROM Size (Code + RO Data + RW Data)      64712 (  63.20kB)

==============================================================================

