<html>
<body>
<pre>
<h1>µVision Build Log</h1>
<h2>Tool Versions:</h2>
IDE-Version: ¦ÌVision V5.26.2.0
Copyright (C) 2018 ARM Ltd and ARM Germany GmbH. All rights reserved.
License Information: domin z, z, LIC=Y2B1Q-NLT28-BXWUY-IWWPG-NN00J-21A6C
 
Tool Versions:
Toolchain:       MDK-ARM Professional  Version: 5.26.2.0
Toolchain Path:  E:\mdk\ARM\ARMCC\Bin
C Compiler:      Armcc.exe V5.06 update 6 (build 750)
Assembler:       Armasm.exe V5.06 update 6 (build 750)
Linker/Locator:  ArmLink.exe V5.06 update 6 (build 750)
Library Manager: ArmAr.exe V5.06 update 6 (build 750)
Hex Converter:   FromElf.exe V5.06 update 6 (build 750)
CPU DLL:         SARMCM3.DLL V5.26.2.0
Dialog DLL:      DCM.DLL V1.17.2.0
Target DLL:      CMSIS_AGDI.dll V1.30.6.0
Dialog DLL:      TCM.DLL V1.36.1.0
 
<h2>Project:</h2>
D:\Users\admin\Desktop\notch-filter\relxg_3.0.2\MDK-ARM\BJC_2.uvprojx
Project File Date:  05/20/2025

<h2>Output:</h2>
*** Using Compiler 'V5.06 update 6 (build 750)', folder: 'E:\mdk\ARM\ARMCC\Bin'
Rebuild target 'BJC_2'
assembling startup_stm32h750xx.s...
compiling i2c.c...
compiling sdmmc.c...
compiling dma.c...
compiling adc.c...
compiling mdma.c...
compiling main.c...
compiling gpio.c...
compiling spi.c...
compiling stm32h7xx_hal_msp.c...
compiling stm32h7xx_it.c...
compiling bsp_driver_sd.c...
compiling usart.c...
compiling fatfs_platform.c...
compiling sd_diskio.c...
compiling tim.c...
compiling fatfs.c...
compiling stm32h7xx_hal_adc.c...
compiling stm32h7xx_hal_rcc.c...
compiling stm32h7xx_hal_adc_ex.c...
compiling stm32h7xx_hal_flash_ex.c...
compiling stm32h7xx_hal_hsem.c...
compiling stm32h7xx_hal_rcc_ex.c...
compiling stm32h7xx_hal_flash.c...
compiling stm32h7xx_hal_gpio.c...
compiling stm32h7xx_hal_mdma.c...
compiling stm32h7xx_hal_pwr.c...
compiling stm32h7xx_hal_dma_ex.c...
compiling stm32h7xx_hal.c...
compiling stm32h7xx_hal_dma.c...
compiling stm32h7xx_hal_cortex.c...
compiling stm32h7xx_hal_pwr_ex.c...
compiling stm32h7xx_hal_i2c.c...
compiling stm32h7xx_ll_sdmmc.c...
compiling stm32h7xx_hal_i2c_ex.c...
compiling stm32h7xx_hal_exti.c...
compiling stm32h7xx_ll_delayblock.c...
compiling stm32h7xx_hal_tim_ex.c...
compiling stm32h7xx_hal_sd.c...
compiling stm32h7xx_hal_tim.c...
compiling stm32h7xx_hal_spi_ex.c...
compiling stm32h7xx_hal_sd_ex.c...
compiling stm32h7xx_hal_uart_ex.c...
compiling diskio.c...
compiling system_stm32h7xx.c...
compiling stm32h7xx_hal_spi.c...
compiling stm32h7xx_hal_uart.c...
compiling ff_gen_drv.c...
compiling ff.c...
compiling syscall.c...
compiling ccsbcs.c...
compiling APP_Work.c...
..\Drivers\USER\APP\APP_Work.c(622): warning:  #177-D: variable "data_temp"  was declared but never referenced
  	static uint8_t data_temp = 0;
..\Drivers\USER\APP\APP_Work.c: 1 warning, 0 errors
compiling SDTest.c...
compiling ad7767.c...
compiling mpu6050.c...
..\user\mpu6050.c(193): warning:  #550-D: variable "ay"  was set but never used
    float ax,ay,az;
..\user\mpu6050.c: 1 warning, 0 errors
compiling FastMathFunctions.c...
compiling max3221.c...
compiling ds1302.c...
compiling ComplexMathFunctions.c...
compiling demodu.c...
..\user\demodu.c(79): warning:  #1035-D: single-precision operand implicitly converted to double-precision
      filter->uc += LEARNING_RATE * e * xc;
..\user\demodu.c(80): warning:  #1035-D: single-precision operand implicitly converted to double-precision
      filter->us += LEARNING_RATE * e * xs;
..\user\demodu.c(90): warning:  #1035-D: single-precision operand implicitly converted to double-precision
              if (fv >= THRESHOLD) {
..\user\demodu.c(99): warning:  #1035-D: single-precision operand implicitly converted to double-precision
              if (fv < THRESHOLD) {
..\user\demodu.c(126): warning:  #177-D: variable "ihex"  was declared but never referenced
  	uint8_t ihex[HEX_SIZE] = {0x1B,0x1B,0x1B,0x1B,0x1b,0x1b,0x1b,0x1b,0x1b,0x1b};
..\user\demodu.c: 5 warnings, 0 errors
compiling BasicMathFunctions.c...
compiling ControllerFunctions.c...
compiling CommonTables.c...
compiling StatisticsFunctions.c...
compiling TransformFunctions.c...
compiling SupportFunctions.c...
compiling MatrixFunctions.c...
compiling FilteringFunctions.c...
linking...
Program Size: Code=70756 RO-data=2228 RW-data=492 ZI-data=15636  
FromELF: creating hex file...
"BJC_2\BJC_2.axf" - 0 Error(s), 7 Warning(s).

<h2>Software Packages used:</h2>

Package Vendor: ARM
                http://www.keil.com/pack/ARM.CMSIS.5.4.0.pack
                ARM.CMSIS.5.4.0
                CMSIS (Cortex Microcontroller Software Interface Standard)
   * Component: CORE Version: 5.1.2

Package Vendor: Keil
                https://www.keil.com/pack/Keil.STM32H7xx_DFP.3.1.1.pack
                Keil.STM32H7xx_DFP.3.1.1
                STMicroelectronics STM32H7 Series Device Support and Examples

<h2>Collection of Component include folders:</h2>
  .\RTE\_BJC_2
  E:\mdk\ARM\PACK\ARM\CMSIS\5.4.0\CMSIS\Core\Include
  E:\mdk\ARM\PACK\Keil\STM32H7xx_DFP\3.1.1\Drivers\CMSIS\Device\ST\STM32H7xx\Include

<h2>Collection of Component Files used:</h2>

   * Component: ARM::CMSIS:CORE:5.1.2
Build Time Elapsed:  00:00:25
</pre>
</body>
</html>
