Component: ARM Compiler 5.06 update 6 (build 750) Tool: armlink [4d35ed]

==============================================================================

Section Cross References

    startup_stm32h750xx.o(RESET) refers to startup_stm32h750xx.o(STACK) for __initial_sp
    startup_stm32h750xx.o(RESET) refers to startup_stm32h750xx.o(.text) for Reset_Handler
    startup_stm32h750xx.o(RESET) refers to stm32h7xx_it.o(i.NMI_Handler) for NMI_Handler
    startup_stm32h750xx.o(RESET) refers to stm32h7xx_it.o(i.HardFault_Handler) for HardFault_Handler
    startup_stm32h750xx.o(RESET) refers to stm32h7xx_it.o(i.MemManage_Handler) for MemManage_Handler
    startup_stm32h750xx.o(RESET) refers to stm32h7xx_it.o(i.BusFault_Handler) for BusFault_Handler
    startup_stm32h750xx.o(RESET) refers to stm32h7xx_it.o(i.UsageFault_Handler) for UsageFault_Handler
    startup_stm32h750xx.o(RESET) refers to stm32h7xx_it.o(i.SVC_Handler) for SVC_Handler
    startup_stm32h750xx.o(RESET) refers to stm32h7xx_it.o(i.DebugMon_Handler) for DebugMon_Handler
    startup_stm32h750xx.o(RESET) refers to stm32h7xx_it.o(i.PendSV_Handler) for PendSV_Handler
    startup_stm32h750xx.o(RESET) refers to stm32h7xx_it.o(i.SysTick_Handler) for SysTick_Handler
    startup_stm32h750xx.o(RESET) refers to stm32h7xx_it.o(i.DMA1_Stream0_IRQHandler) for DMA1_Stream0_IRQHandler
    startup_stm32h750xx.o(RESET) refers to stm32h7xx_it.o(i.EXTI9_5_IRQHandler) for EXTI9_5_IRQHandler
    startup_stm32h750xx.o(RESET) refers to stm32h7xx_it.o(i.TIM2_IRQHandler) for TIM2_IRQHandler
    startup_stm32h750xx.o(RESET) refers to stm32h7xx_it.o(i.SPI1_IRQHandler) for SPI1_IRQHandler
    startup_stm32h750xx.o(RESET) refers to stm32h7xx_it.o(i.TIM8_UP_TIM13_IRQHandler) for TIM8_UP_TIM13_IRQHandler
    startup_stm32h750xx.o(RESET) refers to stm32h7xx_it.o(i.SDMMC1_IRQHandler) for SDMMC1_IRQHandler
    startup_stm32h750xx.o(RESET) refers to stm32h7xx_it.o(i.TIM7_IRQHandler) for TIM7_IRQHandler
    startup_stm32h750xx.o(.text) refers to system_stm32h7xx.o(i.SystemInit) for SystemInit
    startup_stm32h750xx.o(.text) refers to entry.o(.ARM.Collect$$$$00000000) for __main
    main.o(i.PeriphCommonClock_Config) refers to memseta.o(.text) for __aeabi_memclr4
    main.o(i.PeriphCommonClock_Config) refers to stm32h7xx_hal_rcc_ex.o(i.HAL_RCCEx_PeriphCLKConfig) for HAL_RCCEx_PeriphCLKConfig
    main.o(i.SystemClock_Config) refers to memseta.o(.text) for __aeabi_memclr4
    main.o(i.SystemClock_Config) refers to stm32h7xx_hal_pwr_ex.o(i.HAL_PWREx_ConfigSupply) for HAL_PWREx_ConfigSupply
    main.o(i.SystemClock_Config) refers to stm32h7xx_hal_rcc.o(i.HAL_RCC_OscConfig) for HAL_RCC_OscConfig
    main.o(i.SystemClock_Config) refers to stm32h7xx_hal_rcc.o(i.HAL_RCC_ClockConfig) for HAL_RCC_ClockConfig
    main.o(i.main) refers to stm32h7xx_hal_cortex.o(i.HAL_MPU_Disable) for HAL_MPU_Disable
    main.o(i.main) refers to stm32h7xx_hal_cortex.o(i.HAL_MPU_ConfigRegion) for HAL_MPU_ConfigRegion
    main.o(i.main) refers to stm32h7xx_hal_cortex.o(i.HAL_MPU_Enable) for HAL_MPU_Enable
    main.o(i.main) refers to stm32h7xx_hal.o(i.HAL_Init) for HAL_Init
    main.o(i.main) refers to main.o(i.SystemClock_Config) for SystemClock_Config
    main.o(i.main) refers to main.o(i.PeriphCommonClock_Config) for PeriphCommonClock_Config
    main.o(i.main) refers to gpio.o(i.MX_GPIO_Init) for MX_GPIO_Init
    main.o(i.main) refers to stm32h7xx_hal_cortex.o(i.HAL_NVIC_DisableIRQ) for HAL_NVIC_DisableIRQ
    main.o(i.main) refers to max3221.o(i.RS232_Init) for RS232_Init
    main.o(i.main) refers to usart.o(i.MX_USART3_UART_Init) for MX_USART3_UART_Init
    main.o(i.main) refers to printfa.o(i.__0printf) for __2printf
    main.o(i.main) refers to tim.o(i.MX_TIM7_Init) for MX_TIM7_Init
    main.o(i.main) refers to app_work.o(i.Power_ON) for Power_ON
    main.o(i.main) refers to stm32h7xx_hal.o(i.HAL_Delay) for HAL_Delay
    main.o(i.main) refers to dma.o(i.MX_DMA_Init) for MX_DMA_Init
    main.o(i.main) refers to mdma.o(i.MX_MDMA_Init) for MX_MDMA_Init
    main.o(i.main) refers to sdmmc.o(i.MX_SDMMC1_SD_Init) for MX_SDMMC1_SD_Init
    main.o(i.main) refers to tim.o(i.MX_TIM6_Init) for MX_TIM6_Init
    main.o(i.main) refers to adc.o(i.MX_ADC3_Init) for MX_ADC3_Init
    main.o(i.main) refers to i2c.o(i.MX_I2C1_Init) for MX_I2C1_Init
    main.o(i.main) refers to spi.o(i.MX_SPI1_Init) for MX_SPI1_Init
    main.o(i.main) refers to usart.o(i.MX_USART1_UART_Init) for MX_USART1_UART_Init
    main.o(i.main) refers to fatfs.o(i.MX_FATFS_Init) for MX_FATFS_Init
    main.o(i.main) refers to tim.o(i.MX_TIM12_Init) for MX_TIM12_Init
    main.o(i.main) refers to tim.o(i.MX_TIM2_Init) for MX_TIM2_Init
    main.o(i.main) refers to tim.o(i.MX_TIM13_Init) for MX_TIM13_Init
    main.o(i.main) refers to tim.o(i.MX_TIM4_Init) for MX_TIM4_Init
    main.o(i.main) refers to stm32h7xx_hal_tim.o(i.HAL_TIM_Base_Start_IT) for HAL_TIM_Base_Start_IT
    main.o(i.main) refers to app_work.o(i.APP_Init) for APP_Init
[...]
    HAL_GPIO_EXTI_IRQHandler                 0x08002c09   Thumb Code    24  stm32h7xx_hal_gpio.o(i.HAL_GPIO_EXTI_IRQHandler)
    HAL_GPIO_Init                            0x08002c21   Thumb Code   506  stm32h7xx_hal_gpio.o(i.HAL_GPIO_Init)
    HAL_GPIO_ReadPin                         0x08002e4d   Thumb Code    10  stm32h7xx_hal_gpio.o(i.HAL_GPIO_ReadPin)
    HAL_GPIO_TogglePin                       0x08002e57   Thumb Code    16  stm32h7xx_hal_gpio.o(i.HAL_GPIO_TogglePin)
    HAL_GPIO_WritePin                        0x08002e67   Thumb Code    10  stm32h7xx_hal_gpio.o(i.HAL_GPIO_WritePin)
    HAL_GetREVID                             0x08002e71   Thumb Code     8  stm32h7xx_hal.o(i.HAL_GetREVID)
    HAL_GetTick                              0x08002e7d   Thumb Code     6  stm32h7xx_hal.o(i.HAL_GetTick)
    HAL_I2CEx_ConfigAnalogFilter             0x08002e89   Thumb Code    88  stm32h7xx_hal_i2c_ex.o(i.HAL_I2CEx_ConfigAnalogFilter)
    HAL_I2CEx_ConfigDigitalFilter            0x08002ee1   Thumb Code    84  stm32h7xx_hal_i2c_ex.o(i.HAL_I2CEx_ConfigDigitalFilter)
    HAL_I2C_Init                             0x08002f35   Thumb Code   180  stm32h7xx_hal_i2c.o(i.HAL_I2C_Init)
    HAL_I2C_Mem_Read                         0x08002fed   Thumb Code   346  stm32h7xx_hal_i2c.o(i.HAL_I2C_Mem_Read)
    HAL_I2C_Mem_Write                        0x08003151   Thumb Code   340  stm32h7xx_hal_i2c.o(i.HAL_I2C_Mem_Write)
    HAL_I2C_MspInit                          0x080032a9   Thumb Code   188  i2c.o(i.HAL_I2C_MspInit)
    HAL_IncTick                              0x08003371   Thumb Code    12  stm32h7xx_hal.o(i.HAL_IncTick)
    HAL_Init                                 0x08003381   Thumb Code    74  stm32h7xx_hal.o(i.HAL_Init)
    HAL_InitTick                             0x080033dd   Thumb Code    56  stm32h7xx_hal.o(i.HAL_InitTick)
    HAL_MDMA_ConfigPostRequestMask           0x0800341d   Thumb Code    88  stm32h7xx_hal_mdma.o(i.HAL_MDMA_ConfigPostRequestMask)
    HAL_MDMA_Init                            0x08003475   Thumb Code    94  stm32h7xx_hal_mdma.o(i.HAL_MDMA_Init)
    HAL_MPU_ConfigRegion                     0x080034d5   Thumb Code    86  stm32h7xx_hal_cortex.o(i.HAL_MPU_ConfigRegion)
    HAL_MPU_Disable                          0x08003531   Thumb Code    24  stm32h7xx_hal_cortex.o(i.HAL_MPU_Disable)
    HAL_MPU_Enable                           0x0800354d   Thumb Code    30  stm32h7xx_hal_cortex.o(i.HAL_MPU_Enable)
    HAL_MspInit                              0x08003571   Thumb Code    22  stm32h7xx_hal_msp.o(i.HAL_MspInit)
    HAL_NVIC_DisableIRQ                      0x0800358d   Thumb Code    34  stm32h7xx_hal_cortex.o(i.HAL_NVIC_DisableIRQ)
    HAL_NVIC_EnableIRQ                       0x080035af   Thumb Code    26  stm32h7xx_hal_cortex.o(i.HAL_NVIC_EnableIRQ)
    HAL_NVIC_SetPriority                     0x080035c9   Thumb Code    60  stm32h7xx_hal_cortex.o(i.HAL_NVIC_SetPriority)
    HAL_NVIC_SetPriorityGrouping             0x08003609   Thumb Code    28  stm32h7xx_hal_cortex.o(i.HAL_NVIC_SetPriorityGrouping)
    HAL_PWREx_ConfigSupply                   0x0800362d   Thumb Code    78  stm32h7xx_hal_pwr_ex.o(i.HAL_PWREx_ConfigSupply)
    HAL_PWR_EnableWakeUpPin                  0x08003681   Thumb Code    14  stm32h7xx_hal_pwr.o(i.HAL_PWR_EnableWakeUpPin)
    HAL_PWR_EnterSTANDBYMode                 0x08003699   Thumb Code    40  stm32h7xx_hal_pwr.o(i.HAL_PWR_EnterSTANDBYMode)
    HAL_RCCEx_GetD3PCLK1Freq                 0x080036c9   Thumb Code    26  stm32h7xx_hal_rcc_ex.o(i.HAL_RCCEx_GetD3PCLK1Freq)
    HAL_RCCEx_GetPLL1ClockFreq               0x080036ed   Thumb Code   298  stm32h7xx_hal_rcc_ex.o(i.HAL_RCCEx_GetPLL1ClockFreq)
    HAL_RCCEx_GetPLL2ClockFreq               0x08003835   Thumb Code   296  stm32h7xx_hal_rcc_ex.o(i.HAL_RCCEx_GetPLL2ClockFreq)
    HAL_RCCEx_GetPLL3ClockFreq               0x08003979   Thumb Code   296  stm32h7xx_hal_rcc_ex.o(i.HAL_RCCEx_GetPLL3ClockFreq)
    HAL_RCCEx_GetPeriphCLKFreq               0x08003abd   Thumb Code   596  stm32h7xx_hal_rcc_ex.o(i.HAL_RCCEx_GetPeriphCLKFreq)
    HAL_RCCEx_PeriphCLKConfig                0x08003d29   Thumb Code  2258  stm32h7xx_hal_rcc_ex.o(i.HAL_RCCEx_PeriphCLKConfig)
    HAL_RCC_ClockConfig                      0x080045fd   Thumb Code   580  stm32h7xx_hal_rcc.o(i.HAL_RCC_ClockConfig)
    HAL_RCC_GetHCLKFreq                      0x08004859   Thumb Code    52  stm32h7xx_hal_rcc.o(i.HAL_RCC_GetHCLKFreq)
    HAL_RCC_GetPCLK1Freq                     0x0800489d   Thumb Code    26  stm32h7xx_hal_rcc.o(i.HAL_RCC_GetPCLK1Freq)
    HAL_RCC_GetPCLK2Freq                     0x080048c1   Thumb Code    26  stm32h7xx_hal_rcc.o(i.HAL_RCC_GetPCLK2Freq)
    HAL_RCC_GetSysClockFreq                  0x080048e5   Thumb Code   278  stm32h7xx_hal_rcc.o(i.HAL_RCC_GetSysClockFreq)
    HAL_RCC_OscConfig                        0x08004a1d   Thumb Code  1322  stm32h7xx_hal_rcc.o(i.HAL_RCC_OscConfig)
    HAL_SDEx_Read_DMADoubleBuf0CpltCallback  0x08004f4d   Thumb Code     2  stm32h7xx_hal_sd.o(i.HAL_SDEx_Read_DMADoubleBuf0CpltCallback)
    HAL_SDEx_Read_DMADoubleBuf1CpltCallback  0x08004f4f   Thumb Code     2  stm32h7xx_hal_sd.o(i.HAL_SDEx_Read_DMADoubleBuf1CpltCallback)
    HAL_SDEx_Write_DMADoubleBuf0CpltCallback 0x08004f51   Thumb Code     2  stm32h7xx_hal_sd.o(i.HAL_SDEx_Write_DMADoubleBuf0CpltCallback)
    HAL_SDEx_Write_DMADoubleBuf1CpltCallback 0x08004f53   Thumb Code     2  stm32h7xx_hal_sd.o(i.HAL_SDEx_Write_DMADoubleBuf1CpltCallback)
    HAL_SD_ConfigWideBusOperation            0x08004f55   Thumb Code   378  stm32h7xx_hal_sd.o(i.HAL_SD_ConfigWideBusOperation)
    HAL_SD_DeInit                            0x080050dd   Thumb Code    38  stm32h7xx_hal_sd.o(i.HAL_SD_DeInit)
    HAL_SD_ErrorCallback                     0x08005103   Thumb Code     2  stm32h7xx_hal_sd.o(i.HAL_SD_ErrorCallback)
    HAL_SD_GetCardCSD                        0x08005105   Thumb Code   440  stm32h7xx_hal_sd.o(i.HAL_SD_GetCardCSD)
    HAL_SD_GetCardInfo                       0x080052c1   Thumb Code    36  stm32h7xx_hal_sd.o(i.HAL_SD_GetCardInfo)
    HAL_SD_GetCardState                      0x080052e5   Thumb Code    44  stm32h7xx_hal_sd.o(i.HAL_SD_GetCardState)
    HAL_SD_GetCardStatus                     0x08005311   Thumb Code   200  stm32h7xx_hal_sd.o(i.HAL_SD_GetCardStatus)
    HAL_SD_IRQHandler                        0x080053dd   Thumb Code   570  stm32h7xx_hal_sd.o(i.HAL_SD_IRQHandler)
    HAL_SD_Init                              0x0800561d   Thumb Code   154  stm32h7xx_hal_sd.o(i.HAL_SD_Init)
    HAL_SD_InitCard                          0x080056b9   Thumb Code   150  stm32h7xx_hal_sd.o(i.HAL_SD_InitCard)
    HAL_SD_MspDeInit                         0x0800575d   Thumb Code    50  sdmmc.o(i.HAL_SD_MspDeInit)
    HAL_SD_MspInit                           0x080057a1   Thumb Code   134  sdmmc.o(i.HAL_SD_MspInit)
    HAL_SD_ReadBlocks_DMA                    0x08005839   Thumb Code   212  stm32h7xx_hal_sd.o(i.HAL_SD_ReadBlocks_DMA)
    HAL_SD_RxCpltCallback                    0x08005911   Thumb Code     8  bsp_driver_sd.o(i.HAL_SD_RxCpltCallback)
    HAL_SD_TxCpltCallback                    0x08005919   Thumb Code     8  bsp_driver_sd.o(i.HAL_SD_TxCpltCallback)
    HAL_SD_WriteBlocks_DMA                   0x08005921   Thumb Code   210  stm32h7xx_hal_sd.o(i.HAL_SD_WriteBlocks_DMA)
    HAL_SPI_ErrorCallback                    0x080059f9   Thumb Code     2  stm32h7xx_hal_spi.o(i.HAL_SPI_ErrorCallback)
    HAL_SPI_IRQHandler                       0x080059fd   Thumb Code   572  stm32h7xx_hal_spi.o(i.HAL_SPI_IRQHandler)
    HAL_SPI_Init                             0x08005c3d   Thumb Code   330  stm32h7xx_hal_spi.o(i.HAL_SPI_Init)
    HAL_SPI_MspInit                          0x08005d95   Thumb Code   174  spi.o(i.HAL_SPI_MspInit)
    HAL_SPI_Receive                          0x08005e59   Thumb Code   592  stm32h7xx_hal_spi.o(i.HAL_SPI_Receive)
    HAL_SPI_RxCpltCallback                   0x080060a9   Thumb Code     2  stm32h7xx_hal_spi.o(i.HAL_SPI_RxCpltCallback)
    HAL_SPI_TransmitReceive                  0x080060ab   Thumb Code   804  stm32h7xx_hal_spi.o(i.HAL_SPI_TransmitReceive)
    HAL_SPI_TxCpltCallback                   0x080063cf   Thumb Code     2  stm32h7xx_hal_spi.o(i.HAL_SPI_TxCpltCallback)
    HAL_SPI_TxRxCpltCallback                 0x080063d1   Thumb Code     2  stm32h7xx_hal_spi.o(i.HAL_SPI_TxRxCpltCallback)
    HAL_SYSCFG_AnalogSwitchConfig            0x080063d5   Thumb Code    12  stm32h7xx_hal.o(i.HAL_SYSCFG_AnalogSwitchConfig)
    HAL_SYSTICK_Config                       0x080063e5   Thumb Code    38  stm32h7xx_hal_cortex.o(i.HAL_SYSTICK_Config)
    HAL_TIMEx_Break2Callback                 0x0800640b   Thumb Code     2  stm32h7xx_hal_tim_ex.o(i.HAL_TIMEx_Break2Callback)
    HAL_TIMEx_BreakCallback                  0x0800640d   Thumb Code     2  stm32h7xx_hal_tim_ex.o(i.HAL_TIMEx_BreakCallback)
    HAL_TIMEx_CommutCallback                 0x0800640f   Thumb Code     2  stm32h7xx_hal_tim_ex.o(i.HAL_TIMEx_CommutCallback)
    HAL_TIMEx_MasterConfigSynchronization    0x08006411   Thumb Code   134  stm32h7xx_hal_tim_ex.o(i.HAL_TIMEx_MasterConfigSynchronization)
    HAL_TIM_Base_Init                        0x080064b5   Thumb Code    98  stm32h7xx_hal_tim.o(i.HAL_TIM_Base_Init)
    HAL_TIM_Base_MspInit                     0x08006519   Thumb Code   144  tim.o(i.HAL_TIM_Base_MspInit)
    HAL_TIM_Base_Start_IT                    0x080065b9   Thumb Code   106  stm32h7xx_hal_tim.o(i.HAL_TIM_Base_Start_IT)
    HAL_TIM_ConfigClockSource                0x08006645   Thumb Code   248  stm32h7xx_hal_tim.o(i.HAL_TIM_ConfigClockSource)
    HAL_TIM_IC_CaptureCallback               0x08006741   Thumb Code     2  stm32h7xx_hal_tim.o(i.HAL_TIM_IC_CaptureCallback)
    HAL_TIM_IRQHandler                       0x08006743   Thumb Code   386  stm32h7xx_hal_tim.o(i.HAL_TIM_IRQHandler)
    HAL_TIM_MspPostInit                      0x080068c5   Thumb Code   112  tim.o(i.HAL_TIM_MspPostInit)
    HAL_TIM_OC_ConfigChannel                 0x08006949   Thumb Code   110  stm32h7xx_hal_tim.o(i.HAL_TIM_OC_ConfigChannel)
    HAL_TIM_OC_DelayElapsedCallback          0x080069b7   Thumb Code     2  stm32h7xx_hal_tim.o(i.HAL_TIM_OC_DelayElapsedCallback)
    HAL_TIM_OC_Init                          0x080069b9   Thumb Code    98  stm32h7xx_hal_tim.o(i.HAL_TIM_OC_Init)
    HAL_TIM_OC_MspInit                       0x08006a1d   Thumb Code    30  tim.o(i.HAL_TIM_OC_MspInit)
    HAL_TIM_PWM_ConfigChannel                0x08006a45   Thumb Code   292  stm32h7xx_hal_tim.o(i.HAL_TIM_PWM_ConfigChannel)
    HAL_TIM_PWM_Init                         0x08006b69   Thumb Code    98  stm32h7xx_hal_tim.o(i.HAL_TIM_PWM_Init)
    HAL_TIM_PWM_MspInit                      0x08006bcd   Thumb Code    30  tim.o(i.HAL_TIM_PWM_MspInit)
    HAL_TIM_PWM_PulseFinishedCallback        0x08006bf5   Thumb Code     2  stm32h7xx_hal_tim.o(i.HAL_TIM_PWM_PulseFinishedCallback)
    HAL_TIM_PWM_Start                        0x08006bf9   Thumb Code   232  stm32h7xx_hal_tim.o(i.HAL_TIM_PWM_Start)
    HAL_TIM_PeriodElapsedCallback            0x08006d09   Thumb Code   108  app_work.o(i.HAL_TIM_PeriodElapsedCallback)
    HAL_TIM_TriggerCallback                  0x08006d9d   Thumb Code     2  stm32h7xx_hal_tim.o(i.HAL_TIM_TriggerCallback)
    HAL_UARTEx_DisableFifoMode               0x08006d9f   Thumb Code    64  stm32h7xx_hal_uart_ex.o(i.HAL_UARTEx_DisableFifoMode)
    HAL_UARTEx_SetRxFifoThreshold            0x08006ddf   Thumb Code    76  stm32h7xx_hal_uart_ex.o(i.HAL_UARTEx_SetRxFifoThreshold)
    HAL_UARTEx_SetTxFifoThreshold            0x08006e2b   Thumb Code    76  stm32h7xx_hal_uart_ex.o(i.HAL_UARTEx_SetTxFifoThreshold)
    HAL_UART_Init                            0x08006e77   Thumb Code   106  stm32h7xx_hal_uart.o(i.HAL_UART_Init)
    HAL_UART_MspInit                         0x08006ee1   Thumb Code   192  usart.o(i.HAL_UART_MspInit)
    HAL_UART_Transmit                        0x08006fb5   Thumb Code   190  stm32h7xx_hal_uart.o(i.HAL_UART_Transmit)
    HardFault_Handler                        0x08007075   Thumb Code     8  stm32h7xx_it.o(i.HardFault_Handler)
    I2C_BufferRead                           0x08007095   Thumb Code    64  mpu6050.o(i.I2C_BufferRead)
    I2C_ByteWrite                            0x080070d9   Thumb Code    40  mpu6050.o(i.I2C_ByteWrite)
    MPU6050ReadID                            0x08007529   Thumb Code    50  mpu6050.o(i.MPU6050ReadID)
    MPU6050_Init                             0x0800757d   Thumb Code    74  mpu6050.o(i.MPU6050_Init)
    MPU6050_ReadData                         0x080075e9   Thumb Code    10  mpu6050.o(i.MPU6050_ReadData)
    MPU6050_WriteReg                         0x080075f3   Thumb Code    10  mpu6050.o(i.MPU6050_WriteReg)
    MX_ADC3_Init                             0x080075fd   Thumb Code   106  adc.o(i.MX_ADC3_Init)
    MX_DMA_Init                              0x08007675   Thumb Code    40  dma.o(i.MX_DMA_Init)
    MX_FATFS_Init                            0x080076a1   Thumb Code    18  fatfs.o(i.MX_FATFS_Init)
    MX_GPIO_Init                             0x080076bd   Thumb Code   352  gpio.o(i.MX_GPIO_Init)
    MX_I2C1_Init                             0x08007835   Thumb Code    76  i2c.o(i.MX_I2C1_Init)
    MX_MDMA_Init                             0x0800788d   Thumb Code   104  mdma.o(i.MX_MDMA_Init)
    MX_SDMMC1_SD_Init                        0x08007901   Thumb Code    28  sdmmc.o(i.MX_SDMMC1_SD_Init)
    MX_SPI1_Init                             0x08007925   Thumb Code    80  spi.o(i.MX_SPI1_Init)
    MX_TIM12_Init                            0x0800797d   Thumb Code    78  tim.o(i.MX_TIM12_Init)
    MX_TIM13_Init                            0x080079d5   Thumb Code    44  tim.o(i.MX_TIM13_Init)
    MX_TIM2_Init                             0x08007a09   Thumb Code    98  tim.o(i.MX_TIM2_Init)
    MX_TIM4_Init                             0x08007a71   Thumb Code   140  tim.o(i.MX_TIM4_Init)
    MX_TIM6_Init                             0x08007b15   Thumb Code    62  tim.o(i.MX_TIM6_Init)
    MX_TIM7_Init                             0x08007b5d   Thumb Code    64  tim.o(i.MX_TIM7_Init)
    MX_USART1_UART_Init                      0x08007ba5   Thumb Code    94  usart.o(i.MX_USART1_UART_Init)
    MX_USART3_UART_Init                      0x08007c0d   Thumb Code    94  usart.o(i.MX_USART3_UART_Init)
    MemManage_Handler                        0x08007c75   Thumb Code     2  stm32h7xx_it.o(i.MemManage_Handler)
    NMI_Handler                              0x08007c77   Thumb Code     2  stm32h7xx_it.o(i.NMI_Handler)
    PendSV_Handler                           0x08007c79   Thumb Code     2  stm32h7xx_it.o(i.PendSV_Handler)
    PeriphCommonClock_Config                 0x08007c7b   Thumb Code    68  main.o(i.PeriphCommonClock_Config)
    Power_OFF                                0x08007cc1   Thumb Code    38  app_work.o(i.Power_OFF)
    Power_ON                                 0x08007cf5   Thumb Code    36  app_work.o(i.Power_ON)
    RS232_Init                               0x08007f65   Thumb Code    60  max3221.o(i.RS232_Init)
    RTC_Init                                 0x08007fad   Thumb Code    46  ds1302.o(i.RTC_Init)
    RTC_Read                                 0x08007ff9   Thumb Code   166  ds1302.o(i.RTC_Read)
    Read_battery                             0x080080b5   Thumb Code    72  app_work.o(i.Read_battery)
    S24toS32                                 0x08008119   Thumb Code    10  ad7767.o(i.S24toS32)
    SDMMC1_IRQHandler                        0x08008125   Thumb Code     6  stm32h7xx_it.o(i.SDMMC1_IRQHandler)
    SDMMC_CmdAppCommand                      0x08008131   Thumb Code    52  stm32h7xx_ll_sdmmc.o(i.SDMMC_CmdAppCommand)
    SDMMC_CmdAppOperCommand                  0x08008165   Thumb Code    46  stm32h7xx_ll_sdmmc.o(i.SDMMC_CmdAppOperCommand)
    SDMMC_CmdBlockLength                     0x08008193   Thumb Code    50  stm32h7xx_ll_sdmmc.o(i.SDMMC_CmdBlockLength)
    SDMMC_CmdBusWidth                        0x080081c5   Thumb Code    52  stm32h7xx_ll_sdmmc.o(i.SDMMC_CmdBusWidth)
    SDMMC_CmdGoIdleState                     0x080081f9   Thumb Code    74  stm32h7xx_ll_sdmmc.o(i.SDMMC_CmdGoIdleState)
    SDMMC_CmdOperCond                        0x0800824d   Thumb Code    40  stm32h7xx_ll_sdmmc.o(i.SDMMC_CmdOperCond)
    SDMMC_CmdReadMultiBlock                  0x08008275   Thumb Code    52  stm32h7xx_ll_sdmmc.o(i.SDMMC_CmdReadMultiBlock)
    SDMMC_CmdReadSingleBlock                 0x080082a9   Thumb Code    52  stm32h7xx_ll_sdmmc.o(i.SDMMC_CmdReadSingleBlock)
    SDMMC_CmdSelDesel                        0x080082dd   Thumb Code    52  stm32h7xx_ll_sdmmc.o(i.SDMMC_CmdSelDesel)
    SDMMC_CmdSendCID                         0x08008311   Thumb Code    44  stm32h7xx_ll_sdmmc.o(i.SDMMC_CmdSendCID)
    SDMMC_CmdSendCSD                         0x0800833d   Thumb Code    48  stm32h7xx_ll_sdmmc.o(i.SDMMC_CmdSendCSD)
    SDMMC_CmdSendSCR                         0x0800836d   Thumb Code    50  stm32h7xx_ll_sdmmc.o(i.SDMMC_CmdSendSCR)
    SDMMC_CmdSendStatus                      0x0800839f   Thumb Code    52  stm32h7xx_ll_sdmmc.o(i.SDMMC_CmdSendStatus)
    SDMMC_CmdSetRelAdd                       0x080083d3   Thumb Code    50  stm32h7xx_ll_sdmmc.o(i.SDMMC_CmdSetRelAdd)
    SDMMC_CmdStatusRegister                  0x08008405   Thumb Code    50  stm32h7xx_ll_sdmmc.o(i.SDMMC_CmdStatusRegister)
    SDMMC_CmdStopTransfer                    0x08008439   Thumb Code    78  stm32h7xx_ll_sdmmc.o(i.SDMMC_CmdStopTransfer)
    SDMMC_CmdWriteMultiBlock                 0x0800848d   Thumb Code    52  stm32h7xx_ll_sdmmc.o(i.SDMMC_CmdWriteMultiBlock)
    SDMMC_CmdWriteSingleBlock                0x080084c1   Thumb Code    52  stm32h7xx_ll_sdmmc.o(i.SDMMC_CmdWriteSingleBlock)
    SDMMC_ConfigData                         0x080084f5   Thumb Code    38  stm32h7xx_ll_sdmmc.o(i.SDMMC_ConfigData)
    SDMMC_GetCmdResp1                        0x0800851d   Thumb Code   280  stm32h7xx_ll_sdmmc.o(i.SDMMC_GetCmdResp1)
    SDMMC_GetCmdResp2                        0x08008641   Thumb Code    76  stm32h7xx_ll_sdmmc.o(i.SDMMC_GetCmdResp2)
    SDMMC_GetCmdResp3                        0x08008695   Thumb Code    62  stm32h7xx_ll_sdmmc.o(i.SDMMC_GetCmdResp3)
    SDMMC_GetCmdResp6                        0x080086dd   Thumb Code   130  stm32h7xx_ll_sdmmc.o(i.SDMMC_GetCmdResp6)
    SDMMC_GetCmdResp7                        0x08008769   Thumb Code    82  stm32h7xx_ll_sdmmc.o(i.SDMMC_GetCmdResp7)
    SDMMC_GetPowerState                      0x080087c1   Thumb Code     8  stm32h7xx_ll_sdmmc.o(i.SDMMC_GetPowerState)
    SDMMC_GetResponse                        0x080087c9   Thumb Code     6  stm32h7xx_ll_sdmmc.o(i.SDMMC_GetResponse)
    SDMMC_Init                               0x080087d1   Thumb Code    28  stm32h7xx_ll_sdmmc.o(i.SDMMC_Init)
    SDMMC_PowerState_OFF                     0x080087f1   Thumb Code    12  stm32h7xx_ll_sdmmc.o(i.SDMMC_PowerState_OFF)
    SDMMC_PowerState_ON                      0x080087fd   Thumb Code    12  stm32h7xx_ll_sdmmc.o(i.SDMMC_PowerState_ON)
    SDMMC_ReadFIFO                           0x08008809   Thumb Code     6  stm32h7xx_ll_sdmmc.o(i.SDMMC_ReadFIFO)
    SDMMC_SendCommand                        0x08008811   Thumb Code    34  stm32h7xx_ll_sdmmc.o(i.SDMMC_SendCommand)
    SDMMC_WriteFIFO                          0x08008839   Thumb Code    10  stm32h7xx_ll_sdmmc.o(i.SDMMC_WriteFIFO)
    SD_GetCardState                          0x0800896d   Thumb Code    20  sdmmc.o(i.SD_GetCardState)
    SD_Write_Dat                             0x08008c15   Thumb Code   216  sdtest.o(i.SD_Write_Dat)
    SD_Write_Process                         0x08008da5   Thumb Code    56  sdtest.o(i.SD_Write_Process)
    SD_ctreate_new_file                      0x08008de9   Thumb Code   174  sdtest.o(i.SD_ctreate_new_file)
    SD_initialize                            0x08008eed   Thumb Code    24  sd_diskio.o(i.SD_initialize)
    SD_ioctl                                 0x08008f09   Thumb Code    84  sd_diskio.o(i.SD_ioctl)
    SD_read                                  0x08008f61   Thumb Code   308  sd_diskio.o(i.SD_read)
    SD_status                                0x080090a1   Thumb Code     4  sd_diskio.o(i.SD_status)
    SD_write                                 0x080090a5   Thumb Code   302  sd_diskio.o(i.SD_write)
    SPI1_IRQHandler                          0x080091e1   Thumb Code     6  stm32h7xx_it.o(i.SPI1_IRQHandler)
    SVC_Handler                              0x08009305   Thumb Code     2  stm32h7xx_it.o(i.SVC_Handler)
    Scan_limit                               0x08009309   Thumb Code    64  app_work.o(i.Scan_limit)
    Set_SDIO_IN                              0x0800935d   Thumb Code    34  ds1302.o(i.Set_SDIO_IN)
    Set_SDIO_OUT                             0x08009385   Thumb Code    34  ds1302.o(i.Set_SDIO_OUT)
    SysTick_Handler                          0x080093ad   Thumb Code     4  stm32h7xx_it.o(i.SysTick_Handler)
    SystemClock_Config                       0x080093b1   Thumb Code   170  main.o(i.SystemClock_Config)
    SystemInit                               0x08009469   Thumb Code   180  system_stm32h7xx.o(i.SystemInit)
    TIM2_IRQHandler                          0x08009545   Thumb Code     6  stm32h7xx_it.o(i.TIM2_IRQHandler)
    TIM7_IRQHandler                          0x08009551   Thumb Code     6  stm32h7xx_it.o(i.TIM7_IRQHandler)
    TIM8_UP_TIM13_IRQHandler                 0x0800955d   Thumb Code     6  stm32h7xx_it.o(i.TIM8_UP_TIM13_IRQHandler)
    TIM_Base_SetConfig                       0x08009569   Thumb Code   162  stm32h7xx_hal_tim.o(i.TIM_Base_SetConfig)
    TIM_CCxChannelCmd                        0x0800962d   Thumb Code    26  stm32h7xx_hal_tim.o(i.TIM_CCxChannelCmd)
    TIM_ETR_SetConfig                        0x08009647   Thumb Code    18  stm32h7xx_hal_tim.o(i.TIM_ETR_SetConfig)
    TIM_OC2_SetConfig                        0x08009715   Thumb Code   126  stm32h7xx_hal_tim.o(i.TIM_OC2_SetConfig)
    UART_AdvFeatureConfig                    0x08009a31   Thumb Code   200  stm32h7xx_hal_uart.o(i.UART_AdvFeatureConfig)
    UART_CheckIdleState                      0x08009af9   Thumb Code    96  stm32h7xx_hal_uart.o(i.UART_CheckIdleState)
    UART_SetConfig                           0x08009b59   Thumb Code   876  stm32h7xx_hal_uart.o(i.UART_SetConfig)
    UART_WaitOnFlagUntilTimeout              0x08009f05   Thumb Code   202  stm32h7xx_hal_uart.o(i.UART_WaitOnFlagUntilTimeout)
    UsageFault_Handler                       0x08009fcf   Thumb Code     2  stm32h7xx_it.o(i.UsageFault_Handler)
    __0printf                                0x08009fd1   Thumb Code    22  printfa.o(i.__0printf)
    __1printf                                0x08009fd1   Thumb Code     0  printfa.o(i.__0printf)
    __2printf                                0x08009fd1   Thumb Code     0  printfa.o(i.__0printf)
    __c89printf                              0x08009fd1   Thumb Code     0  printfa.o(i.__0printf)
    printf                                   0x08009fd1   Thumb Code     0  printfa.o(i.__0printf)
    __ARM_fpclassify                         0x08009ff1   Thumb Code    48  fpclassify.o(i.__ARM_fpclassify)
    __hardfp_cos                             0x0800a049   Thumb Code   180  cos.o(i.__hardfp_cos)
    __hardfp_sin                             0x0800a111   Thumb Code   180  sin.o(i.__hardfp_sin)
    __ieee754_rem_pio2                       0x0800a1d9   Thumb Code   938  rred.o(i.__ieee754_rem_pio2)
    __kernel_cos                             0x0800a611   Thumb Code   322  cos_i.o(i.__kernel_cos)
    __kernel_poly                            0x0800a781   Thumb Code   248  poly.o(i.__kernel_poly)
    __kernel_sin                             0x0800a879   Thumb Code   280  sin_i.o(i.__kernel_sin)
    __mathlib_dbl_infnan                     0x0800a9a9   Thumb Code    20  dunder.o(i.__mathlib_dbl_infnan)
    __mathlib_dbl_invalid                    0x0800a9c1   Thumb Code    24  dunder.o(i.__mathlib_dbl_invalid)
    __mathlib_dbl_underflow                  0x0800a9e1   Thumb Code    24  dunder.o(i.__mathlib_dbl_underflow)
    __scatterload_copy                       0x0800aa01   Thumb Code    14  handlers.o(i.__scatterload_copy)
    __scatterload_null                       0x0800aa0f   Thumb Code     2  handlers.o(i.__scatterload_null)
    __scatterload_zeroinit                   0x0800aa11   Thumb Code    14  handlers.o(i.__scatterload_zeroinit)
    __set_errno                              0x0800aa21   Thumb Code     6  errno.o(i.__set_errno)
    adc7767_init                             0x0800b2e1   Thumb Code    72  ad7767.o(i.adc7767_init)
    binary_to_hex                            0x0800b339   Thumb Code    50  demodu.o(i.binary_to_hex)
    change_buff                              0x0800b36d   Thumb Code    82  ad7767.o(i.change_buff)
    disk_initialize                          0x0800bc5d   Thumb Code    34  diskio.o(i.disk_initialize)
    disk_ioctl                               0x0800bc85   Thumb Code    20  diskio.o(i.disk_ioctl)
    disk_read                                0x0800bc9d   Thumb Code    22  diskio.o(i.disk_read)
    disk_status                              0x0800bcb9   Thumb Code    16  diskio.o(i.disk_status)
    disk_write                               0x0800bccd   Thumb Code    22  diskio.o(i.disk_write)
    ds1302_read                              0x0800bce9   Thumb Code   102  ds1302.o(i.ds1302_read)
    ds1302_write                             0x0800bd59   Thumb Code    90  ds1302.o(i.ds1302_write)
    f_lseek                                  0x0800bdbd   Thumb Code   538  ff.o(i.f_lseek)
    f_mkfs                                   0x0800bfd9   Thumb Code  1364  ff.o(i.f_mkfs)
    f_mount                                  0x0800c531   Thumb Code    84  ff.o(i.f_mount)
    f_open                                   0x0800c589   Thumb Code   530  ff.o(i.f_open)
    f_stat                                   0x0800c7a1   Thumb Code    70  ff.o(i.f_stat)
    f_sync                                   0x0800c7e7   Thumb Code   142  ff.o(i.f_sync)
    f_write                                  0x0800c875   Thumb Code   396  ff.o(i.f_write)
    fabs                                     0x0800ca01   Thumb Code    24  fabs.o(i.fabs)
    ff_convert                               0x0800ca19   Thumb Code    54  ccsbcs.o(i.ff_convert)
    ff_wtoupper                              0x0800ca55   Thumb Code   120  ccsbcs.o(i.ff_wtoupper)
    fputc                                    0x0800cda1   Thumb Code    18  usart.o(i.fputc)
    get_fattime                              0x0800cef7   Thumb Code     4  fatfs.o(i.get_fattime)
    init_notch_filter                        0x0800d0a1   Thumb Code    56  demodu.o(i.init_notch_filter)
    itoa                                     0x0800d0ed   Thumb Code   124  app_work.o(i.itoa)
    main                                     0x0800d1d9   Thumb Code   608  main.o(i.main)
    multiChannelNotchFilter1                 0x0800d5d9   Thumb Code    52  demodu.o(i.multiChannelNotchFilter1)
    multiChannelNotchFilter2                 0x0800d619   Thumb Code    52  demodu.o(i.multiChannelNotchFilter2)
    multiChannelNotchFilter3                 0x0800d659   Thumb Code    52  demodu.o(i.multiChannelNotchFilter3)
    multiChannelNotchFilter4                 0x0800d699   Thumb Code    52  demodu.o(i.multiChannelNotchFilter4)
    process_buffer_and_sum1                  0x0800d6d9   Thumb Code   184  demodu.o(i.process_buffer_and_sum1)
    process_buffer_and_sum2                  0x0800d7a1   Thumb Code   188  demodu.o(i.process_buffer_and_sum2)
    process_buffer_and_sum3                  0x0800d86d   Thumb Code   192  demodu.o(i.process_buffer_and_sum3)
    process_buffer_and_sum4                  0x0800d93d   Thumb Code   180  demodu.o(i.process_buffer_and_sum4)
    process_notch_filter                     0x0800da01   Thumb Code   260  demodu.o(i.process_notch_filter)
    SD_Driver                                0x0800dddc   Data          20  sd_diskio.o(.constdata)
    UARTPrescTable                           0x0800ddf8   Data          24  stm32h7xx_hal_uart.o(.constdata)
    D1CorePrescTable                         0x0800de20   Data          16  system_stm32h7xx.o(.constdata)
    EventRecorderInfo                        0x0800e2bc   Data          24  eventrecorder.o(.constdata)
    Region$$Table$$Base                      0x0800e6c8   Number         0  anon$$obj.o(Region$$Table)
    Region$$Table$$Limit                     0x0800e6e8   Number         0  anon$$obj.o(Region$$Table)
    failure_cnt                              0x24000000   Data           1  main.o(.data)
    retSD                                    0x2400001c   Data           1  fatfs.o(.data)
    SDPath                                   0x2400001d   Data           4  fatfs.o(.data)
    uwTickFreq                               0x24000024   Data           1  stm32h7xx_hal.o(.data)
    uwTickPrio                               0x24000028   Data           4  stm32h7xx_hal.o(.data)
    uwTick                                   0x2400002c   Data           4  stm32h7xx_hal.o(.data)
    SystemCoreClock                          0x24000030   Data           4  system_stm32h7xx.o(.data)
    SystemD2Clock                            0x24000034   Data           4  system_stm32h7xx.o(.data)
    LIMIT_Scan_flag                          0x24000040   Data           1  app_work.o(.data)
    release_done                             0x24000041   Data           1  app_work.o(.data)
    System_State                             0x24000042   Data           1  app_work.o(.data)
    MOTOR_CAN_MOVE                           0x24000043   Data           1  app_work.o(.data)
    Minute_5_start                           0x24000044   Data           1  app_work.o(.data)
    TIM7_1s_Flag                             0x24000045   Data           1  app_work.o(.data)
    Timer4_Prescaler                         0x24000048   Data           2  app_work.o(.data)
    Timer4_Period                            0x2400004a   Data           2  app_work.o(.data)
    Timer4_oc1_Pulse                         0x2400004c   Data           2  app_work.o(.data)
    Timer4_oc2_Pulse                         0x2400004e   Data           2  app_work.o(.data)
    last_message                             0x24000054   Data           2  app_work.o(.data)
    Wakeup_signal_cnt                        0x24000060   Data           4  app_work.o(.data)
    Wakeup_signal_Low_cnt                    0x24000064   Data           4  app_work.o(.data)
    Ping_full_flag                           0x24000068   Data           1  ad7767.o(.data)
    Pang_full_flag                           0x24000069   Data           1  ad7767.o(.data)
    addata_cnt                               0x2400006a   Data           2  ad7767.o(.data)
    SPI_Rx_buff                              0x2400006c   Data           3  ad7767.o(.data)
    p_ad_begin                               0x24000070   Data           4  ad7767.o(.data)
    p_sd                                     0x24000074   Data           4  ad7767.o(.data)
    ad7767_data                              0x24000078   Data           4  ad7767.o(.data)
    addata_int_temp                          0x2400007c   Data           4  ad7767.o(.data)
    SD_cnt                                   0x24000084   Data           4  sdtest.o(.data)
    fnum                                     0x24000088   Data           4  sdtest.o(.data)
    WriteBuffer                              0x240000e4   Data          31  sdtest.o(.data)
    RS232_Rx_Buff                            0x24000103   Data           1  max3221.o(.data)
    RS232_Tx_Data                            0x24000104   Data          20  max3221.o(.data)
    y1_sum                                   0x2400011c   Data           4  demodu.o(.data)
    last_y1_sum                              0x24000120   Data           4  demodu.o(.data)
    last_send_time                           0x24000124   Data           4  demodu.o(.data)
    y2_sum                                   0x24000128   Data           4  demodu.o(.data)
    last_y2_sum                              0x2400012c   Data           4  demodu.o(.data)
    y3_sum                                   0x24000130   Data           4  demodu.o(.data)
    last_y3_sum                              0x24000134   Data           4  demodu.o(.data)
    last_y4_sum                              0x24000138   Data           4  demodu.o(.data)
    y4_sum                                   0x2400013c   Data           4  demodu.o(.data)
    da_index                                 0x24000140   Data           4  demodu.o(.data)
    __stdout                                 0x24000154   Data           4  stdout.o(.data)
    hadc3                                    0x2400015c   Data         100  adc.o(.bss)
    hi2c1                                    0x240001c0   Data          76  i2c.o(.bss)
    hmdma_mdma_channel0_sdmmc1_dma_endbuffer_0 0x2400020c   Data         108  mdma.o(.bss)
    hsd1                                     0x24000278   Data         124  sdmmc.o(.bss)
    hspi1                                    0x240002f4   Data         136  spi.o(.bss)
    hdma_spi1_rx                             0x2400037c   Data         120  spi.o(.bss)
    htim2                                    0x240003f4   Data          76  tim.o(.bss)
    htim4                                    0x24000440   Data          76  tim.o(.bss)
    htim6                                    0x2400048c   Data          76  tim.o(.bss)
    htim7                                    0x240004d8   Data          76  tim.o(.bss)
    htim12                                   0x24000524   Data          76  tim.o(.bss)
    htim13                                   0x24000570   Data          76  tim.o(.bss)
    huart1                                   0x240005bc   Data         144  usart.o(.bss)
    huart3                                   0x2400064c   Data         144  usart.o(.bss)
    disk                                     0x24000900   Data          12  ff_gen_drv.o(.bss)
    AD7767_Ping                              0x2400090c   Data         400  ad7767.o(.bss)
    AD7767_Pang                              0x24000a9c   Data         400  ad7767.o(.bss)
    ReadBuffer                               0x24000c2c   Data        1024  sdtest.o(.bss)
    word                                     0x2400102c   Data         512  sdtest.o(.bss)
    RTC_Time                                 0x240017a8   Data          24  ds1302.o(.bss)
    hex                                      0x240017c0   Data          80  demodu.o(.bss)
    da                                       0x24001840   Data         320  demodu.o(.bss)
    __initial_sp                             0x24003e28   Data           0  startup_stm32h750xx.o(STACK)



==============================================================================

Memory Map of the image

  Image Entry point : 0x08000299

  Load Region LR_IROM1 (Base: 0x08000000, Size: 0x0000e844, Max: 0x00020000, ABSOLUTE, COMPRESSED[0x0000e774])

    Execution Region ER_IROM1 (Exec base: 0x08000000, Load base: 0x08000000, Size: 0x0000e6e8, Max: 0x00020000, ABSOLUTE)

    Exec Addr    Load Addr    Size         Type   Attr      Idx    E Section Name        Object

    0x08000000   0x08000000   0x00000298   Data   RO            3    RESET               startup_stm32h750xx.o
    0x08000298   0x08000298   0x00000000   Code   RO        10886  * .ARM.Collect$$$$00000000  mc_w.l(entry.o)
    0x08000298   0x08000298   0x00000004   Code   RO        11236    .ARM.Collect$$$$00000001  mc_w.l(entry2.o)
    0x0800029c   0x0800029c   0x00000004   Code   RO        11239    .ARM.Collect$$$$00000004  mc_w.l(entry5.o)
    0x080002a0   0x080002a0   0x00000000   Code   RO        11241    .ARM.Collect$$$$00000008  mc_w.l(entry7b.o)
    0x080002a0   0x080002a0   0x00000000   Code   RO        11243    .ARM.Collect$$$$0000000A  mc_w.l(entry8b.o)
    0x080002a0   0x080002a0   0x00000008   Code   RO        11244    .ARM.Collect$$$$0000000B  mc_w.l(entry9a.o)
    0x080002a8   0x080002a8   0x00000000   Code   RO        11246    .ARM.Collect$$$$0000000D  mc_w.l(entry10a.o)
    0x080002a8   0x080002a8   0x00000000   Code   RO        11248    .ARM.Collect$$$$0000000F  mc_w.l(entry11a.o)
    0x080002a8   0x080002a8   0x00000004   Code   RO        11237    .ARM.Collect$$$$00002712  mc_w.l(entry2.o)
    0x080002ac   0x080002ac   0x00000024   Code   RO            4    .text               startup_stm32h750xx.o
    0x080002d0   0x080002d0   0x00000062   Code   RO        10895    .text               mc_w.l(uldiv.o)
    0x08000332   0x08000332   0x0000001e   Code   RO        10899    .text               mc_w.l(llshl.o)
    0x08000350   0x08000350   0x00000024   Code   RO        10901    .text               mc_w.l(llsshr.o)
    0x08000374   0x08000374   0x00000024   Code   RO        10903    .text               mc_w.l(memcpya.o)
    0x08000398   0x08000398   0x00000024   Code   RO        10905    .text               mc_w.l(memseta.o)
    0x080003bc   0x080003bc   0x00000018   Code   RO        10907    .text               mc_w.l(strcat.o)
    0x080003d4   0x080003d4   0x0000000e   Code   RO        10909    .text               mc_w.l(strlen.o)
    0x080003e2   0x080003e2   0x00000012   Code   RO        10911    .text               mc_w.l(strcpy.o)
    0x080003f4   0x080003f4   0x0000014e   Code   RO        11176    .text               mf_w.l(dadd.o)
    0x08000542   0x08000542   0x000000e4   Code   RO        11178    .text               mf_w.l(dmul.o)
    0x08000626   0x08000626   0x000000de   Code   RO        11180    .text               mf_w.l(ddiv.o)
    0x08000704   0x08000704   0x00000022   Code   RO        11184    .text               mf_w.l(dflti.o)
    0x08000726   0x08000726   0x0000001a   Code   RO        11186    .text               mf_w.l(dfltui.o)
    0x08000740   0x08000740   0x00000026   Code   RO        11190    .text               mf_w.l(f2d.o)
    0x08000766   0x08000766   0x00000002   PAD
    0x08000768   0x08000768   0x00000030   Code   RO        11194    .text               mf_w.l(cdrcmple.o)
    0x08000798   0x08000798   0x00000038   Code   RO        11196    .text               mf_w.l(d2f.o)
    0x080007d0   0x080007d0   0x0000002c   Code   RO        11250    .text               mc_w.l(uidiv.o)
    0x080007fc   0x080007fc   0x00000020   Code   RO        11252    .text               mc_w.l(llushr.o)
    0x0800081c   0x0800081c   0x00000000   Code   RO        11261    .text               mc_w.l(iusefp.o)
    0x0800081c   0x0800081c   0x0000006e   Code   RO        11262    .text               mf_w.l(fepilogue.o)
    0x0800088a   0x0800088a   0x000000ba   Code   RO        11264    .text               mf_w.l(depilogue.o)
    0x08000944   0x08000944   0x00000030   Code   RO        11266    .text               mf_w.l(dfixul.o)
    0x08000974   0x08000974   0x00000024   Code   RO        11268    .text               mc_w.l(init.o)
    0x08000998   0x08000998   0x0000003e   Code   RO        11270    .text               mf_w.l(dfixi.o)
    0x080009d6   0x080009d6   0x00000056   Code   RO        11280    .text               mc_w.l(__dczerorl2.o)
    0x08000a2c   0x08000a2c   0x00000108   Code   RO         1154    i.ADC_ConfigureBoostMode  stm32h7xx_hal_adc.o
    0x08000b34   0x08000b34   0x000000a8   Code   RO         1160    i.ADC_Enable        stm32h7xx_hal_adc.o
    0x08000bdc   0x08000bdc   0x000000b8   Code   RO         7013    i.APP_Init          app_work.o
    0x08000c94   0x08000c94   0x00000004   Code   RO         7014    i.APP_Process       app_work.o
    0x08000c98   0x08000c98   0x00000018   Code   RO         1092    i.BSP_PlatformIsDetected  fatfs_platform.o
    0x08000cb0   0x08000cb0   0x0000000c   Code   RO          897    i.BSP_SD_GetCardInfo  bsp_driver_sd.o
    0x08000cbc   0x08000cbc   0x00000018   Code   RO          898    i.BSP_SD_GetCardState  bsp_driver_sd.o
    0x08000cd4   0x08000cd4   0x00000030   Code   RO          900    i.BSP_SD_Init       bsp_driver_sd.o
    0x08000d04   0x08000d04   0x0000001a   Code   RO          901    i.BSP_SD_IsDetected  bsp_driver_sd.o
    0x08000d1e   0x08000d1e   0x00000002   PAD
    0x08000d20   0x08000d20   0x0000001c   Code   RO          903    i.BSP_SD_ReadBlocks_DMA  bsp_driver_sd.o
    0x08000d3c   0x08000d3c   0x0000000c   Code   RO         1010    i.BSP_SD_ReadCpltCallback  sd_diskio.o
    0x08000d48   0x08000d48   0x0000001c   Code   RO          906    i.BSP_SD_WriteBlocks_DMA  bsp_driver_sd.o
    0x08000d64   0x08000d64   0x0000000c   Code   RO         1011    i.BSP_SD_WriteCpltCallback  sd_diskio.o
    0x08000d70   0x08000d70   0x00000002   Code   RO          749    i.BusFault_Handler  stm32h7xx_it.o
    0x08000d72   0x08000d72   0x00000002   PAD
    0x08000d74   0x08000d74   0x00000150   Code   RO         7228    i.Check_SD_Fatfs    sdtest.o
    0x08000ec4   0x08000ec4   0x0000000c   Code   RO          750    i.DMA1_Stream0_IRQHandler  stm32h7xx_it.o
    0x08000ed0   0x08000ed0   0x000000b4   Code   RO         2225    i.DMA_CalcBaseAndBitshift  stm32h7xx_hal_dma.o
    0x08000f84   0x08000f84   0x0000009c   Code   RO         2226    i.DMA_CalcDMAMUXChannelBaseAndMask  stm32h7xx_hal_dma.o
    0x08001020   0x08001020   0x00000074   Code   RO         2227    i.DMA_CalcDMAMUXRequestGenBaseAndMask  stm32h7xx_hal_dma.o
    0x08001094   0x08001094   0x00000054   Code   RO         2228    i.DMA_CheckFifoParam  stm32h7xx_hal_dma.o
    0x080010e8   0x080010e8   0x00000070   Code   RO         7436    i.DS1302_Read       ds1302.o
    0x08001158   0x08001158   0x00000002   Code   RO          751    i.DebugMon_Handler  stm32h7xx_it.o
    0x0800115a   0x0800115a   0x00000002   PAD
    0x0800115c   0x0800115c   0x0000003c   Code   RO          568    i.Delay_us          tim.o
    0x08001198   0x08001198   0x00000006   Code   RO          752    i.EXTI9_5_IRQHandler  stm32h7xx_it.o
    0x0800119e   0x0800119e   0x00000002   PAD
    0x080011a0   0x080011a0   0x0000004c   Code   RO         7018    i.Enter_Standby_Mode  app_work.o
    0x080011ec   0x080011ec   0x00000004   Code   RO           13    i.Error_Handler     main.o
    0x080011f0   0x080011f0   0x00000006   Code   RO         6901    i.FATFS_LinkDriver  ff_gen_drv.o
    0x080011f6   0x080011f6   0x00000002   PAD
    0x080011f8   0x080011f8   0x00000040   Code   RO         6902    i.FATFS_LinkDriverEx  ff_gen_drv.o
    0x08001238   0x08001238   0x00000080   Code   RO         7230    i.Fatfs_SD_Init     sdtest.o
    0x080012b8   0x080012b8   0x00000154   Code   RO         7231    i.Get_SD_information  sdtest.o
    0x0800140c   0x0800140c   0x000003d8   Code   RO         1162    i.HAL_ADC_ConfigChannel  stm32h7xx_hal_adc.o
    0x080017e4   0x080017e4   0x00000006   Code   RO         1169    i.HAL_ADC_GetValue  stm32h7xx_hal_adc.o
    0x080017ea   0x080017ea   0x00000002   PAD
    0x080017ec   0x080017ec   0x00000228   Code   RO         1171    i.HAL_ADC_Init      stm32h7xx_hal_adc.o
    0x08001a14   0x08001a14   0x00000044   Code   RO          329    i.HAL_ADC_MspInit   adc.o
    0x08001a58   0x08001a58   0x00000124   Code   RO         1175    i.HAL_ADC_PollForConversion  stm32h7xx_hal_adc.o
    0x08001b7c   0x08001b7c   0x00000108   Code   RO         1177    i.HAL_ADC_Start     stm32h7xx_hal_adc.o
    0x08001c84   0x08001c84   0x00000284   Code   RO         2231    i.HAL_DMA_Abort_IT  stm32h7xx_hal_dma.o
    0x08001f08   0x08001f08   0x000006e8   Code   RO         2235    i.HAL_DMA_IRQHandler  stm32h7xx_hal_dma.o
    0x080025f0   0x080025f0   0x000003c4   Code   RO         2236    i.HAL_DMA_Init      stm32h7xx_hal_dma.o
    0x080029b4   0x080029b4   0x00000024   Code   RO         3080    i.HAL_Delay         stm32h7xx_hal.o
    0x080029d8   0x080029d8   0x00000170   Code   RO         2075    i.HAL_GPIO_DeInit   stm32h7xx_hal_gpio.o
    0x08002b48   0x08002b48   0x000000c0   Code   RO         7157    i.HAL_GPIO_EXTI_Callback  ad7767.o
    0x08002c08   0x08002c08   0x00000018   Code   RO         2077    i.HAL_GPIO_EXTI_IRQHandler  stm32h7xx_hal_gpio.o
    0x08002c20   0x08002c20   0x0000022c   Code   RO         2078    i.HAL_GPIO_Init     stm32h7xx_hal_gpio.o
    0x08002e4c   0x08002e4c   0x0000000a   Code   RO         2080    i.HAL_GPIO_ReadPin  stm32h7xx_hal_gpio.o
    0x08002e56   0x08002e56   0x00000010   Code   RO         2081    i.HAL_GPIO_TogglePin  stm32h7xx_hal_gpio.o
    0x08002e66   0x08002e66   0x0000000a   Code   RO         2082    i.HAL_GPIO_WritePin  stm32h7xx_hal_gpio.o
    0x08002e70   0x08002e70   0x0000000c   Code   RO         3091    i.HAL_GetREVID      stm32h7xx_hal.o
    0x08002e7c   0x08002e7c   0x0000000c   Code   RO         3092    i.HAL_GetTick       stm32h7xx_hal.o
    0x08002e88   0x08002e88   0x00000058   Code   RO         3847    i.HAL_I2CEx_ConfigAnalogFilter  stm32h7xx_hal_i2c_ex.o
    0x08002ee0   0x08002ee0   0x00000054   Code   RO         3848    i.HAL_I2CEx_ConfigDigitalFilter  stm32h7xx_hal_i2c_ex.o
    0x08002f34   0x08002f34   0x000000b8   Code   RO         3396    i.HAL_I2C_Init      stm32h7xx_hal_i2c.o
    0x08002fec   0x08002fec   0x00000164   Code   RO         3414    i.HAL_I2C_Mem_Read  stm32h7xx_hal_i2c.o
    0x08003150   0x08003150   0x00000158   Code   RO         3417    i.HAL_I2C_Mem_Write  stm32h7xx_hal_i2c.o
    0x080032a8   0x080032a8   0x000000c8   Code   RO          395    i.HAL_I2C_MspInit   i2c.o
    0x08003370   0x08003370   0x00000010   Code   RO         3098    i.HAL_IncTick       stm32h7xx_hal.o
    0x08003380   0x08003380   0x0000005c   Code   RO         3099    i.HAL_Init          stm32h7xx_hal.o
    0x080033dc   0x080033dc   0x00000040   Code   RO         3100    i.HAL_InitTick      stm32h7xx_hal.o
    0x0800341c   0x0800341c   0x00000058   Code   RO         2414    i.HAL_MDMA_ConfigPostRequestMask  stm32h7xx_hal_mdma.o
    0x08003474   0x08003474   0x0000005e   Code   RO         2420    i.HAL_MDMA_Init     stm32h7xx_hal_mdma.o
    0x080034d2   0x080034d2   0x00000002   PAD
    0x080034d4   0x080034d4   0x0000005c   Code   RO         2933    i.HAL_MPU_ConfigRegion  stm32h7xx_hal_cortex.o
    0x08003530   0x08003530   0x0000001c   Code   RO         2934    i.HAL_MPU_Disable   stm32h7xx_hal_cortex.o
    0x0800354c   0x0800354c   0x00000024   Code   RO         2935    i.HAL_MPU_Enable    stm32h7xx_hal_cortex.o
    0x08003570   0x08003570   0x0000001c   Code   RO          871    i.HAL_MspInit       stm32h7xx_hal_msp.o
    0x0800358c   0x0800358c   0x00000022   Code   RO         2937    i.HAL_NVIC_DisableIRQ  stm32h7xx_hal_cortex.o
    0x080035ae   0x080035ae   0x0000001a   Code   RO         2938    i.HAL_NVIC_EnableIRQ  stm32h7xx_hal_cortex.o
    0x080035c8   0x080035c8   0x00000040   Code   RO         2944    i.HAL_NVIC_SetPriority  stm32h7xx_hal_cortex.o
    0x08003608   0x08003608   0x00000024   Code   RO         2945    i.HAL_NVIC_SetPriorityGrouping  stm32h7xx_hal_cortex.o
    0x0800362c   0x0800362c   0x00000054   Code   RO         2679    i.HAL_PWREx_ConfigSupply  stm32h7xx_hal_pwr_ex.o
    0x08003680   0x08003680   0x00000018   Code   RO         2565    i.HAL_PWR_EnableWakeUpPin  stm32h7xx_hal_pwr.o
    0x08003698   0x08003698   0x00000030   Code   RO         2567    i.HAL_PWR_EnterSTANDBYMode  stm32h7xx_hal_pwr.o
    0x080036c8   0x080036c8   0x00000024   Code   RO         1721    i.HAL_RCCEx_GetD3PCLK1Freq  stm32h7xx_hal_rcc_ex.o
    0x080036ec   0x080036ec   0x00000148   Code   RO         1722    i.HAL_RCCEx_GetPLL1ClockFreq  stm32h7xx_hal_rcc_ex.o
    0x08003834   0x08003834   0x00000144   Code   RO         1723    i.HAL_RCCEx_GetPLL2ClockFreq  stm32h7xx_hal_rcc_ex.o
    0x08003978   0x08003978   0x00000144   Code   RO         1724    i.HAL_RCCEx_GetPLL3ClockFreq  stm32h7xx_hal_rcc_ex.o
    0x08003abc   0x08003abc   0x0000026c   Code   RO         1726    i.HAL_RCCEx_GetPeriphCLKFreq  stm32h7xx_hal_rcc_ex.o
    0x08003d28   0x08003d28   0x000008d2   Code   RO         1730    i.HAL_RCCEx_PeriphCLKConfig  stm32h7xx_hal_rcc_ex.o
    0x080045fa   0x080045fa   0x00000002   PAD
    0x080045fc   0x080045fc   0x0000025c   Code   RO         1606    i.HAL_RCC_ClockConfig  stm32h7xx_hal_rcc.o
    0x08004858   0x08004858   0x00000044   Code   RO         1611    i.HAL_RCC_GetHCLKFreq  stm32h7xx_hal_rcc.o
    0x0800489c   0x0800489c   0x00000024   Code   RO         1613    i.HAL_RCC_GetPCLK1Freq  stm32h7xx_hal_rcc.o
    0x080048c0   0x080048c0   0x00000024   Code   RO         1614    i.HAL_RCC_GetPCLK2Freq  stm32h7xx_hal_rcc.o
    0x080048e4   0x080048e4   0x00000138   Code   RO         1615    i.HAL_RCC_GetSysClockFreq  stm32h7xx_hal_rcc.o
    0x08004a1c   0x08004a1c   0x00000530   Code   RO         1618    i.HAL_RCC_OscConfig  stm32h7xx_hal_rcc.o
    0x08004f4c   0x08004f4c   0x00000002   Code   RO         5320    i.HAL_SDEx_Read_DMADoubleBuf0CpltCallback  stm32h7xx_hal_sd.o
    0x08004f4e   0x08004f4e   0x00000002   Code   RO         5321    i.HAL_SDEx_Read_DMADoubleBuf1CpltCallback  stm32h7xx_hal_sd.o
    0x08004f50   0x08004f50   0x00000002   Code   RO         5322    i.HAL_SDEx_Write_DMADoubleBuf0CpltCallback  stm32h7xx_hal_sd.o
    0x08004f52   0x08004f52   0x00000002   Code   RO         5323    i.HAL_SDEx_Write_DMADoubleBuf1CpltCallback  stm32h7xx_hal_sd.o
    0x08004f54   0x08004f54   0x00000188   Code   RO         5328    i.HAL_SD_ConfigWideBusOperation  stm32h7xx_hal_sd.o
    0x080050dc   0x080050dc   0x00000026   Code   RO         5329    i.HAL_SD_DeInit     stm32h7xx_hal_sd.o
    0x08005102   0x08005102   0x00000002   Code   RO         5331    i.HAL_SD_ErrorCallback  stm32h7xx_hal_sd.o
    0x08005104   0x08005104   0x000001bc   Code   RO         5333    i.HAL_SD_GetCardCSD  stm32h7xx_hal_sd.o
    0x080052c0   0x080052c0   0x00000024   Code   RO         5334    i.HAL_SD_GetCardInfo  stm32h7xx_hal_sd.o
    0x080052e4   0x080052e4   0x0000002c   Code   RO         5335    i.HAL_SD_GetCardState  stm32h7xx_hal_sd.o
    0x08005310   0x08005310   0x000000cc   Code   RO         5336    i.HAL_SD_GetCardStatus  stm32h7xx_hal_sd.o
    0x080053dc   0x080053dc   0x00000240   Code   RO         5339    i.HAL_SD_IRQHandler  stm32h7xx_hal_sd.o
    0x0800561c   0x0800561c   0x0000009a   Code   RO         5340    i.HAL_SD_Init       stm32h7xx_hal_sd.o
    0x080056b6   0x080056b6   0x00000002   PAD
    0x080056b8   0x080056b8   0x000000a4   Code   RO         5341    i.HAL_SD_InitCard   stm32h7xx_hal_sd.o
    0x0800575c   0x0800575c   0x00000044   Code   RO          467    i.HAL_SD_MspDeInit  sdmmc.o
    0x080057a0   0x080057a0   0x00000098   Code   RO          468    i.HAL_SD_MspInit    sdmmc.o
    0x08005838   0x08005838   0x000000d8   Code   RO         5345    i.HAL_SD_ReadBlocks_DMA  stm32h7xx_hal_sd.o
    0x08005910   0x08005910   0x00000008   Code   RO          909    i.HAL_SD_RxCpltCallback  bsp_driver_sd.o
    0x08005918   0x08005918   0x00000008   Code   RO          910    i.HAL_SD_TxCpltCallback  bsp_driver_sd.o
    0x08005920   0x08005920   0x000000d8   Code   RO         5350    i.HAL_SD_WriteBlocks_DMA  stm32h7xx_hal_sd.o
    0x080059f8   0x080059f8   0x00000002   Code   RO         5604    i.HAL_SPI_ErrorCallback  stm32h7xx_hal_spi.o
    0x080059fa   0x080059fa   0x00000002   PAD
    0x080059fc   0x080059fc   0x00000240   Code   RO         5607    i.HAL_SPI_IRQHandler  stm32h7xx_hal_spi.o
    0x08005c3c   0x08005c3c   0x00000158   Code   RO         5608    i.HAL_SPI_Init      stm32h7xx_hal_spi.o
    0x08005d94   0x08005d94   0x000000c4   Code   RO          527    i.HAL_SPI_MspInit   spi.o
    0x08005e58   0x08005e58   0x00000250   Code   RO         5611    i.HAL_SPI_Receive   stm32h7xx_hal_spi.o
    0x080060a8   0x080060a8   0x00000002   Code   RO         5614    i.HAL_SPI_RxCpltCallback  stm32h7xx_hal_spi.o
    0x080060aa   0x080060aa   0x00000324   Code   RO         5617    i.HAL_SPI_TransmitReceive  stm32h7xx_hal_spi.o
    0x080063ce   0x080063ce   0x00000002   Code   RO         5622    i.HAL_SPI_TxCpltCallback  stm32h7xx_hal_spi.o
    0x080063d0   0x080063d0   0x00000002   Code   RO         5624    i.HAL_SPI_TxRxCpltCallback  stm32h7xx_hal_spi.o
    0x080063d2   0x080063d2   0x00000002   PAD
    0x080063d4   0x080063d4   0x00000010   Code   RO         3104    i.HAL_SYSCFG_AnalogSwitchConfig  stm32h7xx_hal.o
    0x080063e4   0x080063e4   0x00000026   Code   RO         2949    i.HAL_SYSTICK_Config  stm32h7xx_hal_cortex.o
    0x0800640a   0x0800640a   0x00000002   Code   RO         4689    i.HAL_TIMEx_Break2Callback  stm32h7xx_hal_tim_ex.o
    0x0800640c   0x0800640c   0x00000002   Code   RO         4690    i.HAL_TIMEx_BreakCallback  stm32h7xx_hal_tim_ex.o
    0x0800640e   0x0800640e   0x00000002   Code   RO         4691    i.HAL_TIMEx_CommutCallback  stm32h7xx_hal_tim_ex.o
    0x08006410   0x08006410   0x000000a4   Code   RO         4711    i.HAL_TIMEx_MasterConfigSynchronization  stm32h7xx_hal_tim_ex.o
    0x080064b4   0x080064b4   0x00000062   Code   RO         3975    i.HAL_TIM_Base_Init  stm32h7xx_hal_tim.o
    0x08006516   0x08006516   0x00000002   PAD
    0x08006518   0x08006518   0x000000a0   Code   RO          570    i.HAL_TIM_Base_MspInit  tim.o
    0x080065b8   0x080065b8   0x0000008c   Code   RO         3980    i.HAL_TIM_Base_Start_IT  stm32h7xx_hal_tim.o
    0x08006644   0x08006644   0x000000fc   Code   RO         3984    i.HAL_TIM_ConfigClockSource  stm32h7xx_hal_tim.o
    0x08006740   0x08006740   0x00000002   Code   RO         4009    i.HAL_TIM_IC_CaptureCallback  stm32h7xx_hal_tim.o
    0x08006742   0x08006742   0x00000182   Code   RO         4023    i.HAL_TIM_IRQHandler  stm32h7xx_hal_tim.o
    0x080068c4   0x080068c4   0x00000084   Code   RO          571    i.HAL_TIM_MspPostInit  tim.o
    0x08006948   0x08006948   0x0000006e   Code   RO         4024    i.HAL_TIM_OC_ConfigChannel  stm32h7xx_hal_tim.o
    0x080069b6   0x080069b6   0x00000002   Code   RO         4026    i.HAL_TIM_OC_DelayElapsedCallback  stm32h7xx_hal_tim.o
    0x080069b8   0x080069b8   0x00000062   Code   RO         4028    i.HAL_TIM_OC_Init   stm32h7xx_hal_tim.o
    0x08006a1a   0x08006a1a   0x00000002   PAD
    0x08006a1c   0x08006a1c   0x00000028   Code   RO          573    i.HAL_TIM_OC_MspInit  tim.o
    0x08006a44   0x08006a44   0x00000124   Code   RO         4047    i.HAL_TIM_PWM_ConfigChannel  stm32h7xx_hal_tim.o
    0x08006b68   0x08006b68   0x00000062   Code   RO         4050    i.HAL_TIM_PWM_Init  stm32h7xx_hal_tim.o
    0x08006bca   0x08006bca   0x00000002   PAD
    0x08006bcc   0x08006bcc   0x00000028   Code   RO          575    i.HAL_TIM_PWM_MspInit  tim.o
    0x08006bf4   0x08006bf4   0x00000002   Code   RO         4053    i.HAL_TIM_PWM_PulseFinishedCallback  stm32h7xx_hal_tim.o
    0x08006bf6   0x08006bf6   0x00000002   PAD
    0x08006bf8   0x08006bf8   0x00000110   Code   RO         4055    i.HAL_TIM_PWM_Start  stm32h7xx_hal_tim.o
    0x08006d08   0x08006d08   0x00000094   Code   RO         7019    i.HAL_TIM_PeriodElapsedCallback  app_work.o
    0x08006d9c   0x08006d9c   0x00000002   Code   RO         4066    i.HAL_TIM_TriggerCallback  stm32h7xx_hal_tim.o
    0x08006d9e   0x08006d9e   0x00000040   Code   RO         6340    i.HAL_UARTEx_DisableFifoMode  stm32h7xx_hal_uart_ex.o
    0x08006dde   0x08006dde   0x0000004c   Code   RO         6348    i.HAL_UARTEx_SetRxFifoThreshold  stm32h7xx_hal_uart_ex.o
    0x08006e2a   0x08006e2a   0x0000004c   Code   RO         6349    i.HAL_UARTEx_SetTxFifoThreshold  stm32h7xx_hal_uart_ex.o
    0x08006e76   0x08006e76   0x0000006a   Code   RO         5949    i.HAL_UART_Init     stm32h7xx_hal_uart.o
    0x08006ee0   0x08006ee0   0x000000d4   Code   RO          692    i.HAL_UART_MspInit  usart.o
    0x08006fb4   0x08006fb4   0x000000be   Code   RO         5958    i.HAL_UART_Transmit  stm32h7xx_hal_uart.o
    0x08007072   0x08007072   0x00000002   PAD
    0x08007074   0x08007074   0x00000020   Code   RO          753    i.HardFault_Handler  stm32h7xx_it.o
    0x08007094   0x08007094   0x00000044   Code   RO         7306    i.I2C_BufferRead    mpu6050.o
    0x080070d8   0x080070d8   0x0000002c   Code   RO         7307    i.I2C_ByteWrite     mpu6050.o
    0x08007104   0x08007104   0x00000022   Code   RO         3443    i.I2C_Flush_TXDR    stm32h7xx_hal_i2c.o
    0x08007126   0x08007126   0x00000002   PAD
    0x08007128   0x08007128   0x00000120   Code   RO         3451    i.I2C_IsErrorOccurred  stm32h7xx_hal_i2c.o
    0x08007248   0x08007248   0x00000064   Code   RO         3454    i.I2C_RequestMemoryRead  stm32h7xx_hal_i2c.o
    0x080072ac   0x080072ac   0x00000064   Code   RO         3455    i.I2C_RequestMemoryWrite  stm32h7xx_hal_i2c.o
    0x08007310   0x08007310   0x00000030   Code   RO         3458    i.I2C_TransferConfig  stm32h7xx_hal_i2c.o
    0x08007340   0x08007340   0x0000005a   Code   RO         3460    i.I2C_WaitOnFlagUntilTimeout  stm32h7xx_hal_i2c.o
    0x0800739a   0x0800739a   0x0000004e   Code   RO         3462    i.I2C_WaitOnSTOPFlagUntilTimeout  stm32h7xx_hal_i2c.o
    0x080073e8   0x080073e8   0x00000052   Code   RO         3463    i.I2C_WaitOnTXISFlagUntilTimeout  stm32h7xx_hal_i2c.o
    0x0800743a   0x0800743a   0x00000008   Code   RO         1183    i.LL_ADC_INJ_IsConversionOngoing  stm32h7xx_hal_adc.o
    0x08007442   0x08007442   0x00000008   Code   RO         1184    i.LL_ADC_REG_IsConversionOngoing  stm32h7xx_hal_adc.o
    0x0800744a   0x0800744a   0x00000010   Code   RO         1185    i.LL_ADC_REG_IsTriggerSourceSWStart  stm32h7xx_hal_adc.o
    0x0800745a   0x0800745a   0x0000001e   Code   RO         1187    i.LL_ADC_SetChannelSamplingTime  stm32h7xx_hal_adc.o
    0x08007478   0x08007478   0x000000b0   Code   RO         2431    i.MDMA_Init         stm32h7xx_hal_mdma.o
    0x08007528   0x08007528   0x00000054   Code   RO         7310    i.MPU6050ReadID     mpu6050.o
    0x0800757c   0x0800757c   0x0000006c   Code   RO         7312    i.MPU6050_Init      mpu6050.o
    0x080075e8   0x080075e8   0x0000000a   Code   RO         7313    i.MPU6050_ReadData  mpu6050.o
    0x080075f2   0x080075f2   0x0000000a   Code   RO         7315    i.MPU6050_WriteReg  mpu6050.o
    0x080075fc   0x080075fc   0x00000078   Code   RO          330    i.MX_ADC3_Init      adc.o
    0x08007674   0x08007674   0x0000002c   Code   RO          370    i.MX_DMA_Init       dma.o
    0x080076a0   0x080076a0   0x0000001c   Code   RO         1116    i.MX_FATFS_Init     fatfs.o
    0x080076bc   0x080076bc   0x00000178   Code   RO          300    i.MX_GPIO_Init      gpio.o
    0x08007834   0x08007834   0x00000058   Code   RO          396    i.MX_I2C1_Init      i2c.o
    0x0800788c   0x0800788c   0x00000074   Code   RO          436    i.MX_MDMA_Init      mdma.o
    0x08007900   0x08007900   0x00000024   Code   RO          469    i.MX_SDMMC1_SD_Init  sdmmc.o
    0x08007924   0x08007924   0x00000058   Code   RO          528    i.MX_SPI1_Init      spi.o
    0x0800797c   0x0800797c   0x00000058   Code   RO          576    i.MX_TIM12_Init     tim.o
    0x080079d4   0x080079d4   0x00000034   Code   RO          577    i.MX_TIM13_Init     tim.o
    0x08007a08   0x08007a08   0x00000068   Code   RO          578    i.MX_TIM2_Init      tim.o
    0x08007a70   0x08007a70   0x000000a4   Code   RO          579    i.MX_TIM4_Init      tim.o
    0x08007b14   0x08007b14   0x00000048   Code   RO          580    i.MX_TIM6_Init      tim.o
    0x08007b5c   0x08007b5c   0x00000048   Code   RO          581    i.MX_TIM7_Init      tim.o
    0x08007ba4   0x08007ba4   0x00000068   Code   RO          693    i.MX_USART1_UART_Init  usart.o
    0x08007c0c   0x08007c0c   0x00000068   Code   RO          694    i.MX_USART3_UART_Init  usart.o
    0x08007c74   0x08007c74   0x00000002   Code   RO          754    i.MemManage_Handler  stm32h7xx_it.o
    0x08007c76   0x08007c76   0x00000002   Code   RO          755    i.NMI_Handler       stm32h7xx_it.o
    0x08007c78   0x08007c78   0x00000002   Code   RO          756    i.PendSV_Handler    stm32h7xx_it.o
    0x08007c7a   0x08007c7a   0x00000044   Code   RO           14    i.PeriphCommonClock_Config  main.o
    0x08007cbe   0x08007cbe   0x00000002   PAD
    0x08007cc0   0x08007cc0   0x00000034   Code   RO         7021    i.Power_OFF         app_work.o
    0x08007cf4   0x08007cf4   0x00000030   Code   RO         7022    i.Power_ON          app_work.o
    0x08007d24   0x08007d24   0x00000120   Code   RO         1733    i.RCCEx_PLL2_Config  stm32h7xx_hal_rcc_ex.o
    0x08007e44   0x08007e44   0x00000120   Code   RO         1734    i.RCCEx_PLL3_Config  stm32h7xx_hal_rcc_ex.o
    0x08007f64   0x08007f64   0x00000048   Code   RO         7396    i.RS232_Init        max3221.o
    0x08007fac   0x08007fac   0x0000004c   Code   RO         7438    i.RTC_Init          ds1302.o
    0x08007ff8   0x08007ff8   0x000000bc   Code   RO         7439    i.RTC_Read          ds1302.o
    0x080080b4   0x080080b4   0x00000064   Code   RO         7023    i.Read_battery      app_work.o
    0x08008118   0x08008118   0x0000000a   Code   RO         7158    i.S24toS32          ad7767.o
    0x08008122   0x08008122   0x00000002   PAD
    0x08008124   0x08008124   0x0000000c   Code   RO          757    i.SDMMC1_IRQHandler  stm32h7xx_it.o
    0x08008130   0x08008130   0x00000034   Code   RO         4980    i.SDMMC_CmdAppCommand  stm32h7xx_ll_sdmmc.o
    0x08008164   0x08008164   0x0000002e   Code   RO         4981    i.SDMMC_CmdAppOperCommand  stm32h7xx_ll_sdmmc.o
    0x08008192   0x08008192   0x00000032   Code   RO         4982    i.SDMMC_CmdBlockLength  stm32h7xx_ll_sdmmc.o
    0x080081c4   0x080081c4   0x00000034   Code   RO         4983    i.SDMMC_CmdBusWidth  stm32h7xx_ll_sdmmc.o
    0x080081f8   0x080081f8   0x00000054   Code   RO         4987    i.SDMMC_CmdGoIdleState  stm32h7xx_ll_sdmmc.o
    0x0800824c   0x0800824c   0x00000028   Code   RO         4989    i.SDMMC_CmdOperCond  stm32h7xx_ll_sdmmc.o
    0x08008274   0x08008274   0x00000034   Code   RO         4990    i.SDMMC_CmdReadMultiBlock  stm32h7xx_ll_sdmmc.o
    0x080082a8   0x080082a8   0x00000034   Code   RO         4991    i.SDMMC_CmdReadSingleBlock  stm32h7xx_ll_sdmmc.o
    0x080082dc   0x080082dc   0x00000034   Code   RO         4994    i.SDMMC_CmdSelDesel  stm32h7xx_ll_sdmmc.o
    0x08008310   0x08008310   0x0000002c   Code   RO         4995    i.SDMMC_CmdSendCID  stm32h7xx_ll_sdmmc.o
    0x0800833c   0x0800833c   0x00000030   Code   RO         4996    i.SDMMC_CmdSendCSD  stm32h7xx_ll_sdmmc.o
    0x0800836c   0x0800836c   0x00000032   Code   RO         4998    i.SDMMC_CmdSendSCR  stm32h7xx_ll_sdmmc.o
    0x0800839e   0x0800839e   0x00000034   Code   RO         4999    i.SDMMC_CmdSendStatus  stm32h7xx_ll_sdmmc.o
    0x080083d2   0x080083d2   0x00000032   Code   RO         5000    i.SDMMC_CmdSetRelAdd  stm32h7xx_ll_sdmmc.o
    0x08008404   0x08008404   0x00000032   Code   RO         5003    i.SDMMC_CmdStatusRegister  stm32h7xx_ll_sdmmc.o
    0x08008436   0x08008436   0x00000002   PAD
    0x08008438   0x08008438   0x00000054   Code   RO         5004    i.SDMMC_CmdStopTransfer  stm32h7xx_ll_sdmmc.o
    0x0800848c   0x0800848c   0x00000034   Code   RO         5007    i.SDMMC_CmdWriteMultiBlock  stm32h7xx_ll_sdmmc.o
    0x080084c0   0x080084c0   0x00000034   Code   RO         5008    i.SDMMC_CmdWriteSingleBlock  stm32h7xx_ll_sdmmc.o
    0x080084f4   0x080084f4   0x00000026   Code   RO         5009    i.SDMMC_ConfigData  stm32h7xx_ll_sdmmc.o
    0x0800851a   0x0800851a   0x00000002   PAD
    0x0800851c   0x0800851c   0x00000124   Code   RO         5010    i.SDMMC_GetCmdResp1  stm32h7xx_ll_sdmmc.o
    0x08008640   0x08008640   0x00000054   Code   RO         5011    i.SDMMC_GetCmdResp2  stm32h7xx_ll_sdmmc.o
    0x08008694   0x08008694   0x00000048   Code   RO         5012    i.SDMMC_GetCmdResp3  stm32h7xx_ll_sdmmc.o
    0x080086dc   0x080086dc   0x0000008c   Code   RO         5013    i.SDMMC_GetCmdResp6  stm32h7xx_ll_sdmmc.o
    0x08008768   0x08008768   0x00000058   Code   RO         5014    i.SDMMC_GetCmdResp7  stm32h7xx_ll_sdmmc.o
    0x080087c0   0x080087c0   0x00000008   Code   RO         5018    i.SDMMC_GetPowerState  stm32h7xx_ll_sdmmc.o
    0x080087c8   0x080087c8   0x00000006   Code   RO         5019    i.SDMMC_GetResponse  stm32h7xx_ll_sdmmc.o
    0x080087ce   0x080087ce   0x00000002   PAD
    0x080087d0   0x080087d0   0x00000020   Code   RO         5020    i.SDMMC_Init        stm32h7xx_ll_sdmmc.o
    0x080087f0   0x080087f0   0x0000000c   Code   RO         5022    i.SDMMC_PowerState_OFF  stm32h7xx_ll_sdmmc.o
    0x080087fc   0x080087fc   0x0000000c   Code   RO         5023    i.SDMMC_PowerState_ON  stm32h7xx_ll_sdmmc.o
    0x08008808   0x08008808   0x00000006   Code   RO         5024    i.SDMMC_ReadFIFO    stm32h7xx_ll_sdmmc.o
    0x0800880e   0x0800880e   0x00000002   PAD
    0x08008810   0x08008810   0x00000028   Code   RO         5025    i.SDMMC_SendCommand  stm32h7xx_ll_sdmmc.o
    0x08008838   0x08008838   0x0000000a   Code   RO         5027    i.SDMMC_WriteFIFO   stm32h7xx_ll_sdmmc.o
    0x08008842   0x08008842   0x00000002   PAD
    0x08008844   0x08008844   0x00000020   Code   RO         1012    i.SD_CheckStatus    sd_diskio.o
    0x08008864   0x08008864   0x00000024   Code   RO         1013    i.SD_CheckStatusWithTimeout  sd_diskio.o
    0x08008888   0x08008888   0x000000e4   Code   RO         5352    i.SD_FindSCR        stm32h7xx_hal_sd.o
    0x0800896c   0x0800896c   0x00000018   Code   RO          470    i.SD_GetCardState   sdmmc.o
    0x08008984   0x08008984   0x000000f6   Code   RO         5354    i.SD_InitCard       stm32h7xx_hal_sd.o
    0x08008a7a   0x08008a7a   0x00000002   PAD
    0x08008a7c   0x08008a7c   0x000000b4   Code   RO         5355    i.SD_PowerON        stm32h7xx_hal_sd.o
    0x08008b30   0x08008b30   0x000000e4   Code   RO         5356    i.SD_SendSDStatus   stm32h7xx_hal_sd.o
    0x08008c14   0x08008c14   0x00000190   Code   RO         7233    i.SD_Write_Dat      sdtest.o
    0x08008da4   0x08008da4   0x00000044   Code   RO         7234    i.SD_Write_Process  sdtest.o
    0x08008de8   0x08008de8   0x00000104   Code   RO         7235    i.SD_ctreate_new_file  sdtest.o
    0x08008eec   0x08008eec   0x0000001c   Code   RO         1014    i.SD_initialize     sd_diskio.o
    0x08008f08   0x08008f08   0x00000058   Code   RO         1015    i.SD_ioctl          sd_diskio.o
    0x08008f60   0x08008f60   0x00000140   Code   RO         1016    i.SD_read           sd_diskio.o
    0x080090a0   0x080090a0   0x00000004   Code   RO         1017    i.SD_status         sd_diskio.o
    0x080090a4   0x080090a4   0x0000013c   Code   RO         1018    i.SD_write          sd_diskio.o
    0x080091e0   0x080091e0   0x0000000c   Code   RO          758    i.SPI1_IRQHandler   stm32h7xx_it.o
    0x080091ec   0x080091ec   0x000000bc   Code   RO         5627    i.SPI_CloseTransfer  stm32h7xx_hal_spi.o
    0x080092a8   0x080092a8   0x0000001a   Code   RO         5628    i.SPI_DMAAbortOnError  stm32h7xx_hal_spi.o
    0x080092c2   0x080092c2   0x00000042   Code   RO         5644    i.SPI_WaitOnFlagUntilTimeout  stm32h7xx_hal_spi.o
    0x08009304   0x08009304   0x00000002   Code   RO          759    i.SVC_Handler       stm32h7xx_it.o
    0x08009306   0x08009306   0x00000002   PAD
    0x08009308   0x08009308   0x00000054   Code   RO         7024    i.Scan_limit        app_work.o
    0x0800935c   0x0800935c   0x00000028   Code   RO         7441    i.Set_SDIO_IN       ds1302.o
    0x08009384   0x08009384   0x00000028   Code   RO         7442    i.Set_SDIO_OUT      ds1302.o
    0x080093ac   0x080093ac   0x00000004   Code   RO          760    i.SysTick_Handler   stm32h7xx_it.o
    0x080093b0   0x080093b0   0x000000b8   Code   RO           15    i.SystemClock_Config  main.o
    0x08009468   0x08009468   0x000000dc   Code   RO         6453    i.SystemInit        system_stm32h7xx.o
    0x08009544   0x08009544   0x0000000c   Code   RO          761    i.TIM2_IRQHandler   stm32h7xx_it.o
    0x08009550   0x08009550   0x0000000c   Code   RO          762    i.TIM7_IRQHandler   stm32h7xx_it.o
    0x0800955c   0x0800955c   0x0000000c   Code   RO          763    i.TIM8_UP_TIM13_IRQHandler  stm32h7xx_it.o
    0x08009568   0x08009568   0x000000c4   Code   RO         4068    i.TIM_Base_SetConfig  stm32h7xx_hal_tim.o
    0x0800962c   0x0800962c   0x0000001a   Code   RO         4069    i.TIM_CCxChannelCmd  stm32h7xx_hal_tim.o
    0x08009646   0x08009646   0x00000012   Code   RO         4079    i.TIM_ETR_SetConfig  stm32h7xx_hal_tim.o
    0x08009658   0x08009658   0x00000014   Code   RO         4080    i.TIM_ITRx_SetConfig  stm32h7xx_hal_tim.o
    0x0800966c   0x0800966c   0x000000a8   Code   RO         4081    i.TIM_OC1_SetConfig  stm32h7xx_hal_tim.o
    0x08009714   0x08009714   0x00000098   Code   RO         4082    i.TIM_OC2_SetConfig  stm32h7xx_hal_tim.o
    0x080097ac   0x080097ac   0x00000098   Code   RO         4083    i.TIM_OC3_SetConfig  stm32h7xx_hal_tim.o
    0x08009844   0x08009844   0x00000078   Code   RO         4084    i.TIM_OC4_SetConfig  stm32h7xx_hal_tim.o
    0x080098bc   0x080098bc   0x00000074   Code   RO         4085    i.TIM_OC5_SetConfig  stm32h7xx_hal_tim.o
    0x08009930   0x08009930   0x00000074   Code   RO         4086    i.TIM_OC6_SetConfig  stm32h7xx_hal_tim.o
    0x080099a4   0x080099a4   0x00000022   Code   RO         4088    i.TIM_TI1_ConfigInputStage  stm32h7xx_hal_tim.o
    0x080099c6   0x080099c6   0x00000024   Code   RO         4090    i.TIM_TI2_ConfigInputStage  stm32h7xx_hal_tim.o
    0x080099ea   0x080099ea   0x00000002   PAD
    0x080099ec   0x080099ec   0x00000044   Code   RO         6353    i.UARTEx_SetNbDataToProcess  stm32h7xx_hal_uart_ex.o
    0x08009a30   0x08009a30   0x000000c8   Code   RO         5963    i.UART_AdvFeatureConfig  stm32h7xx_hal_uart.o
    0x08009af8   0x08009af8   0x00000060   Code   RO         5964    i.UART_CheckIdleState  stm32h7xx_hal_uart.o
    0x08009b58   0x08009b58   0x000003ac   Code   RO         5981    i.UART_SetConfig    stm32h7xx_hal_uart.o
    0x08009f04   0x08009f04   0x000000ca   Code   RO         5988    i.UART_WaitOnFlagUntilTimeout  stm32h7xx_hal_uart.o
    0x08009fce   0x08009fce   0x00000002   Code   RO          764    i.UsageFault_Handler  stm32h7xx_it.o
    0x08009fd0   0x08009fd0   0x00000020   Code   RO        11148    i.__0printf         mc_w.l(printfa.o)
    0x08009ff0   0x08009ff0   0x00000030   Code   RO        11221    i.__ARM_fpclassify  m_wm.l(fpclassify.o)
    0x0800a020   0x0800a020   0x00000022   Code   RO         2951    i.__NVIC_SetPriority  stm32h7xx_hal_cortex.o
    0x0800a042   0x0800a042   0x00000006   PAD
    0x0800a048   0x0800a048   0x000000c8   Code   RO        10862    i.__hardfp_cos      m_wm.l(cos.o)
    0x0800a110   0x0800a110   0x000000c8   Code   RO        10874    i.__hardfp_sin      m_wm.l(sin.o)
    0x0800a1d8   0x0800a1d8   0x00000438   Code   RO        11225    i.__ieee754_rem_pio2  m_wm.l(rred.o)
    0x0800a610   0x0800a610   0x00000170   Code   RO        11198    i.__kernel_cos      m_wm.l(cos_i.o)
    0x0800a780   0x0800a780   0x000000f8   Code   RO        11223    i.__kernel_poly     m_wm.l(poly.o)
    0x0800a878   0x0800a878   0x00000130   Code   RO        11230    i.__kernel_sin      m_wm.l(sin_i.o)
    0x0800a9a8   0x0800a9a8   0x00000014   Code   RO        11202    i.__mathlib_dbl_infnan  m_wm.l(dunder.o)
    0x0800a9bc   0x0800a9bc   0x00000004   PAD
    0x0800a9c0   0x0800a9c0   0x00000020   Code   RO        11204    i.__mathlib_dbl_invalid  m_wm.l(dunder.o)
    0x0800a9e0   0x0800a9e0   0x00000020   Code   RO        11207    i.__mathlib_dbl_underflow  m_wm.l(dunder.o)
    0x0800aa00   0x0800aa00   0x0000000e   Code   RO        11274    i.__scatterload_copy  mc_w.l(handlers.o)
    0x0800aa0e   0x0800aa0e   0x00000002   Code   RO        11275    i.__scatterload_null  mc_w.l(handlers.o)
    0x0800aa10   0x0800aa10   0x0000000e   Code   RO        11276    i.__scatterload_zeroinit  mc_w.l(handlers.o)
    0x0800aa1e   0x0800aa1e   0x00000002   PAD
    0x0800aa20   0x0800aa20   0x0000000c   Code   RO        11256    i.__set_errno       mc_w.l(errno.o)
    0x0800aa2c   0x0800aa2c   0x00000184   Code   RO        11155    i._fp_digits        mc_w.l(printfa.o)
    0x0800abb0   0x0800abb0   0x000006dc   Code   RO        11156    i._printf_core      mc_w.l(printfa.o)
    0x0800b28c   0x0800b28c   0x00000024   Code   RO        11157    i._printf_post_padding  mc_w.l(printfa.o)
    0x0800b2b0   0x0800b2b0   0x0000002e   Code   RO        11158    i._printf_pre_padding  mc_w.l(printfa.o)
    0x0800b2de   0x0800b2de   0x00000002   PAD
    0x0800b2e0   0x0800b2e0   0x00000058   Code   RO         7159    i.adc7767_init      ad7767.o
    0x0800b338   0x0800b338   0x00000032   Code   RO         7523    i.binary_to_hex     demodu.o
    0x0800b36a   0x0800b36a   0x00000002   PAD
    0x0800b36c   0x0800b36c   0x0000005c   Code   RO         7160    i.change_buff       ad7767.o
    0x0800b3c8   0x0800b3c8   0x00000070   Code   RO         6544    i.check_fs          ff.o
    0x0800b438   0x0800b438   0x00000010   Code   RO         6545    i.chk_chr           ff.o
    0x0800b448   0x0800b448   0x0000005c   Code   RO         6546    i.chk_lock          ff.o
    0x0800b4a4   0x0800b4a4   0x00000020   Code   RO         6547    i.clear_lock        ff.o
    0x0800b4c4   0x0800b4c4   0x00000024   Code   RO         6548    i.clmt_clust        ff.o
    0x0800b4e8   0x0800b4e8   0x00000018   Code   RO         6549    i.clust2sect        ff.o
    0x0800b500   0x0800b500   0x00000080   Code   RO         6550    i.cmp_lfn           ff.o
    0x0800b580   0x0800b580   0x000000a6   Code   RO         6551    i.create_chain      ff.o
    0x0800b626   0x0800b626   0x00000002   PAD
    0x0800b628   0x0800b628   0x00000204   Code   RO         6552    i.create_name       ff.o
    0x0800b82c   0x0800b82c   0x000000d2   Code   RO         6554    i.dir_find          ff.o
    0x0800b8fe   0x0800b8fe   0x00000002   PAD
    0x0800b900   0x0800b900   0x000000f4   Code   RO         6555    i.dir_next          ff.o
    0x0800b9f4   0x0800b9f4   0x000001e4   Code   RO         6557    i.dir_register      ff.o
    0x0800bbd8   0x0800bbd8   0x00000082   Code   RO         6559    i.dir_sdi           ff.o
    0x0800bc5a   0x0800bc5a   0x00000002   PAD
    0x0800bc5c   0x0800bc5c   0x00000028   Code   RO         6489    i.disk_initialize   diskio.o
    0x0800bc84   0x0800bc84   0x00000018   Code   RO         6490    i.disk_ioctl        diskio.o
    0x0800bc9c   0x0800bc9c   0x0000001c   Code   RO         6491    i.disk_read         diskio.o
    0x0800bcb8   0x0800bcb8   0x00000014   Code   RO         6492    i.disk_status       diskio.o
    0x0800bccc   0x0800bccc   0x0000001c   Code   RO         6493    i.disk_write        diskio.o
    0x0800bce8   0x0800bce8   0x00000070   Code   RO         7443    i.ds1302_read       ds1302.o
    0x0800bd58   0x0800bd58   0x00000064   Code   RO         7444    i.ds1302_write      ds1302.o
    0x0800bdbc   0x0800bdbc   0x0000021a   Code   RO         6564    i.f_lseek           ff.o
    0x0800bfd6   0x0800bfd6   0x00000002   PAD
    0x0800bfd8   0x0800bfd8   0x00000558   Code   RO         6566    i.f_mkfs            ff.o
    0x0800c530   0x0800c530   0x00000058   Code   RO         6567    i.f_mount           ff.o
    0x0800c588   0x0800c588   0x00000218   Code   RO         6568    i.f_open            ff.o
    0x0800c7a0   0x0800c7a0   0x00000046   Code   RO         6576    i.f_stat            ff.o
    0x0800c7e6   0x0800c7e6   0x0000008e   Code   RO         6577    i.f_sync            ff.o
    0x0800c874   0x0800c874   0x0000018c   Code   RO         6580    i.f_write           ff.o
    0x0800ca00   0x0800ca00   0x00000018   Code   RO        11217    i.fabs              m_wm.l(fabs.o)
    0x0800ca18   0x0800ca18   0x0000003c   Code   RO         6975    i.ff_convert        ccsbcs.o
    0x0800ca54   0x0800ca54   0x00000080   Code   RO         6976    i.ff_wtoupper       ccsbcs.o
    0x0800cad4   0x0800cad4   0x00000258   Code   RO         6581    i.find_volume       ff.o
    0x0800cd2c   0x0800cd2c   0x00000074   Code   RO         6582    i.follow_path       ff.o
    0x0800cda0   0x0800cda0   0x00000018   Code   RO          695    i.fputc             usart.o
    0x0800cdb8   0x0800cdb8   0x00000080   Code   RO         6583    i.gen_numname       ff.o
    0x0800ce38   0x0800ce38   0x000000be   Code   RO         6584    i.get_fat           ff.o
    0x0800cef6   0x0800cef6   0x00000004   Code   RO         1117    i.get_fattime       fatfs.o
    0x0800cefa   0x0800cefa   0x000000e8   Code   RO         6585    i.get_fileinfo      ff.o
    0x0800cfe2   0x0800cfe2   0x0000003c   Code   RO         6586    i.get_ldnumber      ff.o
    0x0800d01e   0x0800d01e   0x00000002   PAD
    0x0800d020   0x0800d020   0x00000080   Code   RO         6587    i.inc_lock          ff.o
    0x0800d0a0   0x0800d0a0   0x0000004c   Code   RO         7524    i.init_notch_filter  demodu.o
    0x0800d0ec   0x0800d0ec   0x000000a4   Code   RO         7029    i.itoa              app_work.o
    0x0800d190   0x0800d190   0x00000026   Code   RO         6588    i.ld_clust          ff.o
    0x0800d1b6   0x0800d1b6   0x00000016   Code   RO         6589    i.ld_dword          ff.o
    0x0800d1cc   0x0800d1cc   0x0000000a   Code   RO         6590    i.ld_word           ff.o
    0x0800d1d6   0x0800d1d6   0x00000002   PAD
    0x0800d1d8   0x0800d1d8   0x000003ac   Code   RO           16    i.main              main.o
    0x0800d584   0x0800d584   0x00000012   Code   RO         6591    i.mem_cpy           ff.o
    0x0800d596   0x0800d596   0x00000002   PAD
    0x0800d598   0x0800d598   0x0000000e   Code   RO         6592    i.mem_set           ff.o
    0x0800d5a6   0x0800d5a6   0x00000032   Code   RO         6593    i.move_window       ff.o
    0x0800d5d8   0x0800d5d8   0x00000040   Code   RO         7525    i.multiChannelNotchFilter1  demodu.o
    0x0800d618   0x0800d618   0x00000040   Code   RO         7526    i.multiChannelNotchFilter2  demodu.o
    0x0800d658   0x0800d658   0x00000040   Code   RO         7527    i.multiChannelNotchFilter3  demodu.o
    0x0800d698   0x0800d698   0x00000040   Code   RO         7528    i.multiChannelNotchFilter4  demodu.o
    0x0800d6d8   0x0800d6d8   0x000000c8   Code   RO         7529    i.process_buffer_and_sum1  demodu.o
    0x0800d7a0   0x0800d7a0   0x000000cc   Code   RO         7530    i.process_buffer_and_sum2  demodu.o
    0x0800d86c   0x0800d86c   0x000000d0   Code   RO         7531    i.process_buffer_and_sum3  demodu.o
    0x0800d93c   0x0800d93c   0x000000c4   Code   RO         7532    i.process_buffer_and_sum4  demodu.o
    0x0800da00   0x0800da00   0x0000010c   Code   RO         7533    i.process_notch_filter  demodu.o
    0x0800db0c   0x0800db0c   0x000000f0   Code   RO         6595    i.put_fat           ff.o
    0x0800dbfc   0x0800dbfc   0x00000074   Code   RO         6598    i.remove_chain      ff.o
    0x0800dc70   0x0800dc70   0x00000028   Code   RO         6599    i.st_clust          ff.o
    0x0800dc98   0x0800dc98   0x00000010   Code   RO         6600    i.st_dword          ff.o
    0x0800dca8   0x0800dca8   0x00000008   Code   RO         6601    i.st_word           ff.o
    0x0800dcb0   0x0800dcb0   0x0000001c   Code   RO         6602    i.sum_sfn           ff.o
    0x0800dccc   0x0800dccc   0x00000088   Code   RO         6603    i.sync_fs           ff.o
    0x0800dd54   0x0800dd54   0x00000052   Code   RO         6604    i.sync_window       ff.o
    0x0800dda6   0x0800dda6   0x00000034   Code   RO         6605    i.validate          ff.o
    0x0800ddda   0x0800ddda   0x00000002   PAD
    0x0800dddc   0x0800dddc   0x00000014   Data   RO         1020    .constdata          sd_diskio.o
    0x0800ddf0   0x0800ddf0   0x00000008   Data   RO         2242    .constdata          stm32h7xx_hal_dma.o
    0x0800ddf8   0x0800ddf8   0x00000018   Data   RO         5989    .constdata          stm32h7xx_hal_uart.o
    0x0800de10   0x0800de10   0x00000010   Data   RO         6354    .constdata          stm32h7xx_hal_uart_ex.o
    0x0800de20   0x0800de20   0x00000010   Data   RO         6454    .constdata          system_stm32h7xx.o
    0x0800de30   0x0800de30   0x000000aa   Data   RO         6607    .constdata          ff.o
    0x0800deda   0x0800deda   0x000003ae   Data   RO         6977    .constdata          ccsbcs.o
    0x0800e288   0x0800e288   0x00000032   Data   RO         7446    .constdata          ds1302.o
    0x0800e2ba   0x0800e2ba   0x00000002   PAD
    0x0800e2bc   0x0800e2bc   0x00000018   Data   RO        10691    .constdata          eventrecorder.o
    0x0800e2d4   0x0800e2d4   0x00000004   PAD
    0x0800e2d8   0x0800e2d8   0x00000030   Data   RO        11199    .constdata          m_wm.l(cos_i.o)
    0x0800e308   0x0800e308   0x000000c8   Data   RO        11227    .constdata          m_wm.l(rred.o)
    0x0800e3d0   0x0800e3d0   0x00000028   Data   RO        11231    .constdata          m_wm.l(sin_i.o)
    0x0800e3f8   0x0800e3f8   0x0000001c   Data   RO           17    .conststring        main.o
    0x0800e414   0x0800e414   0x000002b4   Data   RO         7237    .conststring        sdtest.o
    0x0800e6c8   0x0800e6c8   0x00000020   Data   RO        11272    Region$$Table       anon$$obj.o


    Execution Region RW_IRAM1 (Exec base: 0x20000000, Load base: 0x0800e6e8, Size: 0x00000000, Max: 0x00020000, ABSOLUTE)

    **** No section assigned to this execution region ****


    Execution Region RW_IRAM2 (Exec base: 0x24000000, Load base: 0x0800e6e8, Size: 0x00003e28, Max: 0x00080000, ABSOLUTE, COMPRESSED[0x0000008c])

    Exec Addr    Load Addr    Size         Type   Attr      Idx    E Section Name        Object

    0x24000000   COMPRESSED   0x00000010   Data   RW           18    .data               main.o
    0x24000010   COMPRESSED   0x0000000c   Data   RW         1021    .data               sd_diskio.o
    0x2400001c   COMPRESSED   0x00000005   Data   RW         1120    .data               fatfs.o
    0x24000021   COMPRESSED   0x00000003   PAD
    0x24000024   COMPRESSED   0x0000000c   Data   RW         3121    .data               stm32h7xx_hal.o
    0x24000030   COMPRESSED   0x00000008   Data   RW         6455    .data               system_stm32h7xx.o
    0x24000038   COMPRESSED   0x00000008   Data   RW         6608    .data               ff.o
    0x24000040   COMPRESSED   0x00000020   Data   RW         7031    .data               app_work.o
    0x24000060   COMPRESSED   0x00000004   Data   RW         7033    .data               app_work.o
    0x24000064   COMPRESSED   0x00000004   Data   RW         7034    .data               app_work.o
    0x24000068   COMPRESSED   0x00000018   Data   RW         7166    .data               ad7767.o
    0x24000080   COMPRESSED   0x00000083   Data   RW         7238    .data               sdtest.o
    0x24000103   COMPRESSED   0x00000015   Data   RW         7398    .data               max3221.o
    0x24000118   COMPRESSED   0x00000004   Data   RW         7447    .data               ds1302.o
    0x2400011c   COMPRESSED   0x00000038   Data   RW         7535    .data               demodu.o
    0x24000154   COMPRESSED   0x00000004   Data   RW        10893    .data               mc_w.l(stdout.o)
    0x24000158   COMPRESSED   0x00000004   Data   RW        11257    .data               mc_w.l(errno.o)
    0x2400015c        -       0x00000064   Zero   RW          331    .bss                adc.o
    0x240001c0        -       0x0000004c   Zero   RW          397    .bss                i2c.o
    0x2400020c        -       0x0000006c   Zero   RW          437    .bss                mdma.o
    0x24000278        -       0x0000007c   Zero   RW          472    .bss                sdmmc.o
    0x240002f4        -       0x00000100   Zero   RW          529    .bss                spi.o
    0x240003f4        -       0x000001c8   Zero   RW          582    .bss                tim.o
    0x240005bc        -       0x00000120   Zero   RW          696    .bss                usart.o
    0x240006dc   COMPRESSED   0x00000004   PAD
    0x240006e0        -       0x00000200   Zero   RW         1019    .bss                sd_diskio.o
    0x240008e0        -       0x00000020   Zero   RW         6606    .bss                ff.o
    0x24000900        -       0x0000000c   Zero   RW         6905    .bss                ff_gen_drv.o
    0x2400090c        -       0x00000320   Zero   RW         7161    .bss                ad7767.o
    0x24000c2c        -       0x00000b7c   Zero   RW         7236    .bss                sdtest.o
    0x240017a8        -       0x00000018   Zero   RW         7445    .bss                ds1302.o
    0x240017c0        -       0x000001c0   Zero   RW         7534    .bss                demodu.o
    0x24001980        -       0x000004a4   Zero   RW        10690    .bss.noinit         eventrecorder.o
    0x24001e24   COMPRESSED   0x00000004   PAD
    0x24001e28        -       0x00002000   Zero   RW            1    STACK               startup_stm32h750xx.o


==============================================================================

Image component sizes


      Code (inc. data)   RO Data    RW Data    ZI Data      Debug   Object Name

       382         46          0         24        800       3975   ad7767.o
       188         22          0          0        100       1901   adc.o
       860        234          0         40          0       8992   app_work.o
       182         22          0          0          0       5393   bsp_driver_sd.o
       188         24        942          0          0       3031   ccsbcs.o
      1458        140          0         56        448      11152   demodu.o
       140         26          0          0          0       4001   diskio.o
        44          4          0          0          0        938   dma.o
       668         96         50          4         24       5175   ds1302.o
         0          0         24          0       1188       4237   eventrecorder.o
        32         10          0          5          0       1728   fatfs.o
        24          4          0          0          0        597   fatfs_platform.o
      7652        172        170          8         32      46886   ff.o
        70          6          0          0         12       1743   ff_gen_drv.o
       376         24          0          0          0       1279   gpio.o
       288         24          0          0         76       2133   i2c.o
      1196        346         28         16          0    1424551   main.o
        72         12          0         21          0       1299   max3221.o
       116         12          0          0        108       1324   mdma.o
       324         76          0          0          0       4703   mpu6050.o
       848         48         20         12        512      44124   sd_diskio.o
       280         48          0          0        124       3069   sdmmc.o
      1532        780        692        131       2940       4928   sdtest.o
       284         30          0          0        256       2066   spi.o
        36          8        664          0       8192        856   startup_stm32h750xx.o
       248         48          0         12          0      24300   stm32h7xx_hal.o
      2592        212          0          0          0      73440   stm32h7xx_hal_adc.o
       388         28          0          0          0      42827   stm32h7xx_hal_cortex.o
      3912        152          8          0          0       8863   stm32h7xx_hal_dma.o
       984         94          0          0          0       5341   stm32h7xx_hal_gpio.o
      1704         38          0          0          0      12626   stm32h7xx_hal_i2c.o
       172          0          0          0          0       2151   stm32h7xx_hal_i2c_ex.o
       358          6          0          0          0       3049   stm32h7xx_hal_mdma.o
        28          6          0          0          0        978   stm32h7xx_hal_msp.o
        72         18          0          0          0       1205   stm32h7xx_hal_pwr.o
        84          6          0          0          0        809   stm32h7xx_hal_pwr_ex.o
      2384        108          0          0          0       7300   stm32h7xx_hal_rcc.o
      4466        172          0          0          0      10667   stm32h7xx_hal_rcc_ex.o
      3376         66          0          0          0      20132   stm32h7xx_hal_sd.o
      2604         18          0          0          0      12145   stm32h7xx_hal_spi.o
      2908        276          0          0          0      20341   stm32h7xx_hal_tim.o
       170         30          0          0          0       3316   stm32h7xx_hal_tim_ex.o
      1734        106         24          0          0      26258   stm32h7xx_hal_uart.o
       284          6         16          0          0       3917   stm32h7xx_hal_uart_ex.o
       128         60          0          0          0       7806   stm32h7xx_it.o
      1802         72          0          0          0      25885   stm32h7xx_ll_sdmmc.o
       220         40         16          8          0       1558   system_stm32h7xx.o
       984        128          0          0        456       9987   tim.o
       444         46          0          0        288       4555   usart.o

    ----------------------------------------------------------------------
     49364       3950       2692        340      15564    1919537   Object Totals
         0          0         32          0          0          0   (incl. Generated)
        78          0          6          3          8          0   (incl. Padding)

    ----------------------------------------------------------------------

      Code (inc. data)   RO Data    RW Data    ZI Data      Debug   Library Member Name

       200         20          0          0          0        164   cos.o
       368         46         48          0          0        200   cos_i.o
        84         16          0          0          0        372   dunder.o
        24          0          0          0          0        124   fabs.o
        48          0          0          0          0        124   fpclassify.o
       248          0          0          0          0        152   poly.o
      1080        142        200          0          0        188   rred.o
       200         20          0          0          0        164   sin.o
       304         24         40          0          0        208   sin_i.o
        86          0          0          0          0          0   __dczerorl2.o
         0          0          0          0          0          0   entry.o
         0          0          0          0          0          0   entry10a.o
         0          0          0          0          0          0   entry11a.o
         8          4          0          0          0          0   entry2.o
         4          0          0          0          0          0   entry5.o
         0          0          0          0          0          0   entry7b.o
         0          0          0          0          0          0   entry8b.o
         8          4          0          0          0          0   entry9a.o
        12          6          0          4          0         68   errno.o
        30          0          0          0          0          0   handlers.o
        36          8          0          0          0         68   init.o
         0          0          0          0          0          0   iusefp.o
        30          0          0          0          0         68   llshl.o
        36          0          0          0          0         68   llsshr.o
        32          0          0          0          0         68   llushr.o
        36          0          0          0          0         68   memcpya.o
        36          0          0          0          0        108   memseta.o
      2258         90          0          0          0        452   printfa.o
         0          0          0          4          0          0   stdout.o
        24          0          0          0          0         68   strcat.o
        18          0          0          0          0         68   strcpy.o
        14          0          0          0          0         68   strlen.o
        44          0          0          0          0         80   uidiv.o
        98          0          0          0          0         92   uldiv.o
        48          0          0          0          0         68   cdrcmple.o
        56          0          0          0          0         88   d2f.o
       334          0          0          0          0        148   dadd.o
       222          0          0          0          0        100   ddiv.o
       186          0          0          0          0        176   depilogue.o
        62          0          0          0          0         80   dfixi.o
        48          0          0          0          0         68   dfixul.o
        34          0          0          0          0         76   dflti.o
        26          0          0          0          0         76   dfltui.o
       228          0          0          0          0         96   dmul.o
        38          0          0          0          0         68   f2d.o
       110          0          0          0          0        168   fepilogue.o

    ----------------------------------------------------------------------
      6768        380        288          8          0       4252   Library Totals
        10          0          0          0          0          0   (incl. Padding)

    ----------------------------------------------------------------------

      Code (inc. data)   RO Data    RW Data    ZI Data      Debug   Library Name

      2556        268        288          0          0       1696   m_wm.l
      2810        112          0          8          0       1344   mc_w.l
      1392          0          0          0          0       1212   mf_w.l

    ----------------------------------------------------------------------
      6768        380        288          8          0       4252   Library Totals

    ----------------------------------------------------------------------

==============================================================================


      Code (inc. data)   RO Data    RW Data    ZI Data      Debug   

     56132       4330       2980        348      15564    1888621   Grand Totals
     56132       4330       2980        140      15564    1888621   ELF Image Totals (compressed)
     56132       4330       2980        140          0          0   ROM Totals

==============================================================================

    Total RO  Size (Code + RO Data)                59112 (  57.73kB)
    Total RW  Size (RW Data + ZI Data)             15912 (  15.54kB)
    Total ROM Size (Code + RO Data + RW Data)      59252 (  57.86kB)

==============================================================================

