<html>
<body>
<pre>
<h1>µVision Build Log</h1>
<h2>Tool Versions:</h2>
IDE-Version: ¦ÌVision V5.42.0.0
Copyright (C) 2025 ARM Ltd and ARM Germany GmbH. All rights reserved.
License Information: df d, s, LIC=YA39H-WSW9I-QDCKD-80XNC-19VM0-KDGNQ
 
Tool Versions:
Toolchain:       MDK-ARM Plus  Version: 5.42.0.0
Toolchain Path:  D:\software\mdk\ARM\ARMAC5\Bin
C Compiler:      Armcc.exe V5.06 update 7 (build 960)
Assembler:       Armasm.exe V5.06 update 7 (build 960)
Linker/Locator:  ArmLink.exe V5.06 update 7 (build 960)
Library Manager: ArmAr.exe V5.06 update 7 (build 960)
Hex Converter:   FromElf.exe V5.06 update 7 (build 960)
CPU DLL:         SARMCM3.DLL V5.42.0.0
Dialog DLL:      DCM.DLL V1.17.5.0
Target DLL:      CMSIS_AGDI.dll V1.33.22.0
Dialog DLL:      TCM.DLL V1.56.6.0
 
<h2>Project:</h2>
D:\admin\×ÀÃæ\projiect\notch-filter\example\STM32_DSSS\STM32_DSSS\USER\Demo_DSSS.uvprojx
Project File Date:  04/23/2025

<h2>Output:</h2>
*** Using Compiler 'V5.06 update 7 (build 960)', folder: 'D:\software\mdk\ARM\ARMAC5\Bin'
Build target 'Demo_DSSS'
assembling startup_stm32h743xx.s...
compiling stm32h7xx_hal_cortex.c...
compiling stm32h7xx_hal_pwr_ex.c...
compiling stm32h7xx_hal_pwr.c...
compiling stm32h7xx_hal_gpio.c...
compiling stm32h7xx_hal_dma.c...
compiling stm32h7xx_hal_rcc.c...
compiling stm32h7xx_hal_rcc_ex.c...
compiling stm32h7xx_hal.c...
compiling stm32h7xx_hal_mdma.c...
compiling stm32h7xx_hal_dma_ex.c...
compiling stm32h7xx_hal_uart.c...
compiling stm32h7xx_hal_uart_ex.c...
compiling stm32h7xx_hal_sdram.c...
compiling stm32h7xx_ll_fmc.c...
compiling stm32h7xx_hal_usart.c...
compiling stm32h7xx_hal_tim_ex.c...
compiling stm32h7xx_hal_nand.c...
compiling stm32h7xx_hal_rtc.c...
compiling stm32h7xx_hal_rtc_ex.c...
compiling stm32h7xx_hal_qspi.c...
compiling stm32h7xx_hal_tim.c...
compiling stm32h7xx_hal_spi.c...
compiling ffunicode.c...
compiling stm32h7xx_hal_spi_ex.c...
compiling stm32h7xx_hal_sram.c...
compiling diskio.c...
compiling delay.c...
compiling sys.c...
compiling exfuns.c...
compiling ffsystem.c...
compiling fattester.c...
compiling ff.c...
compiling led.c...
compiling rtc.c...
compiling ftl.c...
compiling key.c...
compiling malloc.c...
compiling sdram.c...
compiling qspi.c...
compiling timer.c...
compiling usart.c...
compiling nand.c...
compiling exti.c...
compiling sdmmc.c...
compiling iic.c...
compiling sys_init.c...
compiling logic_ctrl.c...
compiling modulate.c...
compiling parameter.c...
compiling demodulate.c...
compiling main.c...
compiling stm32h7xx_it.c...
compiling function.c...
compiling store.c...
compiling system_stm32h7xx.c...
compiling stm32h7xx_hal_msp.c...
linking...
Program Size: Code=78840 RO-data=296320 RW-data=1488 ZI-data=32478224  
FromELF: creating hex file...
"..\OBJ\DSSS.axf" - 0 Error(s), 0 Warning(s).

<h2>Software Packages used:</h2>

Package Vendor: Keil
                https://www.keil.com/pack/Keil.STM32H7xx_DFP.4.0.0.pack
                Keil::STM32H7xx_DFP@4.0.0
                STMicroelectronics STM32H7 Series Device Support

<h2>Collection of Component include folders:</h2>

<h2>Collection of Component Files used:</h2>
Build Time Elapsed:  00:00:04
</pre>
</body>
</html>
